Archive member included to satisfy reference by file (symbol)

d:/gcc-arm-none-eabi-10.3-2021.10/bin/../lib/gcc/arm-none-eabi/10.3.1/../../../../arm-none-eabi/lib/thumb/v7e-m+fp/hard\libc_nano.a(lib_a-exit.o)
                              d:/gcc-arm-none-eabi-10.3-2021.10/bin/../lib/gcc/arm-none-eabi/10.3.1/../../../../arm-none-eabi/lib/thumb/v7e-m+fp/hard/crt0.o (exit)
d:/gcc-arm-none-eabi-10.3-2021.10/bin/../lib/gcc/arm-none-eabi/10.3.1/../../../../arm-none-eabi/lib/thumb/v7e-m+fp/hard\libc_nano.a(lib_a-impure.o)
                              d:/gcc-arm-none-eabi-10.3-2021.10/bin/../lib/gcc/arm-none-eabi/10.3.1/../../../../arm-none-eabi/lib/thumb/v7e-m+fp/hard\libc_nano.a(lib_a-exit.o) (_global_impure_ptr)
d:/gcc-arm-none-eabi-10.3-2021.10/bin/../lib/gcc/arm-none-eabi/10.3.1/../../../../arm-none-eabi/lib/thumb/v7e-m+fp/hard\libc_nano.a(lib_a-init.o)
                              d:/gcc-arm-none-eabi-10.3-2021.10/bin/../lib/gcc/arm-none-eabi/10.3.1/../../../../arm-none-eabi/lib/thumb/v7e-m+fp/hard/crt0.o (__libc_init_array)
d:/gcc-arm-none-eabi-10.3-2021.10/bin/../lib/gcc/arm-none-eabi/10.3.1/../../../../arm-none-eabi/lib/thumb/v7e-m+fp/hard\libc_nano.a(lib_a-memcpy-stub.o)
                              build/queue.o (memcpy)
d:/gcc-arm-none-eabi-10.3-2021.10/bin/../lib/gcc/arm-none-eabi/10.3.1/../../../../arm-none-eabi/lib/thumb/v7e-m+fp/hard\libc_nano.a(lib_a-memset.o)
                              d:/gcc-arm-none-eabi-10.3-2021.10/bin/../lib/gcc/arm-none-eabi/10.3.1/../../../../arm-none-eabi/lib/thumb/v7e-m+fp/hard/crt0.o (memset)
d:/gcc-arm-none-eabi-10.3-2021.10/bin/../lib/gcc/arm-none-eabi/10.3.1/../../../../arm-none-eabi/lib/thumb/v7e-m+fp/hard\libc_nano.a(lib_a-sprintf.o)
                              build/spi.o (sprintf)
d:/gcc-arm-none-eabi-10.3-2021.10/bin/../lib/gcc/arm-none-eabi/10.3.1/../../../../arm-none-eabi/lib/thumb/v7e-m+fp/hard\libc_nano.a(lib_a-strcpy.o)
                              build/spi.o (strcpy)
d:/gcc-arm-none-eabi-10.3-2021.10/bin/../lib/gcc/arm-none-eabi/10.3.1/../../../../arm-none-eabi/lib/thumb/v7e-m+fp/hard\libc_nano.a(lib_a-strlen.o)
                              build/spi.o (strlen)
d:/gcc-arm-none-eabi-10.3-2021.10/bin/../lib/gcc/arm-none-eabi/10.3.1/../../../../arm-none-eabi/lib/thumb/v7e-m+fp/hard\libc_nano.a(lib_a-vsnprintf.o)
                              build/usart.o (vsnprintf)
d:/gcc-arm-none-eabi-10.3-2021.10/bin/../lib/gcc/arm-none-eabi/10.3.1/../../../../arm-none-eabi/lib/thumb/v7e-m+fp/hard\libc_nano.a(lib_a-nano-svfprintf.o)
                              d:/gcc-arm-none-eabi-10.3-2021.10/bin/../lib/gcc/arm-none-eabi/10.3.1/../../../../arm-none-eabi/lib/thumb/v7e-m+fp/hard\libc_nano.a(lib_a-sprintf.o) (_svfprintf_r)
d:/gcc-arm-none-eabi-10.3-2021.10/bin/../lib/gcc/arm-none-eabi/10.3.1/../../../../arm-none-eabi/lib/thumb/v7e-m+fp/hard\libc_nano.a(lib_a-nano-vfprintf_i.o)
                              d:/gcc-arm-none-eabi-10.3-2021.10/bin/../lib/gcc/arm-none-eabi/10.3.1/../../../../arm-none-eabi/lib/thumb/v7e-m+fp/hard\libc_nano.a(lib_a-nano-svfprintf.o) (_printf_i)
d:/gcc-arm-none-eabi-10.3-2021.10/bin/../lib/gcc/arm-none-eabi/10.3.1/../../../../arm-none-eabi/lib/thumb/v7e-m+fp/hard\libc_nano.a(lib_a-memchr.o)
                              d:/gcc-arm-none-eabi-10.3-2021.10/bin/../lib/gcc/arm-none-eabi/10.3.1/../../../../arm-none-eabi/lib/thumb/v7e-m+fp/hard\libc_nano.a(lib_a-nano-svfprintf.o) (memchr)
d:/gcc-arm-none-eabi-10.3-2021.10/bin/../lib/gcc/arm-none-eabi/10.3.1/../../../../arm-none-eabi/lib/thumb/v7e-m+fp/hard\libc_nano.a(lib_a-memmove.o)
                              d:/gcc-arm-none-eabi-10.3-2021.10/bin/../lib/gcc/arm-none-eabi/10.3.1/../../../../arm-none-eabi/lib/thumb/v7e-m+fp/hard\libc_nano.a(lib_a-nano-svfprintf.o) (memmove)
d:/gcc-arm-none-eabi-10.3-2021.10/bin/../lib/gcc/arm-none-eabi/10.3.1/../../../../arm-none-eabi/lib/thumb/v7e-m+fp/hard\libc_nano.a(lib_a-nano-freer.o)
                              d:/gcc-arm-none-eabi-10.3-2021.10/bin/../lib/gcc/arm-none-eabi/10.3.1/../../../../arm-none-eabi/lib/thumb/v7e-m+fp/hard\libc_nano.a(lib_a-nano-svfprintf.o) (_free_r)
d:/gcc-arm-none-eabi-10.3-2021.10/bin/../lib/gcc/arm-none-eabi/10.3.1/../../../../arm-none-eabi/lib/thumb/v7e-m+fp/hard\libc_nano.a(lib_a-nano-mallocr.o)
                              d:/gcc-arm-none-eabi-10.3-2021.10/bin/../lib/gcc/arm-none-eabi/10.3.1/../../../../arm-none-eabi/lib/thumb/v7e-m+fp/hard\libc_nano.a(lib_a-nano-svfprintf.o) (_malloc_r)
d:/gcc-arm-none-eabi-10.3-2021.10/bin/../lib/gcc/arm-none-eabi/10.3.1/../../../../arm-none-eabi/lib/thumb/v7e-m+fp/hard\libc_nano.a(lib_a-nano-reallocr.o)
                              d:/gcc-arm-none-eabi-10.3-2021.10/bin/../lib/gcc/arm-none-eabi/10.3.1/../../../../arm-none-eabi/lib/thumb/v7e-m+fp/hard\libc_nano.a(lib_a-nano-svfprintf.o) (_realloc_r)
d:/gcc-arm-none-eabi-10.3-2021.10/bin/../lib/gcc/arm-none-eabi/10.3.1/../../../../arm-none-eabi/lib/thumb/v7e-m+fp/hard\libc_nano.a(lib_a-sbrkr.o)
[...]
Memory Configuration

Name             Origin             Length             Attributes
RAM              0x20000000         0x00030000         xrw
CCMRAM           0x10000000         0x00010000         xrw
FLASH            0x08000000         0x00100000         xr
*default*        0x00000000         0xffffffff

Linker script and memory map

LOAD d:/gcc-arm-none-eabi-10.3-2021.10/bin/../lib/gcc/arm-none-eabi/10.3.1/thumb/v7e-m+fp/hard/crti.o
LOAD d:/gcc-arm-none-eabi-10.3-2021.10/bin/../lib/gcc/arm-none-eabi/10.3.1/thumb/v7e-m+fp/hard/crtbegin.o
LOAD d:/gcc-arm-none-eabi-10.3-2021.10/bin/../lib/gcc/arm-none-eabi/10.3.1/../../../../arm-none-eabi/lib/thumb/v7e-m+fp/hard/crt0.o
LOAD build/main.o
LOAD build/gpio.o
LOAD build/dma.o
LOAD build/tim.o
LOAD build/motor.o
LOAD build/bsp_as5600.o
LOAD build/usart.o
LOAD build/stm32f4xx_it.o
LOAD build/stm32f4xx_hal_msp.o
LOAD build/stm32f4xx_hal_tim.o
LOAD build/stm32f4xx_hal_tim_ex.o
LOAD build/stm32f4xx_hal_rcc.o
LOAD build/stm32f4xx_hal_rcc_ex.o
LOAD build/stm32f4xx_hal_flash.o
LOAD build/stm32f4xx_hal_flash_ex.o
LOAD build/stm32f4xx_hal_flash_ramfunc.o
LOAD build/stm32f4xx_hal_gpio.o
LOAD build/stm32f4xx_hal_dma_ex.o
LOAD build/stm32f4xx_hal_dma.o
LOAD build/stm32f4xx_hal_pwr.o
LOAD build/stm32f4xx_hal_pwr_ex.o
LOAD build/stm32f4xx_hal_cortex.o
LOAD build/stm32f4xx_hal.o
LOAD build/stm32f4xx_hal_exti.o
LOAD build/stm32f4xx_hal_uart.o
LOAD build/arm_sin_f32.o
LOAD build/arm_common_tables.o
LOAD build/system_stm32f4xx.o
LOAD build/spi.o
LOAD build/lcd_fonts.o
LOAD build/stm32f4xx_hal_spi.o
LOAD build/stm32f4xx_hal_timebase_tim.o
LOAD build/freertos.o
LOAD build/croutine.o
LOAD build/event_groups.o
LOAD build/list.o
LOAD build/queue.o
LOAD build/stream_buffer.o
LOAD build/tasks.o
LOAD build/timers.o
LOAD build/heap_4.o
LOAD build/port.o
LOAD build/cmsis_os2.o
LOAD build/i2c.o
LOAD build/stm32f4xx_hal_i2c.o
LOAD build/stm32f4xx_hal_i2c_ex.o
LOAD build/startup_stm32f429xx.o
LOAD d:/gcc-arm-none-eabi-10.3-2021.10/bin/../lib/gcc/arm-none-eabi/10.3.1/../../../../arm-none-eabi/lib/thumb/v7e-m+fp/hard\libc_nano.a
LOAD d:/gcc-arm-none-eabi-10.3-2021.10/bin/../lib/gcc/arm-none-eabi/10.3.1/../../../../arm-none-eabi/lib/thumb/v7e-m+fp/hard\libm.a
LOAD d:/gcc-arm-none-eabi-10.3-2021.10/bin/../lib/gcc/arm-none-eabi/10.3.1/../../../../arm-none-eabi/lib/thumb/v7e-m+fp/hard\libnosys.a
START GROUP
LOAD d:/gcc-arm-none-eabi-10.3-2021.10/bin/../lib/gcc/arm-none-eabi/10.3.1/thumb/v7e-m+fp/hard\libgcc.a
LOAD d:/gcc-arm-none-eabi-10.3-2021.10/bin/../lib/gcc/arm-none-eabi/10.3.1/../../../../arm-none-eabi/lib/thumb/v7e-m+fp/hard\libc_nano.a
END GROUP
START GROUP
LOAD d:/gcc-arm-none-eabi-10.3-2021.10/bin/../lib/gcc/arm-none-eabi/10.3.1/thumb/v7e-m+fp/hard\libgcc.a
LOAD d:/gcc-arm-none-eabi-10.3-2021.10/bin/../lib/gcc/arm-none-eabi/10.3.1/../../../../arm-none-eabi/lib/thumb/v7e-m+fp/hard\libc_nano.a
END GROUP
LOAD d:/gcc-arm-none-eabi-10.3-2021.10/bin/../lib/gcc/arm-none-eabi/10.3.1/thumb/v7e-m+fp/hard/crtend.o
LOAD d:/gcc-arm-none-eabi-10.3-2021.10/bin/../lib/gcc/arm-none-eabi/10.3.1/thumb/v7e-m+fp/hard/crtn.o
                0x20030000                _estack = (ORIGIN (RAM) + LENGTH (RAM))
                0x00000200                _Min_Heap_Size = 0x200
                0x00000400                _Min_Stack_Size = 0x400

.isr_vector     0x08000000      0x1ac
                0x08000000                . = ALIGN (0x4)
 *(.isr_vector)
 .isr_vector    0x08000000      0x1ac build/startup_stm32f429xx.o
                0x08000000                g_pfnVectors
                0x080001ac                . = ALIGN (0x4)

.text           0x080001b0     0x96dc
                0x080001b0                . = ALIGN (0x4)
 *(.text)
 .text          0x080001b0       0x40 d:/gcc-arm-none-eabi-10.3-2021.10/bin/../lib/gcc/arm-none-eabi/10.3.1/thumb/v7e-m+fp/hard/crtbegin.o
 .text          0x080001f0       0x10 d:/gcc-arm-none-eabi-10.3-2021.10/bin/../lib/gcc/arm-none-eabi/10.3.1/../../../../arm-none-eabi/lib/thumb/v7e-m+fp/hard\libc_nano.a(lib_a-strlen.o)
                0x080001f0                strlen
 .text          0x08000200       0xa0 d:/gcc-arm-none-eabi-10.3-2021.10/bin/../lib/gcc/arm-none-eabi/10.3.1/../../../../arm-none-eabi/lib/thumb/v7e-m+fp/hard\libc_nano.a(lib_a-memchr.o)
                0x08000200                memchr
 .text          0x080002a0      0x378 d:/gcc-arm-none-eabi-10.3-2021.10/bin/../lib/gcc/arm-none-eabi/10.3.1/thumb/v7e-m+fp/hard\libgcc.a(_arm_addsubdf3.o)
                0x080002a0                __aeabi_drsub
                0x080002a8                __aeabi_dsub
                0x080002a8                __subdf3
                0x080002ac                __aeabi_dadd
                0x080002ac                __adddf3
                0x08000524                __floatunsidf
                0x08000524                __aeabi_ui2d
                0x08000544                __floatsidf
                0x08000544                __aeabi_i2d
                0x08000568                __aeabi_f2d
                0x08000568                __extendsfdf2
                0x080005ac                __floatundidf
                0x080005ac                __aeabi_ul2d
                0x080005bc                __floatdidf
                0x080005bc                __aeabi_l2d
 .text          0x08000618      0x424 d:/gcc-arm-none-eabi-10.3-2021.10/bin/../lib/gcc/arm-none-eabi/10.3.1/thumb/v7e-m+fp/hard\libgcc.a(_arm_muldivdf3.o)
                0x08000618                __aeabi_dmul
                0x08000618                __muldf3
                0x0800086c                __divdf3
                0x0800086c                __aeabi_ddiv
 .text          0x08000a3c      0x110 d:/gcc-arm-none-eabi-10.3-2021.10/bin/../lib/gcc/arm-none-eabi/10.3.1/thumb/v7e-m+fp/hard\libgcc.a(_arm_cmpdf2.o)
                0x08000a3c                __gtdf2
                0x08000a3c                __gedf2
                0x08000a44                __ltdf2
                0x08000a44                __ledf2
                0x08000a4c                __nedf2
                0x08000a4c                __eqdf2
                0x08000a4c                __cmpdf2
                0x08000ac8                __aeabi_cdrcmple
                0x08000ad8                __aeabi_cdcmpeq
                0x08000ad8                __aeabi_cdcmple
                0x08000ae8                __aeabi_dcmpeq
                0x08000afc                __aeabi_dcmplt
                0x08000b10                __aeabi_dcmple
                0x08000b24                __aeabi_dcmpge
                0x08000b38                __aeabi_dcmpgt
 .text          0x08000b4c       0x2c d:/gcc-arm-none-eabi-10.3-2021.10/bin/../lib/gcc/arm-none-eabi/10.3.1/thumb/v7e-m+fp/hard\libgcc.a(_arm_unorddf2.o)
                0x08000b4c                __unorddf2
                0x08000b4c                __aeabi_dcmpun
 .text          0x08000b78       0x50 d:/gcc-arm-none-eabi-10.3-2021.10/bin/../lib/gcc/arm-none-eabi/10.3.1/thumb/v7e-m+fp/hard\libgcc.a(_arm_fixdfsi.o)
                0x08000b78                __aeabi_d2iz
                0x08000b78                __fixdfsi
 .text          0x08000bc8       0xa0 d:/gcc-arm-none-eabi-10.3-2021.10/bin/../lib/gcc/arm-none-eabi/10.3.1/thumb/v7e-m+fp/hard\libgcc.a(_arm_truncdfsf2.o)
                0x08000bc8                __truncdfsf2
                0x08000bc8                __aeabi_d2f
 .text          0x08000c68       0x30 d:/gcc-arm-none-eabi-10.3-2021.10/bin/../lib/gcc/arm-none-eabi/10.3.1/thumb/v7e-m+fp/hard\libgcc.a(_aeabi_uldivmod.o)
                0x08000c68                __aeabi_uldivmod
 .text          0x08000c98      0x2d0 d:/gcc-arm-none-eabi-10.3-2021.10/bin/../lib/gcc/arm-none-eabi/10.3.1/thumb/v7e-m+fp/hard\libgcc.a(_udivmoddi4.o)
                0x08000c98                __udivmoddi4
 .text          0x08000f68        0x4 d:/gcc-arm-none-eabi-10.3-2021.10/bin/../lib/gcc/arm-none-eabi/10.3.1/thumb/v7e-m+fp/hard\libgcc.a(_dvmd_tls.o)
                0x08000f68                __aeabi_idiv0
                0x08000f68                __aeabi_ldiv0
 *(.text*)
 .text.HAL_TIM_PeriodElapsedCallback
                0x08000f6c       0x18 build/main.o
                0x08000f6c                HAL_TIM_PeriodElapsedCallback
 .text.Error_Handler
                0x08000f84        0x4 build/main.o
                0x08000f84                Error_Handler
 .text.SystemClock_Config
                0x08000f88       0xb4 build/main.o
                0x08000f88                SystemClock_Config
 .text.main     0x0800103c       0x5c build/main.o
                0x0800103c                main
 .text.MX_GPIO_Init
                0x08001098      0x10c build/gpio.o
                0x08001098                MX_GPIO_Init
 .text.MX_DMA_Init
                0x080011a4       0x68 build/dma.o
                0x080011a4                MX_DMA_Init
 .text.HAL_SPI_TxCpltCallback
                0x0800120c        0xc build/dma.o
                0x0800120c                HAL_SPI_TxCpltCallback
 .text.MX_TIM5_Init
                0x08001218       0x70 build/tim.o
                0x08001218                MX_TIM5_Init
 .text.HAL_TIM_Base_MspInit
                0x08001288       0x74 build/tim.o
                0x08001288                HAL_TIM_Base_MspInit
 .text.HAL_TIM_MspPostInit
                0x080012fc       0x58 build/tim.o
                0x080012fc                HAL_TIM_MspPostInit
 .text.MX_TIM4_Init
                0x08001354       0xe0 build/tim.o
                0x08001354                MX_TIM4_Init
 .text._electricalAngle
                0x08001434        0xe build/motor.o
                0x08001434                _electricalAngle
 *fill*         0x08001442        0x6 
 .text._normalizeAngle
                0x08001448       0x44 build/motor.o
                0x08001448                _normalizeAngle
 .text.setPwm   0x0800148c       0xf4 build/motor.o
                0x0800148c                setPwm
 .text.setPhaseVoltage
                0x08001580      0x158 build/motor.o
                0x08001580                setPhaseVoltage
 .text.velocityOpenloop
                0x080016d8       0xac build/motor.o
                0x080016d8                velocityOpenloop
 .text.i2cWrite
                0x08001784       0x20 build/bsp_as5600.o
 .text.i2cRead  0x080017a4       0x20 build/bsp_as5600.o
 .text.bsp_as5600GetRawAngle
                0x080017c4       0x38 build/bsp_as5600.o
                0x080017c4                bsp_as5600GetRawAngle
 .text.bsp_as5600Init
                0x080017fc       0x24 build/bsp_as5600.o
                0x080017fc                bsp_as5600Init
 .text.bsp_as5600GetAngle
                0x08001820       0xdc build/bsp_as5600.o
                0x08001820                bsp_as5600GetAngle
 .text.Usart1Printf
                0x080018fc       0x34 build/usart.o
                0x080018fc                Usart1Printf
 .text.MX_USART1_UART_Init
                0x08001930       0x34 build/usart.o
                0x08001930                MX_USART1_UART_Init
 .text.HAL_UART_MspInit
                0x08001964      0x100 build/usart.o
                0x08001964                HAL_UART_MspInit
 .text.NMI_Handler
                0x08001a64        0x2 build/stm32f4xx_it.o
                0x08001a64                NMI_Handler
 .text.HardFault_Handler
                0x08001a66        0x2 build/stm32f4xx_it.o
                0x08001a66                HardFault_Handler
 .text.MemManage_Handler
                0x08001a68        0x2 build/stm32f4xx_it.o
                0x08001a68                MemManage_Handler
 .text.BusFault_Handler
                0x08001a6a        0x2 build/stm32f4xx_it.o
                0x08001a6a                BusFault_Handler
 .text.UsageFault_Handler
                0x08001a6c        0x2 build/stm32f4xx_it.o
                0x08001a6c                UsageFault_Handler
 .text.DebugMon_Handler
                0x08001a6e        0x2 build/stm32f4xx_it.o
                0x08001a6e                DebugMon_Handler
 .text.DMA1_Stream5_IRQHandler
                0x08001a70       0x10 build/stm32f4xx_it.o
                0x08001a70                DMA1_Stream5_IRQHandler
 .text.TIM1_UP_TIM10_IRQHandler
                0x08001a80       0x10 build/stm32f4xx_it.o
                0x08001a80                TIM1_UP_TIM10_IRQHandler
 .text.TIM4_IRQHandler
                0x08001a90       0x10 build/stm32f4xx_it.o
                0x08001a90                TIM4_IRQHandler
 .text.USART1_IRQHandler
                0x08001aa0       0x10 build/stm32f4xx_it.o
                0x08001aa0                USART1_IRQHandler
 .text.TIM5_IRQHandler
                0x08001ab0       0x1c build/stm32f4xx_it.o
                0x08001ab0                TIM5_IRQHandler
 .text.DMA2_Stream2_IRQHandler
                0x08001acc       0x10 build/stm32f4xx_it.o
                0x08001acc                DMA2_Stream2_IRQHandler
 .text.DMA2_Stream7_IRQHandler
                0x08001adc       0x10 build/stm32f4xx_it.o
                0x08001adc                DMA2_Stream7_IRQHandler
 .text.micros   0x08001aec        0xc build/stm32f4xx_it.o
                0x08001aec                micros
 .text.HAL_MspInit
                0x08001af8       0x44 build/stm32f4xx_hal_msp.o
                0x08001af8                HAL_MspInit
 .text.TIM_OC1_SetConfig
                0x08001b3c       0x68 build/stm32f4xx_hal_tim.o
 .text.TIM_OC3_SetConfig
                0x08001ba4       0x70 build/stm32f4xx_hal_tim.o
 .text.TIM_OC4_SetConfig
                0x08001c14       0x50 build/stm32f4xx_hal_tim.o
 .text.TIM_TI1_ConfigInputStage
                0x08001c64       0x26 build/stm32f4xx_hal_tim.o
 .text.TIM_TI2_ConfigInputStage
                0x08001c8a       0x28 build/stm32f4xx_hal_tim.o
 .text.TIM_ITRx_SetConfig
                0x08001cb2       0x10 build/stm32f4xx_hal_tim.o
 *fill*         0x08001cc2        0x2 
 .text.HAL_TIM_Base_Start_IT
                0x08001cc4       0x88 build/stm32f4xx_hal_tim.o
                0x08001cc4                HAL_TIM_Base_Start_IT
 .text.HAL_TIM_PWM_MspInit
                0x08001d4c        0x2 build/stm32f4xx_hal_tim.o
                0x08001d4c                HAL_TIM_PWM_MspInit
 .text.HAL_TIM_OC_DelayElapsedCallback
                0x08001d4e        0x2 build/stm32f4xx_hal_tim.o
                0x08001d4e                HAL_TIM_OC_DelayElapsedCallback
 .text.HAL_TIM_IC_CaptureCallback
                0x08001d50        0x2 build/stm32f4xx_hal_tim.o
                0x08001d50                HAL_TIM_IC_CaptureCallback
 .text.HAL_TIM_PWM_PulseFinishedCallback
                0x08001d52        0x2 build/stm32f4xx_hal_tim.o
                0x08001d52                HAL_TIM_PWM_PulseFinishedCallback
 .text.HAL_TIM_TriggerCallback
                0x08001d54        0x2 build/stm32f4xx_hal_tim.o
                0x08001d54                HAL_TIM_TriggerCallback
 .text.HAL_TIM_IRQHandler
                0x08001d56      0x15e build/stm32f4xx_hal_tim.o
                0x08001d56                HAL_TIM_IRQHandler
 .text.TIM_Base_SetConfig
                0x08001eb4       0xd8 build/stm32f4xx_hal_tim.o
                0x08001eb4                TIM_Base_SetConfig
 .text.HAL_TIM_Base_Init
                0x08001f8c       0x58 build/stm32f4xx_hal_tim.o
                0x08001f8c                HAL_TIM_Base_Init
 .text.HAL_TIM_PWM_Init
                0x08001fe4       0x58 build/stm32f4xx_hal_tim.o
                0x08001fe4                HAL_TIM_PWM_Init
 .text.TIM_OC2_SetConfig
                0x0800203c       0x70 build/stm32f4xx_hal_tim.o
                0x0800203c                TIM_OC2_SetConfig
 .text.HAL_TIM_PWM_ConfigChannel
                0x080020ac       0xdc build/stm32f4xx_hal_tim.o
                0x080020ac                HAL_TIM_PWM_ConfigChannel
 .text.TIM_ETR_SetConfig
                0x08002188       0x1a build/stm32f4xx_hal_tim.o
                0x08002188                TIM_ETR_SetConfig
 .text.HAL_TIM_ConfigClockSource
                0x080021a2       0xfe build/stm32f4xx_hal_tim.o
                0x080021a2                HAL_TIM_ConfigClockSource
 .text.TIM_CCxChannelCmd
                0x080022a0       0x1e build/stm32f4xx_hal_tim.o
                0x080022a0                TIM_CCxChannelCmd
 *fill*         0x080022be        0x2 
 .text.HAL_TIM_PWM_Start
                0x080022c0      0x104 build/stm32f4xx_hal_tim.o
                0x080022c0                HAL_TIM_PWM_Start
 .text.HAL_TIMEx_MasterConfigSynchronization
                0x080023c4       0x8c build/stm32f4xx_hal_tim_ex.o
                0x080023c4                HAL_TIMEx_MasterConfigSynchronization
 .text.HAL_TIMEx_CommutCallback
                0x08002450        0x2 build/stm32f4xx_hal_tim_ex.o
                0x08002450                HAL_TIMEx_CommutCallback
 .text.HAL_TIMEx_BreakCallback
                0x08002452        0x2 build/stm32f4xx_hal_tim_ex.o
                0x08002452                HAL_TIMEx_BreakCallback
 .text.HAL_RCC_OscConfig
                0x08002454      0x3f8 build/stm32f4xx_hal_rcc.o
                0x08002454                HAL_RCC_OscConfig
 .text.HAL_RCC_GetSysClockFreq
                0x0800284c       0xa4 build/stm32f4xx_hal_rcc.o
                0x0800284c                HAL_RCC_GetSysClockFreq
 .text.HAL_RCC_ClockConfig
                0x080028f0      0x160 build/stm32f4xx_hal_rcc.o
                0x080028f0                HAL_RCC_ClockConfig
 .text.HAL_RCC_GetHCLKFreq
                0x08002a50        0xc build/stm32f4xx_hal_rcc.o
                0x08002a50                HAL_RCC_GetHCLKFreq
 .text.HAL_RCC_GetPCLK1Freq
                0x08002a5c       0x20 build/stm32f4xx_hal_rcc.o
                0x08002a5c                HAL_RCC_GetPCLK1Freq
 .text.HAL_RCC_GetPCLK2Freq
                0x08002a7c       0x20 build/stm32f4xx_hal_rcc.o
                0x08002a7c                HAL_RCC_GetPCLK2Freq
 .text.HAL_RCC_GetClockConfig
                0x08002a9c       0x3c build/stm32f4xx_hal_rcc.o
                0x08002a9c                HAL_RCC_GetClockConfig
 .text.HAL_GPIO_Init
                0x08002ad8      0x1fc build/stm32f4xx_hal_gpio.o
                0x08002ad8                HAL_GPIO_Init
 .text.HAL_GPIO_WritePin
                0x08002cd4        0xc build/stm32f4xx_hal_gpio.o
                0x08002cd4                HAL_GPIO_WritePin
 .text.DMA_SetConfig
                0x08002ce0       0x2c build/stm32f4xx_hal_dma.o
 .text.DMA_CalcBaseAndBitshift
                0x08002d0c       0x44 build/stm32f4xx_hal_dma.o
 .text.DMA_CheckFifoParam
                0x08002d50       0x8e build/stm32f4xx_hal_dma.o
 *fill*         0x08002dde        0x2 
 .text.HAL_DMA_Init
                0x08002de0       0xcc build/stm32f4xx_hal_dma.o
                0x08002de0                HAL_DMA_Init
 .text.HAL_DMA_Start_IT
                0x08002eac       0x6a build/stm32f4xx_hal_dma.o
                0x08002eac                HAL_DMA_Start_IT
 .text.HAL_DMA_Abort
                0x08002f16       0x94 build/stm32f4xx_hal_dma.o
                0x08002f16                HAL_DMA_Abort
 .text.HAL_DMA_Abort_IT
                0x08002faa       0x26 build/stm32f4xx_hal_dma.o
                0x08002faa                HAL_DMA_Abort_IT
 .text.HAL_DMA_IRQHandler
                0x08002fd0      0x1dc build/stm32f4xx_hal_dma.o
                0x08002fd0                HAL_DMA_IRQHandler
 .text.HAL_PWREx_EnableOverDrive
                0x080031ac       0x7c build/stm32f4xx_hal_pwr_ex.o
                0x080031ac                HAL_PWREx_EnableOverDrive
 .text.HAL_NVIC_SetPriorityGrouping
                0x08003228       0x24 build/stm32f4xx_hal_cortex.o
                0x08003228                HAL_NVIC_SetPriorityGrouping
 .text.HAL_NVIC_SetPriority
                0x0800324c       0x70 build/stm32f4xx_hal_cortex.o
                0x0800324c                HAL_NVIC_SetPriority
 .text.HAL_NVIC_EnableIRQ
                0x080032bc       0x1c build/stm32f4xx_hal_cortex.o
                0x080032bc                HAL_NVIC_EnableIRQ
 .text.HAL_Init
                0x080032d8       0x34 build/stm32f4xx_hal.o
                0x080032d8                HAL_Init
 .text.HAL_IncTick
                0x0800330c       0x18 build/stm32f4xx_hal.o
                0x0800330c                HAL_IncTick
 .text.HAL_GetTick
                0x08003324        0xc build/stm32f4xx_hal.o
                0x08003324                HAL_GetTick
 .text.HAL_Delay
                0x08003330       0x28 build/stm32f4xx_hal.o
                0x08003330                HAL_Delay
 .text.UART_EndTxTransfer
                0x08003358       0x20 build/stm32f4xx_hal_uart.o
 .text.UART_EndRxTransfer
                0x08003378       0x5c build/stm32f4xx_hal_uart.o
 .text.UART_Transmit_IT
                0x080033d4       0x60 build/stm32f4xx_hal_uart.o
 .text.UART_SetConfig
                0x08003434      0x110 build/stm32f4xx_hal_uart.o
 .text.HAL_UART_Init
                0x08003544       0x60 build/stm32f4xx_hal_uart.o
                0x08003544                HAL_UART_Init
 .text.HAL_UART_Transmit_DMA
                0x080035a4       0x84 build/stm32f4xx_hal_uart.o
                0x080035a4                HAL_UART_Transmit_DMA
 .text.HAL_UART_TxCpltCallback
                0x08003628        0x2 build/stm32f4xx_hal_uart.o
                0x08003628                HAL_UART_TxCpltCallback
 .text.UART_DMATransmitCplt
                0x0800362a       0x4c build/stm32f4xx_hal_uart.o
 .text.UART_EndTransmit_IT
                0x08003676       0x1a build/stm32f4xx_hal_uart.o
 .text.HAL_UART_TxHalfCpltCallback
                0x08003690        0x2 build/stm32f4xx_hal_uart.o
                0x08003690                HAL_UART_TxHalfCpltCallback
 .text.UART_DMATxHalfCplt
                0x08003692        0xa build/stm32f4xx_hal_uart.o
 .text.HAL_UART_RxCpltCallback
                0x0800369c        0x2 build/stm32f4xx_hal_uart.o
                0x0800369c                HAL_UART_RxCpltCallback
 .text.HAL_UART_ErrorCallback
                0x0800369e        0x2 build/stm32f4xx_hal_uart.o
                0x0800369e                HAL_UART_ErrorCallback
 .text.UART_DMAError
                0x080036a0       0x58 build/stm32f4xx_hal_uart.o
 .text.UART_DMAAbortOnError
                0x080036f8       0x10 build/stm32f4xx_hal_uart.o
 .text.HAL_UARTEx_RxEventCallback
                0x08003708        0x2 build/stm32f4xx_hal_uart.o
                0x08003708                HAL_UARTEx_RxEventCallback
 .text.UART_Receive_IT
                0x0800370a       0xe6 build/stm32f4xx_hal_uart.o
 .text.HAL_UART_IRQHandler
                0x080037f0      0x288 build/stm32f4xx_hal_uart.o
                0x080037f0                HAL_UART_IRQHandler
 .text.SystemInit
                0x08003a78       0x14 build/system_stm32f4xx.o
                0x08003a78                SystemInit
 .text.MX_SPI3_Init
                0x08003a8c       0x40 build/spi.o
                0x08003a8c                MX_SPI3_Init
 .text.HAL_SPI_MspInit
                0x08003acc      0x13c build/spi.o
                0x08003acc                HAL_SPI_MspInit
 .text.LCD_WriteCommand
                0x08003c08       0x30 build/spi.o
                0x08003c08                LCD_WriteCommand
 .text.LCD_WriteData_8bit
                0x08003c38       0x30 build/spi.o
                0x08003c38                LCD_WriteData_8bit
 .text.LCD_WriteData_16bit
                0x08003c68       0x44 build/spi.o
                0x08003c68                LCD_WriteData_16bit
 .text.LCD_WriteBuff
                0x08003cac       0x38 build/spi.o
                0x08003cac                LCD_WriteBuff
 .text.LCD_SetAddress
                0x08003ce4       0x54 build/spi.o
                0x08003ce4                LCD_SetAddress
 .text.LCD_SetColor
                0x08003d38        0xc build/spi.o
                0x08003d38                LCD_SetColor
 .text.LCD_SetBackColor
                0x08003d44        0xc build/spi.o
                0x08003d44                LCD_SetBackColor
 .text.LCD_SetDirection
                0x08003d50       0xa4 build/spi.o
                0x08003d50                LCD_SetDirection
 .text.LCD_SetAsciiFont
                0x08003df4        0xc build/spi.o
                0x08003df4                LCD_SetAsciiFont
 .text.LCD_Clear
                0x08003e00       0x74 build/spi.o
                0x08003e00                LCD_Clear
 .text.LCD_DisplayChar
                0x08003e74       0xb0 build/spi.o
                0x08003e74                LCD_DisplayChar
 .text.LCD_DisplayString
                0x08003f24       0x38 build/spi.o
                0x08003f24                LCD_DisplayString
 .text.LCD_ShowNumMode
                0x08003f5c        0xc build/spi.o
                0x08003f5c                LCD_ShowNumMode
 .text.SPI_LCD_Init
                0x08003f68      0x1b4 build/spi.o
                0x08003f68                SPI_LCD_Init
 .text.LCD_DisplayNumber
                0x0800411c       0x44 build/spi.o
                0x0800411c                LCD_DisplayNumber
 .text.LCD_DisplayDecimals
                0x08004160      0x1c0 build/spi.o
                0x08004160                LCD_DisplayDecimals
 .text.SPI_WaitFlagStateUntilTimeout
                0x08004320       0xd4 build/stm32f4xx_hal_spi.o
 .text.SPI_EndRxTxTransaction
                0x080043f4       0x80 build/stm32f4xx_hal_spi.o
 .text.HAL_SPI_Init
                0x08004474       0xbe build/stm32f4xx_hal_spi.o
                0x08004474                HAL_SPI_Init
 .text.HAL_SPI_Transmit
                0x08004532      0x1b8 build/stm32f4xx_hal_spi.o
                0x08004532                HAL_SPI_Transmit
 *fill*         0x080046ea        0x2 
 .text.HAL_SPI_Transmit_DMA
                0x080046ec       0xd8 build/stm32f4xx_hal_spi.o
                0x080046ec                HAL_SPI_Transmit_DMA
 .text.HAL_SPI_TxHalfCpltCallback
                0x080047c4        0x2 build/stm32f4xx_hal_spi.o
                0x080047c4                HAL_SPI_TxHalfCpltCallback
 .text.SPI_DMAHalfTransmitCplt
                0x080047c6        0xa build/stm32f4xx_hal_spi.o
 .text.HAL_SPI_ErrorCallback
                0x080047d0        0x2 build/stm32f4xx_hal_spi.o
                0x080047d0                HAL_SPI_ErrorCallback
 .text.SPI_DMAError
                0x080047d2       0x22 build/stm32f4xx_hal_spi.o
 .text.SPI_DMATransmitCplt
                0x080047f4       0x70 build/stm32f4xx_hal_spi.o
 .text.HAL_InitTick
                0x08004864       0x98 build/stm32f4xx_hal_timebase_tim.o
                0x08004864                HAL_InitTick
 .text.StartTask
                0x080048fc       0x84 build/freertos.o
                0x080048fc                StartTask
 .text.MotorTask
                0x08004980       0x12 build/freertos.o
                0x08004980                MotorTask
 *fill*         0x08004992        0x6 
 .text.HallTask
                0x08004998       0xd4 build/freertos.o
                0x08004998                HallTask
 .text.MX_FREERTOS_Init
                0x08004a6c       0x20 build/freertos.o
                0x08004a6c                MX_FREERTOS_Init
 .text.LCD_Test_Clear
                0x08004a8c       0x74 build/freertos.o
                0x08004a8c                LCD_Test_Clear
 .text.LCD_Test_Variable
                0x08004b00      0x178 build/freertos.o
                0x08004b00                LCD_Test_Variable
 .text.LCDViewTask
                0x08004c78        0xc build/freertos.o
                0x08004c78                LCDViewTask
 .text.vListInitialise
                0x08004c84       0x16 build/list.o
                0x08004c84                vListInitialise
 .text.vListInitialiseItem
                0x08004c9a        0x6 build/list.o
                0x08004c9a                vListInitialiseItem
 .text.vListInsertEnd
                0x08004ca0       0x16 build/list.o
                0x08004ca0                vListInsertEnd
 .text.vListInsert
                0x08004cb6       0x32 build/list.o
                0x08004cb6                vListInsert
 .text.uxListRemove
                0x08004ce8       0x26 build/list.o
                0x08004ce8                uxListRemove
 .text.prvIsQueueFull
                0x08004d0e       0x1e build/queue.o
 .text.prvIsQueueEmpty
                0x08004d2c       0x1a build/queue.o
 .text.prvCopyDataToQueue
                0x08004d46       0x76 build/queue.o
 .text.prvCopyDataFromQueue
                0x08004dbc       0x24 build/queue.o
 .text.prvUnlockQueue
                0x08004de0       0x6e build/queue.o
 .text.xQueueGenericReset
                0x08004e4e       0x84 build/queue.o
                0x08004e4e                xQueueGenericReset
 .text.prvInitialiseNewQueue
                0x08004ed2       0x22 build/queue.o
 .text.xQueueGenericCreateStatic
                0x08004ef4       0x94 build/queue.o
                0x08004ef4                xQueueGenericCreateStatic
 .text.xQueueGenericSend
                0x08004f88      0x188 build/queue.o
                0x08004f88                xQueueGenericSend
 .text.xQueueGenericSendFromISR
                0x08005110       0xce build/queue.o
                0x08005110                xQueueGenericSendFromISR
 .text.xQueueReceive
                0x080051de      0x15e build/queue.o
                0x080051de                xQueueReceive
 .text.vQueueAddToRegistry
                0x0800533c       0x28 build/queue.o
                0x0800533c                vQueueAddToRegistry
 .text.vQueueWaitForMessageRestricted
                0x08005364       0x52 build/queue.o
                0x08005364                vQueueWaitForMessageRestricted
 *fill*         0x080053b6        0x2 
 .text.prvResetNextTaskUnblockTime
                0x080053b8       0x2c build/tasks.o
 .text.prvInitialiseNewTask
                0x080053e4       0xa6 build/tasks.o
 *fill*         0x0800548a        0x2 
 .text.prvInitialiseTaskLists
                0x0800548c       0x68 build/tasks.o
 .text.prvAddNewTaskToReadyList
                0x080054f4       0xac build/tasks.o
 .text.prvDeleteTCB
                0x080055a0       0x38 build/tasks.o
 .text.prvCheckTasksWaitingTermination
                0x080055d8       0x4c build/tasks.o
 .text.prvIdleTask
                0x08005624       0x28 build/tasks.o
 .text.prvAddCurrentTaskToDelayedList
                0x0800564c       0x7c build/tasks.o
 .text.xTaskCreateStatic
                0x080056c8       0x76 build/tasks.o
                0x080056c8                xTaskCreateStatic
 .text.xTaskCreate
                0x0800573e       0x68 build/tasks.o
                0x0800573e                xTaskCreate
 *fill*         0x080057a6        0x2 
 .text.vTaskDelete
                0x080057a8       0xb8 build/tasks.o
                0x080057a8                vTaskDelete
 .text.eTaskGetState
                0x08005860       0x90 build/tasks.o
                0x08005860                eTaskGetState
 .text.vTaskStartScheduler
                0x080058f0       0x9c build/tasks.o
                0x080058f0                vTaskStartScheduler
 .text.vTaskSuspendAll
                0x0800598c       0x10 build/tasks.o
                0x0800598c                vTaskSuspendAll
 .text.xTaskGetTickCount
                0x0800599c        0xc build/tasks.o
                0x0800599c                xTaskGetTickCount
 .text.xTaskIncrementTick
                0x080059a8      0x118 build/tasks.o
                0x080059a8                xTaskIncrementTick
 .text.xTaskResumeAll
                0x08005ac0       0xf8 build/tasks.o
                0x08005ac0                xTaskResumeAll
 .text.vTaskDelay
                0x08005bb8       0x4c build/tasks.o
                0x08005bb8                vTaskDelay
 .text.vTaskSwitchContext
                0x08005c04       0x94 build/tasks.o
                0x08005c04                vTaskSwitchContext
 .text.vTaskPlaceOnEventList
                0x08005c98       0x30 build/tasks.o
                0x08005c98                vTaskPlaceOnEventList
 .text.vTaskPlaceOnEventListRestricted
                0x08005cc8       0x38 build/tasks.o
                0x08005cc8                vTaskPlaceOnEventListRestricted
 .text.xTaskRemoveFromEventList
                0x08005d00       0x8c build/tasks.o
                0x08005d00                xTaskRemoveFromEventList
 .text.vTaskInternalSetTimeOutState
                0x08005d8c       0x18 build/tasks.o
                0x08005d8c                vTaskInternalSetTimeOutState
 .text.xTaskCheckForTimeOut
                0x08005da4       0x84 build/tasks.o
                0x08005da4                xTaskCheckForTimeOut
 .text.vTaskMissedYield
                0x08005e28        0xc build/tasks.o
                0x08005e28                vTaskMissedYield
 .text.xTaskGetSchedulerState
                0x08005e34       0x20 build/tasks.o
                0x08005e34                xTaskGetSchedulerState
 .text.xTaskPriorityDisinherit
                0x08005e54       0x90 build/tasks.o
                0x08005e54                xTaskPriorityDisinherit
 .text.prvGetNextExpireTime
                0x08005ee4       0x20 build/timers.o
 .text.prvInsertTimerInActiveList
                0x08005f04       0x48 build/timers.o
 .text.prvCheckForValidListAndQueue
                0x08005f4c       0x70 build/timers.o
 .text.xTimerCreateTimerTask
                0x08005fbc       0x64 build/timers.o
                0x08005fbc                xTimerCreateTimerTask
 .text.xTimerGenericCommand
                0x08006020       0x6c build/timers.o
                0x08006020                xTimerGenericCommand
 .text.prvSwitchTimerLists
                0x0800608c       0x7c build/timers.o
 .text.prvSampleTimeNow
                0x08006108       0x2c build/timers.o
 .text.prvProcessExpiredTimer
                0x08006134       0x6c build/timers.o
 .text.prvProcessTimerOrBlockTask
                0x080061a0       0x74 build/timers.o
 .text.prvProcessReceivedCommands
                0x08006214      0x10c build/timers.o
 .text.prvTimerTask
                0x08006320       0x16 build/timers.o
 *fill*         0x08006336        0x2 
 .text.prvHeapInit
                0x08006338       0x64 build/heap_4.o
 .text.prvInsertBlockIntoFreeList
                0x0800639c       0x64 build/heap_4.o
 .text.pvPortMalloc
                0x08006400       0xfc build/heap_4.o
                0x08006400                pvPortMalloc
 .text.vPortFree
                0x080064fc       0x7c build/heap_4.o
                0x080064fc                vPortFree
 .text.prvTaskExitError
                0x08006578       0x40 build/port.o
 .text.prvPortStartFirstTask
                0x080065b8       0x28 build/port.o
 .text.vPortEnableVFP
                0x080065e0       0x14 build/port.o
 .text.pxPortInitialiseStack
                0x080065f4       0x2c build/port.o
                0x080065f4                pxPortInitialiseStack
 .text.SVC_Handler
                0x08006620       0x24 build/port.o
                0x08006620                SVC_Handler
 .text.vPortEnterCritical
                0x08006644       0x44 build/port.o
                0x08006644                vPortEnterCritical
 .text.vPortExitCritical
                0x08006688       0x2c build/port.o
                0x08006688                vPortExitCritical
 *fill*         0x080066b4        0xc 
 .text.PendSV_Handler
                0x080066c0       0x64 build/port.o
                0x080066c0                PendSV_Handler
 .text.xPortSysTickHandler
                0x08006724       0x2c build/port.o
                0x08006724                xPortSysTickHandler
 .text.vPortSetupTimerInterrupt
                0x08006750       0x28 build/port.o
                0x08006750                vPortSetupTimerInterrupt
 .text.xPortStartScheduler
                0x08006778      0x118 build/port.o
                0x08006778                xPortStartScheduler
 .text.vPortValidateInterruptPriority
                0x08006890       0x5c build/port.o
                0x08006890                vPortValidateInterruptPriority
 .text.SysTick_Handler
                0x080068ec       0x18 build/cmsis_os2.o
                0x080068ec                SysTick_Handler
 .text.osKernelInitialize
                0x08006904       0x24 build/cmsis_os2.o
                0x08006904                osKernelInitialize
 .text.osKernelStart
                0x08006928       0x38 build/cmsis_os2.o
                0x08006928                osKernelStart
 .text.osThreadNew
                0x08006960       0xbc build/cmsis_os2.o
                0x08006960                osThreadNew
 .text.osThreadTerminate
                0x08006a1c       0x30 build/cmsis_os2.o
                0x08006a1c                osThreadTerminate
 .text.vApplicationGetIdleTaskMemory
                0x08006a4c       0x18 build/cmsis_os2.o
                0x08006a4c                vApplicationGetIdleTaskMemory
 .text.vApplicationGetTimerTaskMemory
                0x08006a64       0x18 build/cmsis_os2.o
                0x08006a64                vApplicationGetTimerTaskMemory
 .text.MX_I2C2_Init
                0x08006a7c       0x5c build/i2c.o
                0x08006a7c                MX_I2C2_Init
 .text.HAL_I2C_MspInit
                0x08006ad8       0x70 build/i2c.o
                0x08006ad8                HAL_I2C_MspInit
 .text.I2C_IsAcknowledgeFailed
                0x08006b48       0x32 build/stm32f4xx_hal_i2c.o
 .text.I2C_WaitOnFlagUntilTimeout
                0x08006b7a       0xaa build/stm32f4xx_hal_i2c.o
 .text.I2C_WaitOnMasterAddressFlagUntilTimeout
                0x08006c24       0xd6 build/stm32f4xx_hal_i2c.o
 *fill*         0x08006cfa        0x2 
 .text.I2C_MasterRequestWrite
                0x08006cfc       0xb4 build/stm32f4xx_hal_i2c.o
 .text.I2C_MasterRequestRead
                0x08006db0      0x120 build/stm32f4xx_hal_i2c.o
 .text.I2C_WaitOnTXEFlagUntilTimeout
                0x08006ed0       0x5e build/stm32f4xx_hal_i2c.o
 .text.I2C_WaitOnBTFFlagUntilTimeout
                0x08006f2e       0x5e build/stm32f4xx_hal_i2c.o
 .text.I2C_WaitOnRXNEFlagUntilTimeout
                0x08006f8c       0x78 build/stm32f4xx_hal_i2c.o
 .text.HAL_I2C_Init
                0x08007004      0x1bc build/stm32f4xx_hal_i2c.o
                0x08007004                HAL_I2C_Init
 .text.HAL_I2C_Master_Transmit
                0x080071c0      0x178 build/stm32f4xx_hal_i2c.o
                0x080071c0                HAL_I2C_Master_Transmit
 .text.HAL_I2C_Master_Receive
                0x08007338      0x2fc build/stm32f4xx_hal_i2c.o
                0x08007338                HAL_I2C_Master_Receive
 .text.HAL_I2CEx_ConfigAnalogFilter
                0x08007634       0x44 build/stm32f4xx_hal_i2c_ex.o
                0x08007634                HAL_I2CEx_ConfigAnalogFilter
 .text.HAL_I2CEx_ConfigDigitalFilter
                0x08007678       0x42 build/stm32f4xx_hal_i2c_ex.o
                0x08007678                HAL_I2CEx_ConfigDigitalFilter
 *fill*         0x080076ba        0x2 
 .text.Reset_Handler
                0x080076bc       0x50 build/startup_stm32f429xx.o
                0x080076bc                Reset_Handler
 .text.Default_Handler
                0x0800770c        0x2 build/startup_stm32f429xx.o
                0x0800770c                RTC_Alarm_IRQHandler
                0x0800770c                HASH_RNG_IRQHandler
                0x0800770c                EXTI2_IRQHandler
                0x0800770c                TIM8_CC_IRQHandler
                0x0800770c                UART8_IRQHandler
                0x0800770c                SPI4_IRQHandler
                0x0800770c                TIM1_CC_IRQHandler
                0x0800770c                DMA2_Stream5_IRQHandler
                0x0800770c                PVD_IRQHandler
                0x0800770c                SDIO_IRQHandler
                0x0800770c                TAMP_STAMP_IRQHandler
                0x0800770c                CAN2_RX1_IRQHandler
                0x0800770c                EXTI3_IRQHandler
                0x0800770c                TIM8_TRG_COM_TIM14_IRQHandler
                0x0800770c                TIM8_UP_TIM13_IRQHandler
                0x0800770c                I2C3_ER_IRQHandler
                0x0800770c                EXTI0_IRQHandler
                0x0800770c                I2C2_EV_IRQHandler
                0x0800770c                DMA1_Stream2_IRQHandler
                0x0800770c                CAN1_RX0_IRQHandler
                0x0800770c                FPU_IRQHandler
                0x0800770c                OTG_HS_WKUP_IRQHandler
                0x0800770c                LTDC_ER_IRQHandler
                0x0800770c                CAN2_SCE_IRQHandler
                0x0800770c                SPI1_IRQHandler
                0x0800770c                TIM6_DAC_IRQHandler
                0x0800770c                TIM1_BRK_TIM9_IRQHandler
                0x0800770c                DCMI_IRQHandler
                0x0800770c                CAN2_RX0_IRQHandler
                0x0800770c                DMA2_Stream3_IRQHandler
                0x0800770c                USART6_IRQHandler
                0x0800770c                USART3_IRQHandler
                0x0800770c                CAN1_RX1_IRQHandler
                0x0800770c                UART5_IRQHandler
                0x0800770c                DMA2_Stream0_IRQHandler
                0x0800770c                I2C1_EV_IRQHandler
                0x0800770c                DMA1_Stream6_IRQHandler
                0x0800770c                DMA1_Stream1_IRQHandler
                0x0800770c                UART4_IRQHandler
                0x0800770c                TIM3_IRQHandler
                0x0800770c                RCC_IRQHandler
                0x0800770c                TIM8_BRK_TIM12_IRQHandler
                0x0800770c                Default_Handler
                0x0800770c                EXTI15_10_IRQHandler
                0x0800770c                ADC_IRQHandler
                0x0800770c                DMA1_Stream7_IRQHandler
                0x0800770c                SPI5_IRQHandler
                0x0800770c                TIM7_IRQHandler
                0x0800770c                CAN2_TX_IRQHandler
                0x0800770c                I2C3_EV_IRQHandler
                0x0800770c                EXTI9_5_IRQHandler
                0x0800770c                RTC_WKUP_IRQHandler
                0x0800770c                LTDC_IRQHandler
                0x0800770c                ETH_WKUP_IRQHandler
                0x0800770c                SPI2_IRQHandler
                0x0800770c                OTG_HS_EP1_IN_IRQHandler
                0x0800770c                DMA1_Stream0_IRQHandler
                0x0800770c                CAN1_TX_IRQHandler
                0x0800770c                EXTI4_IRQHandler
                0x0800770c                ETH_IRQHandler
                0x0800770c                OTG_HS_EP1_OUT_IRQHandler
                0x0800770c                WWDG_IRQHandler
                0x0800770c                SPI6_IRQHandler
                0x0800770c                TIM2_IRQHandler
                0x0800770c                OTG_FS_WKUP_IRQHandler
                0x0800770c                TIM1_TRG_COM_TIM11_IRQHandler
                0x0800770c                OTG_HS_IRQHandler
                0x0800770c                DMA2D_IRQHandler
                0x0800770c                EXTI1_IRQHandler
                0x0800770c                UART7_IRQHandler
                0x0800770c                USART2_IRQHandler
                0x0800770c                I2C2_ER_IRQHandler
                0x0800770c                DMA2_Stream1_IRQHandler
                0x0800770c                CAN1_SCE_IRQHandler
                0x0800770c                FLASH_IRQHandler
                0x0800770c                DMA2_Stream4_IRQHandler
                0x0800770c                OTG_FS_IRQHandler
                0x0800770c                SPI3_IRQHandler
                0x0800770c                DMA1_Stream4_IRQHandler
                0x0800770c                I2C1_ER_IRQHandler
                0x0800770c                FMC_IRQHandler
                0x0800770c                DMA2_Stream6_IRQHandler
                0x0800770c                SAI1_IRQHandler
                0x0800770c                DMA1_Stream3_IRQHandler
 *fill*         0x0800770e        0x2 
 .text.__libc_init_array
                0x08007710       0x48 d:/gcc-arm-none-eabi-10.3-2021.10/bin/../lib/gcc/arm-none-eabi/10.3.1/../../../../arm-none-eabi/lib/thumb/v7e-m+fp/hard\libc_nano.a(lib_a-init.o)
                0x08007710                __libc_init_array
 .text.memcpy   0x08007758       0x1c d:/gcc-arm-none-eabi-10.3-2021.10/bin/../lib/gcc/arm-none-eabi/10.3.1/../../../../arm-none-eabi/lib/thumb/v7e-m+fp/hard\libc_nano.a(lib_a-memcpy-stub.o)
                0x08007758                memcpy
 .text.memset   0x08007774       0x10 d:/gcc-arm-none-eabi-10.3-2021.10/bin/../lib/gcc/arm-none-eabi/10.3.1/../../../../arm-none-eabi/lib/thumb/v7e-m+fp/hard\libc_nano.a(lib_a-memset.o)
                0x08007774                memset
 .text.sprintf  0x08007784       0x40 d:/gcc-arm-none-eabi-10.3-2021.10/bin/../lib/gcc/arm-none-eabi/10.3.1/../../../../arm-none-eabi/lib/thumb/v7e-m+fp/hard\libc_nano.a(lib_a-sprintf.o)
                0x08007784                siprintf
                0x08007784                sprintf
 .text.strcpy   0x080077c4       0x10 d:/gcc-arm-none-eabi-10.3-2021.10/bin/../lib/gcc/arm-none-eabi/10.3.1/../../../../arm-none-eabi/lib/thumb/v7e-m+fp/hard\libc_nano.a(lib_a-strcpy.o)
                0x080077c4                strcpy
 .text._vsnprintf_r
                0x080077d4       0x56 d:/gcc-arm-none-eabi-10.3-2021.10/bin/../lib/gcc/arm-none-eabi/10.3.1/../../../../arm-none-eabi/lib/thumb/v7e-m+fp/hard\libc_nano.a(lib_a-vsnprintf.o)
                0x080077d4                _vsniprintf_r
                0x080077d4                _vsnprintf_r
 *fill*         0x0800782a        0x2 
 .text.vsnprintf
                0x0800782c       0x1c d:/gcc-arm-none-eabi-10.3-2021.10/bin/../lib/gcc/arm-none-eabi/10.3.1/../../../../arm-none-eabi/lib/thumb/v7e-m+fp/hard\libc_nano.a(lib_a-vsnprintf.o)
                0x0800782c                vsniprintf
                0x0800782c                vsnprintf
 .text.__ssputs_r
                0x08007848       0xb6 d:/gcc-arm-none-eabi-10.3-2021.10/bin/../lib/gcc/arm-none-eabi/10.3.1/../../../../arm-none-eabi/lib/thumb/v7e-m+fp/hard\libc_nano.a(lib_a-nano-svfprintf.o)
                0x08007848                __ssputs_r
 *fill*         0x080078fe        0x2 
 .text._svfprintf_r
                0x08007900      0x200 d:/gcc-arm-none-eabi-10.3-2021.10/bin/../lib/gcc/arm-none-eabi/10.3.1/../../../../arm-none-eabi/lib/thumb/v7e-m+fp/hard\libc_nano.a(lib_a-nano-svfprintf.o)
                0x08007900                _svfiprintf_r
                0x08007900                _svfprintf_r
 .text._printf_common
                0x08007b00       0xda d:/gcc-arm-none-eabi-10.3-2021.10/bin/../lib/gcc/arm-none-eabi/10.3.1/../../../../arm-none-eabi/lib/thumb/v7e-m+fp/hard\libc_nano.a(lib_a-nano-vfprintf_i.o)
                0x08007b00                _printf_common
 *fill*         0x08007bda        0x2 
 .text._printf_i
                0x08007bdc      0x24c d:/gcc-arm-none-eabi-10.3-2021.10/bin/../lib/gcc/arm-none-eabi/10.3.1/../../../../arm-none-eabi/lib/thumb/v7e-m+fp/hard\libc_nano.a(lib_a-nano-vfprintf_i.o)
                0x08007bdc                _printf_i
 .text.memmove  0x08007e28       0x34 d:/gcc-arm-none-eabi-10.3-2021.10/bin/../lib/gcc/arm-none-eabi/10.3.1/../../../../arm-none-eabi/lib/thumb/v7e-m+fp/hard\libc_nano.a(lib_a-memmove.o)
                0x08007e28                memmove
 .text._free_r  0x08007e5c       0x98 d:/gcc-arm-none-eabi-10.3-2021.10/bin/../lib/gcc/arm-none-eabi/10.3.1/../../../../arm-none-eabi/lib/thumb/v7e-m+fp/hard\libc_nano.a(lib_a-nano-freer.o)
                0x08007e5c                _free_r
 .text.sbrk_aligned
                0x08007ef4       0x40 d:/gcc-arm-none-eabi-10.3-2021.10/bin/../lib/gcc/arm-none-eabi/10.3.1/../../../../arm-none-eabi/lib/thumb/v7e-m+fp/hard\libc_nano.a(lib_a-nano-mallocr.o)
 .text._malloc_r
                0x08007f34       0xe8 d:/gcc-arm-none-eabi-10.3-2021.10/bin/../lib/gcc/arm-none-eabi/10.3.1/../../../../arm-none-eabi/lib/thumb/v7e-m+fp/hard\libc_nano.a(lib_a-nano-mallocr.o)
                0x08007f34                _malloc_r
 .text._realloc_r
                0x0800801c       0x5e d:/gcc-arm-none-eabi-10.3-2021.10/bin/../lib/gcc/arm-none-eabi/10.3.1/../../../../arm-none-eabi/lib/thumb/v7e-m+fp/hard\libc_nano.a(lib_a-nano-reallocr.o)
                0x0800801c                _realloc_r
 *fill*         0x0800807a        0x2 
 .text._sbrk_r  0x0800807c       0x20 d:/gcc-arm-none-eabi-10.3-2021.10/bin/../lib/gcc/arm-none-eabi/10.3.1/../../../../arm-none-eabi/lib/thumb/v7e-m+fp/hard\libc_nano.a(lib_a-sbrkr.o)
                0x0800807c                _sbrk_r
 .text.__malloc_lock
                0x0800809c        0xc d:/gcc-arm-none-eabi-10.3-2021.10/bin/../lib/gcc/arm-none-eabi/10.3.1/../../../../arm-none-eabi/lib/thumb/v7e-m+fp/hard\libc_nano.a(lib_a-mlock.o)
                0x0800809c                __malloc_lock
 .text.__malloc_unlock
                0x080080a8        0xc d:/gcc-arm-none-eabi-10.3-2021.10/bin/../lib/gcc/arm-none-eabi/10.3.1/../../../../arm-none-eabi/lib/thumb/v7e-m+fp/hard\libc_nano.a(lib_a-mlock.o)
                0x080080a8                __malloc_unlock
 .text._malloc_usable_size_r
                0x080080b4       0x10 d:/gcc-arm-none-eabi-10.3-2021.10/bin/../lib/gcc/arm-none-eabi/10.3.1/../../../../arm-none-eabi/lib/thumb/v7e-m+fp/hard\libc_nano.a(lib_a-nano-msizer.o)
                0x080080b4                _malloc_usable_size_r
 .text.__retarget_lock_acquire_recursive
                0x080080c4        0x2 d:/gcc-arm-none-eabi-10.3-2021.10/bin/../lib/gcc/arm-none-eabi/10.3.1/../../../../arm-none-eabi/lib/thumb/v7e-m+fp/hard\libc_nano.a(lib_a-lock.o)
                0x080080c4                __retarget_lock_acquire_recursive
 .text.__retarget_lock_release_recursive
                0x080080c6        0x2 d:/gcc-arm-none-eabi-10.3-2021.10/bin/../lib/gcc/arm-none-eabi/10.3.1/../../../../arm-none-eabi/lib/thumb/v7e-m+fp/hard\libc_nano.a(lib_a-lock.o)
                0x080080c6                __retarget_lock_release_recursive
 .text.cos      0x080080c8       0x90 d:/gcc-arm-none-eabi-10.3-2021.10/bin/../lib/gcc/arm-none-eabi/10.3.1/../../../../arm-none-eabi/lib/thumb/v7e-m+fp/hard\libm.a(lib_a-s_cos.o)
                0x080080c8                cos
 .text.round    0x08008158       0xa0 d:/gcc-arm-none-eabi-10.3-2021.10/bin/../lib/gcc/arm-none-eabi/10.3.1/../../../../arm-none-eabi/lib/thumb/v7e-m+fp/hard\libm.a(lib_a-s_round.o)
                0x08008158                round
 .text.sin      0x080081f8       0x90 d:/gcc-arm-none-eabi-10.3-2021.10/bin/../lib/gcc/arm-none-eabi/10.3.1/../../../../arm-none-eabi/lib/thumb/v7e-m+fp/hard\libm.a(lib_a-s_sin.o)
                0x080081f8                sin
 .text.fmod     0x08008288       0x6c d:/gcc-arm-none-eabi-10.3-2021.10/bin/../lib/gcc/arm-none-eabi/10.3.1/../../../../arm-none-eabi/lib/thumb/v7e-m+fp/hard\libm.a(lib_a-w_fmod.o)
                0x08008288                fmod
 .text.__ieee754_fmod
                0x080082f4      0x27c d:/gcc-arm-none-eabi-10.3-2021.10/bin/../lib/gcc/arm-none-eabi/10.3.1/../../../../arm-none-eabi/lib/thumb/v7e-m+fp/hard\libm.a(lib_a-e_fmod.o)
                0x080082f4                __ieee754_fmod
 .text.__ieee754_rem_pio2
                0x08008570      0x44c d:/gcc-arm-none-eabi-10.3-2021.10/bin/../lib/gcc/arm-none-eabi/10.3.1/../../../../arm-none-eabi/lib/thumb/v7e-m+fp/hard\libm.a(lib_a-e_rem_pio2.o)
                0x08008570                __ieee754_rem_pio2
 *fill*         0x080089bc        0x4 
 .text.__kernel_cos
                0x080089c0      0x27c d:/gcc-arm-none-eabi-10.3-2021.10/bin/../lib/gcc/arm-none-eabi/10.3.1/../../../../arm-none-eabi/lib/thumb/v7e-m+fp/hard\libm.a(lib_a-k_cos.o)
                0x080089c0                __kernel_cos
 *fill*         0x08008c3c        0x4 
 .text.__kernel_rem_pio2
                0x08008c40      0x850 d:/gcc-arm-none-eabi-10.3-2021.10/bin/../lib/gcc/arm-none-eabi/10.3.1/../../../../arm-none-eabi/lib/thumb/v7e-m+fp/hard\libm.a(lib_a-k_rem_pio2.o)
                0x08008c40                __kernel_rem_pio2
 .text.__kernel_sin
                0x08009490      0x17c d:/gcc-arm-none-eabi-10.3-2021.10/bin/../lib/gcc/arm-none-eabi/10.3.1/../../../../arm-none-eabi/lib/thumb/v7e-m+fp/hard\libm.a(lib_a-k_sin.o)
                0x08009490                __kernel_sin
 .text.fabs     0x0800960c       0x14 d:/gcc-arm-none-eabi-10.3-2021.10/bin/../lib/gcc/arm-none-eabi/10.3.1/../../../../arm-none-eabi/lib/thumb/v7e-m+fp/hard\libm.a(lib_a-s_fabs.o)
                0x0800960c                fabs
 .text.floor    0x08009620      0x108 d:/gcc-arm-none-eabi-10.3-2021.10/bin/../lib/gcc/arm-none-eabi/10.3.1/../../../../arm-none-eabi/lib/thumb/v7e-m+fp/hard\libm.a(lib_a-s_floor.o)
                0x08009620                floor
 .text.scalbn   0x08009728      0x124 d:/gcc-arm-none-eabi-10.3-2021.10/bin/../lib/gcc/arm-none-eabi/10.3.1/../../../../arm-none-eabi/lib/thumb/v7e-m+fp/hard\libm.a(lib_a-s_scalbn.o)
                0x08009728                scalbn
 .text._sbrk    0x0800984c       0x1c d:/gcc-arm-none-eabi-10.3-2021.10/bin/../lib/gcc/arm-none-eabi/10.3.1/../../../../arm-none-eabi/lib/thumb/v7e-m+fp/hard\libnosys.a(sbrk.o)
                0x0800984c                _sbrk
 .text.__errno  0x08009868        0xc d:/gcc-arm-none-eabi-10.3-2021.10/bin/../lib/gcc/arm-none-eabi/10.3.1/../../../../arm-none-eabi/lib/thumb/v7e-m+fp/hard\libc_nano.a(lib_a-errno.o)
                0x08009868                __errno
 *(.glue_7)
 .glue_7        0x08009874        0x0 linker stubs
 *(.glue_7t)
 .glue_7t       0x08009874        0x0 linker stubs
 *(.eh_frame)
 .eh_frame      0x08009874        0x0 d:/gcc-arm-none-eabi-10.3-2021.10/bin/../lib/gcc/arm-none-eabi/10.3.1/thumb/v7e-m+fp/hard/crtbegin.o
 *(.init)
 .init          0x08009874        0x4 d:/gcc-arm-none-eabi-10.3-2021.10/bin/../lib/gcc/arm-none-eabi/10.3.1/thumb/v7e-m+fp/hard/crti.o
                0x08009874                _init
 .init          0x08009878        0x8 d:/gcc-arm-none-eabi-10.3-2021.10/bin/../lib/gcc/arm-none-eabi/10.3.1/thumb/v7e-m+fp/hard/crtn.o
 *(.fini)
 .fini          0x08009880        0x4 d:/gcc-arm-none-eabi-10.3-2021.10/bin/../lib/gcc/arm-none-eabi/10.3.1/thumb/v7e-m+fp/hard/crti.o
                0x08009880                _fini
 .fini          0x08009884        0x8 d:/gcc-arm-none-eabi-10.3-2021.10/bin/../lib/gcc/arm-none-eabi/10.3.1/thumb/v7e-m+fp/hard/crtn.o
                0x0800988c                . = ALIGN (0x4)
                0x0800988c                _etext = .

.vfp11_veneer   0x0800988c        0x0
 .vfp11_veneer  0x0800988c        0x0 linker stubs

.v4_bx          0x0800988c        0x0
 .v4_bx         0x0800988c        0x0 linker stubs

.iplt           0x0800988c        0x0
 .iplt          0x0800988c        0x0 d:/gcc-arm-none-eabi-10.3-2021.10/bin/../lib/gcc/arm-none-eabi/10.3.1/thumb/v7e-m+fp/hard/crtbegin.o

.rodata         0x08009890     0x14e0
                0x08009890                . = ALIGN (0x4)
 *(.rodata)
 *(.rodata*)
 .rodata.flagBitshiftOffset.0
                0x08009890        0x8 build/stm32f4xx_hal_dma.o
 .rodata.AHBPrescTable
                0x08009898       0x10 build/system_stm32f4xx.o
                0x08009898                AHBPrescTable
 .rodata.APBPrescTable
                0x080098a8        0x8 build/system_stm32f4xx.o
                0x080098a8                APBPrescTable
 .rodata.LCD_DisplayNumber.str1.4
                0x080098b0        0xc build/spi.o
 .rodata.LCD_DisplayDecimals.str1.4
                0x080098bc       0x19 build/spi.o
 *fill*         0x080098d5        0x3 
 .rodata.ASCII_2412_Table
                0x080098d8     0x11d0 build/lcd_fonts.o
                0x080098d8                ASCII_2412_Table
 .rodata.StartTask.str1.4
                0x0800aaa8       0x21 build/freertos.o
 *fill*         0x0800aac9        0x3 
 .rodata.HallTask.str1.4
                0x0800aacc        0xe build/freertos.o
 *fill*         0x0800aada        0x2 
 .rodata.LCD_Test_Variable.str1.4
                0x0800aadc       0x30 build/freertos.o
 .rodata.str1.4
                0x0800ab0c        0xa build/freertos.o
 *fill*         0x0800ab16        0x2 
 .rodata.startTask_attributes
                0x0800ab18       0x24 build/freertos.o
                0x0800ab18                startTask_attributes
 .rodata.vTaskStartScheduler.str1.4
                0x0800ab3c        0x5 build/tasks.o
 *fill*         0x0800ab41        0x3 
 .rodata.prvCheckForValidListAndQueue.str1.4
                0x0800ab44        0x5 build/timers.o
 *fill*         0x0800ab49        0x3 
 .rodata.xTimerCreateTimerTask.str1.4
                0x0800ab4c        0x8 build/timers.o
 .rodata._svfprintf_r.str1.1
                0x0800ab54       0x11 d:/gcc-arm-none-eabi-10.3-2021.10/bin/../lib/gcc/arm-none-eabi/10.3.1/../../../../arm-none-eabi/lib/thumb/v7e-m+fp/hard\libc_nano.a(lib_a-nano-svfprintf.o)
 .rodata._printf_i.str1.1
                0x0800ab65       0x22 d:/gcc-arm-none-eabi-10.3-2021.10/bin/../lib/gcc/arm-none-eabi/10.3.1/../../../../arm-none-eabi/lib/thumb/v7e-m+fp/hard\libc_nano.a(lib_a-nano-vfprintf_i.o)
 *fill*         0x0800ab87        0x1 
 .rodata.Zero   0x0800ab88       0x10 d:/gcc-arm-none-eabi-10.3-2021.10/bin/../lib/gcc/arm-none-eabi/10.3.1/../../../../arm-none-eabi/lib/thumb/v7e-m+fp/hard\libm.a(lib_a-e_fmod.o)
 .rodata.npio2_hw
                0x0800ab98       0x80 d:/gcc-arm-none-eabi-10.3-2021.10/bin/../lib/gcc/arm-none-eabi/10.3.1/../../../../arm-none-eabi/lib/thumb/v7e-m+fp/hard\libm.a(lib_a-e_rem_pio2.o)
 .rodata.two_over_pi
                0x0800ac18      0x108 d:/gcc-arm-none-eabi-10.3-2021.10/bin/../lib/gcc/arm-none-eabi/10.3.1/../../../../arm-none-eabi/lib/thumb/v7e-m+fp/hard\libm.a(lib_a-e_rem_pio2.o)
 .rodata.PIo2   0x0800ad20       0x40 d:/gcc-arm-none-eabi-10.3-2021.10/bin/../lib/gcc/arm-none-eabi/10.3.1/../../../../arm-none-eabi/lib/thumb/v7e-m+fp/hard\libm.a(lib_a-k_rem_pio2.o)
 .rodata.init_jk
                0x0800ad60       0x10 d:/gcc-arm-none-eabi-10.3-2021.10/bin/../lib/gcc/arm-none-eabi/10.3.1/../../../../arm-none-eabi/lib/thumb/v7e-m+fp/hard\libm.a(lib_a-k_rem_pio2.o)
                0x0800ad70                . = ALIGN (0x4)

.ARM.extab
 *(.ARM.extab* .gnu.linkonce.armextab.*)

.ARM            0x0800ad70        0x8
                0x0800ad70                __exidx_start = .
 *(.ARM.exidx*)
 .ARM.exidx     0x0800ad70        0x8 d:/gcc-arm-none-eabi-10.3-2021.10/bin/../lib/gcc/arm-none-eabi/10.3.1/thumb/v7e-m+fp/hard\libgcc.a(_udivmoddi4.o)
                0x0800ad78                __exidx_end = .

.rel.dyn        0x0800ad78        0x0
 .rel.iplt      0x0800ad78        0x0 d:/gcc-arm-none-eabi-10.3-2021.10/bin/../lib/gcc/arm-none-eabi/10.3.1/thumb/v7e-m+fp/hard/crtbegin.o

.preinit_array  0x0800ad78        0x0
                0x0800ad78                PROVIDE (__preinit_array_start = .)
 *(.preinit_array*)
                0x0800ad78                PROVIDE (__preinit_array_end = .)

.init_array     0x0800ad78        0x4
                0x0800ad78                PROVIDE (__init_array_start = .)
 *(SORT_BY_NAME(.init_array.*))
 *(.init_array*)
 .init_array    0x0800ad78        0x4 d:/gcc-arm-none-eabi-10.3-2021.10/bin/../lib/gcc/arm-none-eabi/10.3.1/thumb/v7e-m+fp/hard/crtbegin.o
                0x0800ad7c                PROVIDE (__init_array_end = .)

.fini_array     0x0800ad7c        0x4
                [!provide]                PROVIDE (__fini_array_start = .)
 *(SORT_BY_NAME(.fini_array.*))
 *(.fini_array*)
 .fini_array    0x0800ad7c        0x4 d:/gcc-arm-none-eabi-10.3-2021.10/bin/../lib/gcc/arm-none-eabi/10.3.1/thumb/v7e-m+fp/hard/crtbegin.o
                [!provide]                PROVIDE (__fini_array_end = .)
                0x0800ad80                _sidata = LOADADDR (.data)

.data           0x20000000       0x84 load address 0x0800ad80
                0x20000000                . = ALIGN (0x4)
                0x20000000                _sdata = .
 *(.data)
 *(.data*)
 .data.voltage_power_supply
                0x20000000        0x4 build/motor.o
                0x20000000                voltage_power_supply
 .data.uwTickFreq
                0x20000004        0x1 build/stm32f4xx_hal.o
                0x20000004                uwTickFreq
 *fill*         0x20000005        0x3 
 .data.uwTickPrio
                0x20000008        0x4 build/stm32f4xx_hal.o
                0x20000008                uwTickPrio
 .data.SystemCoreClock
                0x2000000c        0x4 build/system_stm32f4xx.o
                0x2000000c                SystemCoreClock
 .data.ASCII_Font24
                0x20000010        0xc build/lcd_fonts.o
                0x20000010                ASCII_Font24
 .data.uxCriticalNesting
                0x2000001c        0x4 build/port.o
 .data._impure_ptr
                0x20000020        0x4 d:/gcc-arm-none-eabi-10.3-2021.10/bin/../lib/gcc/arm-none-eabi/10.3.1/../../../../arm-none-eabi/lib/thumb/v7e-m+fp/hard\libc_nano.a(lib_a-impure.o)
                0x20000020                _impure_ptr
 .data.impure_data
                0x20000024       0x60 d:/gcc-arm-none-eabi-10.3-2021.10/bin/../lib/gcc/arm-none-eabi/10.3.1/../../../../arm-none-eabi/lib/thumb/v7e-m+fp/hard\libc_nano.a(lib_a-impure.o)
                0x20000084                . = ALIGN (0x4)
                0x20000084                _edata = .
                0x0800ae04                _siccmram = LOADADDR (.ccmram)

.igot.plt       0x20000084        0x0 load address 0x0800ae04
 .igot.plt      0x20000084        0x0 d:/gcc-arm-none-eabi-10.3-2021.10/bin/../lib/gcc/arm-none-eabi/10.3.1/thumb/v7e-m+fp/hard/crtbegin.o

.ccmram         0x10000000        0x0 load address 0x0800ae04
                0x10000000                . = ALIGN (0x4)
                0x10000000                _sccmram = .
 *(.ccmram)
 *(.ccmram*)
                0x10000000                . = ALIGN (0x4)
                0x10000000                _eccmram = .
                0x10000000                . = ALIGN (0x4)

.bss            0x20000084     0x5564
                0x20000084                _sbss = .
                0x20000084                __bss_start__ = _sbss
 *(.bss)
 .bss           0x20000084       0x1c d:/gcc-arm-none-eabi-10.3-2021.10/bin/../lib/gcc/arm-none-eabi/10.3.1/thumb/v7e-m+fp/hard/crtbegin.o
 *(.bss*)
 .bss.htim4     0x200000a0       0x48 build/tim.o
                0x200000a0                htim4
 .bss.htim5     0x200000e8       0x48 build/tim.o
                0x200000e8                htim5
 .bss.Ua        0x20000130        0x4 build/motor.o
                0x20000130                Ua
 .bss.Ualpha    0x20000134        0x4 build/motor.o
                0x20000134                Ualpha
 .bss.Ub        0x20000138        0x4 build/motor.o
                0x20000138                Ub
 .bss.Ubeta     0x2000013c        0x4 build/motor.o
                0x2000013c                Ubeta
 .bss.Uc        0x20000140        0x4 build/motor.o
                0x20000140                Uc
 .bss.dc_a      0x20000144        0x4 build/motor.o
                0x20000144                dc_a
 .bss.dc_b      0x20000148        0x4 build/motor.o
                0x20000148                dc_b
 .bss.dc_c      0x2000014c        0x4 build/motor.o
                0x2000014c                dc_c
 .bss.open_loop_timestamp
                0x20000150        0x4 build/motor.o
                0x20000150                open_loop_timestamp
 .bss.shaft_angle
                0x20000154        0x4 build/motor.o
                0x20000154                shaft_angle
 .bss.zero_electric_angle
                0x20000158        0x4 build/motor.o
                0x20000158                zero_electric_angle
 .bss.angle_data_prev
                0x2000015c        0x4 build/bsp_as5600.o
 .bss.full_rotation_offset
                0x20000160        0x4 build/bsp_as5600.o
 .bss.UartTxBuf
                0x20000164       0x80 build/usart.o
                0x20000164                UartTxBuf
 .bss.hdma_usart1_rx
                0x200001e4       0x60 build/usart.o
                0x200001e4                hdma_usart1_rx
 .bss.hdma_usart1_tx
                0x20000244       0x60 build/usart.o
                0x20000244                hdma_usart1_tx
 .bss.huart1    0x200002a4       0x48 build/usart.o
                0x200002a4                huart1
 .bss.micros_counter
                0x200002ec        0x4 build/stm32f4xx_it.o
                0x200002ec                micros_counter
 .bss.uwTick    0x200002f0        0x4 build/stm32f4xx_hal.o
                0x200002f0                uwTick
 .bss.LCD       0x200002f4        0xc build/spi.o
                0x200002f4                LCD
 .bss.LCD_AsciiFonts
                0x20000300        0x4 build/spi.o
 .bss.LCD_Buff  0x20000304      0x800 build/spi.o
                0x20000304                LCD_Buff
 .bss.hdma_spi3_tx
                0x20000b04       0x60 build/spi.o
                0x20000b04                hdma_spi3_tx
 .bss.hspi3     0x20000b64       0x58 build/spi.o
                0x20000b64                hspi3
 .bss.sendFlg   0x20000bbc        0x1 build/spi.o
                0x20000bbc                sendFlg
 *fill*         0x20000bbd        0x3 
 .bss.htim1     0x20000bc0       0x48 build/stm32f4xx_hal_timebase_tim.o
                0x20000bc0                htim1
 .bss.HallTask_Handler
                0x20000c08        0x4 build/freertos.o
                0x20000c08                HallTask_Handler
 .bss.LCDViewTask_Handler
                0x20000c0c        0x4 build/freertos.o
                0x20000c0c                LCDViewTask_Handler
 .bss.MotorTask_Handler
                0x20000c10        0x4 build/freertos.o
                0x20000c10                MotorTask_Handler
 .bss.angle     0x20000c14        0x4 build/freertos.o
                0x20000c14                angle
 .bss.angle_prev
                0x20000c18        0x4 build/freertos.o
                0x20000c18                angle_prev
 .bss.d_angle   0x20000c1c        0x4 build/freertos.o
                0x20000c1c                d_angle
 .bss.startTaskHandle
                0x20000c20        0x4 build/freertos.o
                0x20000c20                startTaskHandle
 .bss.w         0x20000c24        0x4 build/freertos.o
                0x20000c24                w
 .bss.w_frac    0x20000c28        0x4 build/freertos.o
                0x20000c28                w_frac
 .bss.w_int     0x20000c2c        0x4 build/freertos.o
                0x20000c2c                w_int
 .bss.xQueueRegistry
                0x20000c30       0x40 build/queue.o
                0x20000c30                xQueueRegistry
 .bss.pxCurrentTCB
                0x20000c70        0x4 build/tasks.o
                0x20000c70                pxCurrentTCB
 .bss.pxDelayedTaskList
                0x20000c74        0x4 build/tasks.o
 .bss.pxOverflowDelayedTaskList
                0x20000c78        0x4 build/tasks.o
 .bss.pxReadyTasksLists
                0x20000c7c      0x460 build/tasks.o
 .bss.uxCurrentNumberOfTasks
                0x200010dc        0x4 build/tasks.o
 .bss.uxDeletedTasksWaitingCleanUp
                0x200010e0        0x4 build/tasks.o
 .bss.uxSchedulerSuspended
                0x200010e4        0x4 build/tasks.o
 .bss.uxTaskNumber
                0x200010e8        0x4 build/tasks.o
 .bss.uxTopReadyPriority
                0x200010ec        0x4 build/tasks.o
 .bss.xDelayedTaskList1
                0x200010f0       0x14 build/tasks.o
 .bss.xDelayedTaskList2
                0x20001104       0x14 build/tasks.o
 .bss.xIdleTaskHandle
                0x20001118        0x4 build/tasks.o
 .bss.xNextTaskUnblockTime
                0x2000111c        0x4 build/tasks.o
 .bss.xNumOfOverflows
                0x20001120        0x4 build/tasks.o
 .bss.xPendedTicks
                0x20001124        0x4 build/tasks.o
 .bss.xPendingReadyList
                0x20001128       0x14 build/tasks.o
 .bss.xSchedulerRunning
                0x2000113c        0x4 build/tasks.o
 .bss.xSuspendedTaskList
                0x20001140       0x14 build/tasks.o
 .bss.xTasksWaitingTermination
                0x20001154       0x14 build/tasks.o
 .bss.xTickCount
                0x20001168        0x4 build/tasks.o
 .bss.xYieldPending
                0x2000116c        0x4 build/tasks.o
 .bss.pxCurrentTimerList
                0x20001170        0x4 build/timers.o
 .bss.pxOverflowTimerList
                0x20001174        0x4 build/timers.o
 .bss.ucStaticTimerQueueStorage.1
                0x20001178       0xa0 build/timers.o
 .bss.xActiveTimerList1
                0x20001218       0x14 build/timers.o
 .bss.xActiveTimerList2
                0x2000122c       0x14 build/timers.o
 .bss.xLastTime.2
                0x20001240        0x4 build/timers.o
 .bss.xStaticTimerQueue.0
                0x20001244       0x50 build/timers.o
 .bss.xTimerQueue
                0x20001294        0x4 build/timers.o
 .bss.xTimerTaskHandle
                0x20001298        0x4 build/timers.o
 .bss.pxEnd     0x2000129c        0x4 build/heap_4.o
 .bss.ucHeap    0x200012a0     0x3c00 build/heap_4.o
 .bss.xBlockAllocatedBit
                0x20004ea0        0x4 build/heap_4.o
 .bss.xFreeBytesRemaining
                0x20004ea4        0x4 build/heap_4.o
 .bss.xMinimumEverFreeBytesRemaining
                0x20004ea8        0x4 build/heap_4.o
 .bss.xNumberOfSuccessfulAllocations
                0x20004eac        0x4 build/heap_4.o
 .bss.xNumberOfSuccessfulFrees
                0x20004eb0        0x4 build/heap_4.o
 .bss.xStart    0x20004eb4        0x8 build/heap_4.o
 .bss.ucMaxSysCallPriority
                0x20004ebc        0x1 build/port.o
 *fill*         0x20004ebd        0x3 
 .bss.ulMaxPRIGROUPValue
                0x20004ec0        0x4 build/port.o
 .bss.Idle_Stack.2
                0x20004ec4      0x200 build/cmsis_os2.o
 .bss.Idle_TCB.3
                0x200050c4       0x5c build/cmsis_os2.o
 .bss.KernelState
                0x20005120        0x4 build/cmsis_os2.o
 .bss.Timer_Stack.0
                0x20005124      0x400 build/cmsis_os2.o
 .bss.Timer_TCB.1
                0x20005524       0x5c build/cmsis_os2.o
 .bss.hi2c2     0x20005580       0x54 build/i2c.o
                0x20005580                hi2c2
 .bss.__malloc_free_list
                0x200055d4        0x4 d:/gcc-arm-none-eabi-10.3-2021.10/bin/../lib/gcc/arm-none-eabi/10.3.1/../../../../arm-none-eabi/lib/thumb/v7e-m+fp/hard\libc_nano.a(lib_a-nano-mallocr.o)
                0x200055d4                __malloc_free_list
 .bss.__malloc_sbrk_start
                0x200055d8        0x4 d:/gcc-arm-none-eabi-10.3-2021.10/bin/../lib/gcc/arm-none-eabi/10.3.1/../../../../arm-none-eabi/lib/thumb/v7e-m+fp/hard\libc_nano.a(lib_a-nano-mallocr.o)
                0x200055d8                __malloc_sbrk_start
 .bss.errno     0x200055dc        0x4 d:/gcc-arm-none-eabi-10.3-2021.10/bin/../lib/gcc/arm-none-eabi/10.3.1/../../../../arm-none-eabi/lib/thumb/v7e-m+fp/hard\libc_nano.a(lib_a-reent.o)
                0x200055dc                errno
 .bss.__lock___malloc_recursive_mutex
                0x200055e0        0x1 d:/gcc-arm-none-eabi-10.3-2021.10/bin/../lib/gcc/arm-none-eabi/10.3.1/../../../../arm-none-eabi/lib/thumb/v7e-m+fp/hard\libc_nano.a(lib_a-lock.o)
                0x200055e0                __lock___malloc_recursive_mutex
 *fill*         0x200055e1        0x3 
 .bss.heap_end.0
                0x200055e4        0x4 d:/gcc-arm-none-eabi-10.3-2021.10/bin/../lib/gcc/arm-none-eabi/10.3.1/../../../../arm-none-eabi/lib/thumb/v7e-m+fp/hard\libnosys.a(sbrk.o)
 *(COMMON)
                0x200055e8                . = ALIGN (0x4)
                0x200055e8                _ebss = .
                0x200055e8                __bss_end__ = _ebss

._user_heap_stack
                0x200055e8      0x600
                0x200055e8                . = ALIGN (0x8)
                0x200055e8                PROVIDE (end = .)
                [!provide]                PROVIDE (_end = .)
                0x200057e8                . = (. + _Min_Heap_Size)
 *fill*         0x200055e8      0x200 
                0x20005be8                . = (. + _Min_Stack_Size)
 *fill*         0x200057e8      0x400 
                0x20005be8                . = ALIGN (0x8)

/DISCARD/
 libc.a(*)
 libm.a(*)
 libgcc.a(*)

.ARM.attributes
                0x00000000       0x30
 *(.ARM.attributes)
 .ARM.attributes
                0x00000000       0x1e d:/gcc-arm-none-eabi-10.3-2021.10/bin/../lib/gcc/arm-none-eabi/10.3.1/thumb/v7e-m+fp/hard/crti.o
 .ARM.attributes
                0x0000001e       0x34 d:/gcc-arm-none-eabi-10.3-2021.10/bin/../lib/gcc/arm-none-eabi/10.3.1/thumb/v7e-m+fp/hard/crtbegin.o
 .ARM.attributes
                0x00000052       0x34 build/main.o
 .ARM.attributes
                0x00000086       0x34 build/gpio.o
 .ARM.attributes
                0x000000ba       0x34 build/dma.o
 .ARM.attributes
                0x000000ee       0x34 build/tim.o
 .ARM.attributes
                0x00000122       0x34 build/motor.o
 .ARM.attributes
                0x00000156       0x34 build/bsp_as5600.o
 .ARM.attributes
                0x0000018a       0x34 build/usart.o
 .ARM.attributes
                0x000001be       0x34 build/stm32f4xx_it.o
 .ARM.attributes
                0x000001f2       0x34 build/stm32f4xx_hal_msp.o
 .ARM.attributes
                0x00000226       0x34 build/stm32f4xx_hal_tim.o
 .ARM.attributes
                0x0000025a       0x34 build/stm32f4xx_hal_tim_ex.o
 .ARM.attributes
                0x0000028e       0x34 build/stm32f4xx_hal_rcc.o
 .ARM.attributes
                0x000002c2       0x34 build/stm32f4xx_hal_gpio.o
 .ARM.attributes
                0x000002f6       0x34 build/stm32f4xx_hal_dma.o
 .ARM.attributes
                0x0000032a       0x34 build/stm32f4xx_hal_pwr_ex.o
 .ARM.attributes
                0x0000035e       0x34 build/stm32f4xx_hal_cortex.o
 .ARM.attributes
                0x00000392       0x34 build/stm32f4xx_hal.o
 .ARM.attributes
                0x000003c6       0x34 build/stm32f4xx_hal_uart.o
 .ARM.attributes
                0x000003fa       0x34 build/system_stm32f4xx.o
 .ARM.attributes
                0x0000042e       0x34 build/spi.o
 .ARM.attributes
                0x00000462       0x34 build/lcd_fonts.o
 .ARM.attributes
                0x00000496       0x34 build/stm32f4xx_hal_spi.o
 .ARM.attributes
                0x000004ca       0x34 build/stm32f4xx_hal_timebase_tim.o
 .ARM.attributes
                0x000004fe       0x34 build/freertos.o
 .ARM.attributes
                0x00000532       0x34 build/list.o
 .ARM.attributes
                0x00000566       0x34 build/queue.o
 .ARM.attributes
                0x0000059a       0x34 build/tasks.o
 .ARM.attributes
                0x000005ce       0x34 build/timers.o
 .ARM.attributes
                0x00000602       0x34 build/heap_4.o
 .ARM.attributes
                0x00000636       0x34 build/port.o
 .ARM.attributes
                0x0000066a       0x34 build/cmsis_os2.o
 .ARM.attributes
                0x0000069e       0x34 build/i2c.o
 .ARM.attributes
                0x000006d2       0x34 build/stm32f4xx_hal_i2c.o
 .ARM.attributes
                0x00000706       0x34 build/stm32f4xx_hal_i2c_ex.o
 .ARM.attributes
                0x0000073a       0x21 build/startup_stm32f429xx.o
 .ARM.attributes
                0x0000075b       0x34 d:/gcc-arm-none-eabi-10.3-2021.10/bin/../lib/gcc/arm-none-eabi/10.3.1/../../../../arm-none-eabi/lib/thumb/v7e-m+fp/hard\libc_nano.a(lib_a-impure.o)
 .ARM.attributes
                0x0000078f       0x34 d:/gcc-arm-none-eabi-10.3-2021.10/bin/../lib/gcc/arm-none-eabi/10.3.1/../../../../arm-none-eabi/lib/thumb/v7e-m+fp/hard\libc_nano.a(lib_a-init.o)
 .ARM.attributes
                0x000007c3       0x34 d:/gcc-arm-none-eabi-10.3-2021.10/bin/../lib/gcc/arm-none-eabi/10.3.1/../../../../arm-none-eabi/lib/thumb/v7e-m+fp/hard\libc_nano.a(lib_a-memcpy-stub.o)
 .ARM.attributes
                0x000007f7       0x34 d:/gcc-arm-none-eabi-10.3-2021.10/bin/../lib/gcc/arm-none-eabi/10.3.1/../../../../arm-none-eabi/lib/thumb/v7e-m+fp/hard\libc_nano.a(lib_a-memset.o)
 .ARM.attributes
                0x0000082b       0x34 d:/gcc-arm-none-eabi-10.3-2021.10/bin/../lib/gcc/arm-none-eabi/10.3.1/../../../../arm-none-eabi/lib/thumb/v7e-m+fp/hard\libc_nano.a(lib_a-sprintf.o)
 .ARM.attributes
                0x0000085f       0x34 d:/gcc-arm-none-eabi-10.3-2021.10/bin/../lib/gcc/arm-none-eabi/10.3.1/../../../../arm-none-eabi/lib/thumb/v7e-m+fp/hard\libc_nano.a(lib_a-strcpy.o)
 .ARM.attributes
                0x00000893       0x17 d:/gcc-arm-none-eabi-10.3-2021.10/bin/../lib/gcc/arm-none-eabi/10.3.1/../../../../arm-none-eabi/lib/thumb/v7e-m+fp/hard\libc_nano.a(lib_a-strlen.o)
 .ARM.attributes
                0x000008aa       0x34 d:/gcc-arm-none-eabi-10.3-2021.10/bin/../lib/gcc/arm-none-eabi/10.3.1/../../../../arm-none-eabi/lib/thumb/v7e-m+fp/hard\libc_nano.a(lib_a-vsnprintf.o)
 .ARM.attributes
                0x000008de       0x34 d:/gcc-arm-none-eabi-10.3-2021.10/bin/../lib/gcc/arm-none-eabi/10.3.1/../../../../arm-none-eabi/lib/thumb/v7e-m+fp/hard\libc_nano.a(lib_a-nano-svfprintf.o)
 .ARM.attributes
                0x00000912       0x34 d:/gcc-arm-none-eabi-10.3-2021.10/bin/../lib/gcc/arm-none-eabi/10.3.1/../../../../arm-none-eabi/lib/thumb/v7e-m+fp/hard\libc_nano.a(lib_a-nano-vfprintf_i.o)
 .ARM.attributes
                0x00000946       0x1c d:/gcc-arm-none-eabi-10.3-2021.10/bin/../lib/gcc/arm-none-eabi/10.3.1/../../../../arm-none-eabi/lib/thumb/v7e-m+fp/hard\libc_nano.a(lib_a-memchr.o)
 .ARM.attributes
                0x00000962       0x34 d:/gcc-arm-none-eabi-10.3-2021.10/bin/../lib/gcc/arm-none-eabi/10.3.1/../../../../arm-none-eabi/lib/thumb/v7e-m+fp/hard\libc_nano.a(lib_a-memmove.o)
 .ARM.attributes
                0x00000996       0x34 d:/gcc-arm-none-eabi-10.3-2021.10/bin/../lib/gcc/arm-none-eabi/10.3.1/../../../../arm-none-eabi/lib/thumb/v7e-m+fp/hard\libc_nano.a(lib_a-nano-freer.o)
 .ARM.attributes
                0x000009ca       0x34 d:/gcc-arm-none-eabi-10.3-2021.10/bin/../lib/gcc/arm-none-eabi/10.3.1/../../../../arm-none-eabi/lib/thumb/v7e-m+fp/hard\libc_nano.a(lib_a-nano-mallocr.o)
 .ARM.attributes
                0x000009fe       0x34 d:/gcc-arm-none-eabi-10.3-2021.10/bin/../lib/gcc/arm-none-eabi/10.3.1/../../../../arm-none-eabi/lib/thumb/v7e-m+fp/hard\libc_nano.a(lib_a-nano-reallocr.o)
 .ARM.attributes
                0x00000a32       0x34 d:/gcc-arm-none-eabi-10.3-2021.10/bin/../lib/gcc/arm-none-eabi/10.3.1/../../../../arm-none-eabi/lib/thumb/v7e-m+fp/hard\libc_nano.a(lib_a-sbrkr.o)
 .ARM.attributes
                0x00000a66       0x34 d:/gcc-arm-none-eabi-10.3-2021.10/bin/../lib/gcc/arm-none-eabi/10.3.1/../../../../arm-none-eabi/lib/thumb/v7e-m+fp/hard\libc_nano.a(lib_a-mlock.o)
 .ARM.attributes
                0x00000a9a       0x34 d:/gcc-arm-none-eabi-10.3-2021.10/bin/../lib/gcc/arm-none-eabi/10.3.1/../../../../arm-none-eabi/lib/thumb/v7e-m+fp/hard\libc_nano.a(lib_a-nano-msizer.o)
 .ARM.attributes
                0x00000ace       0x34 d:/gcc-arm-none-eabi-10.3-2021.10/bin/../lib/gcc/arm-none-eabi/10.3.1/../../../../arm-none-eabi/lib/thumb/v7e-m+fp/hard\libc_nano.a(lib_a-reent.o)
 .ARM.attributes
                0x00000b02       0x34 d:/gcc-arm-none-eabi-10.3-2021.10/bin/../lib/gcc/arm-none-eabi/10.3.1/../../../../arm-none-eabi/lib/thumb/v7e-m+fp/hard\libc_nano.a(lib_a-lock.o)
 .ARM.attributes
                0x00000b36       0x34 d:/gcc-arm-none-eabi-10.3-2021.10/bin/../lib/gcc/arm-none-eabi/10.3.1/../../../../arm-none-eabi/lib/thumb/v7e-m+fp/hard\libm.a(lib_a-s_cos.o)
 .ARM.attributes
                0x00000b6a       0x34 d:/gcc-arm-none-eabi-10.3-2021.10/bin/../lib/gcc/arm-none-eabi/10.3.1/../../../../arm-none-eabi/lib/thumb/v7e-m+fp/hard\libm.a(lib_a-s_round.o)
 .ARM.attributes
                0x00000b9e       0x34 d:/gcc-arm-none-eabi-10.3-2021.10/bin/../lib/gcc/arm-none-eabi/10.3.1/../../../../arm-none-eabi/lib/thumb/v7e-m+fp/hard\libm.a(lib_a-s_sin.o)
 .ARM.attributes
                0x00000bd2       0x34 d:/gcc-arm-none-eabi-10.3-2021.10/bin/../lib/gcc/arm-none-eabi/10.3.1/../../../../arm-none-eabi/lib/thumb/v7e-m+fp/hard\libm.a(lib_a-w_fmod.o)
 .ARM.attributes
                0x00000c06       0x34 d:/gcc-arm-none-eabi-10.3-2021.10/bin/../lib/gcc/arm-none-eabi/10.3.1/../../../../arm-none-eabi/lib/thumb/v7e-m+fp/hard\libm.a(lib_a-e_fmod.o)
 .ARM.attributes
                0x00000c3a       0x34 d:/gcc-arm-none-eabi-10.3-2021.10/bin/../lib/gcc/arm-none-eabi/10.3.1/../../../../arm-none-eabi/lib/thumb/v7e-m+fp/hard\libm.a(lib_a-e_rem_pio2.o)
 .ARM.attributes
                0x00000c6e       0x34 d:/gcc-arm-none-eabi-10.3-2021.10/bin/../lib/gcc/arm-none-eabi/10.3.1/../../../../arm-none-eabi/lib/thumb/v7e-m+fp/hard\libm.a(lib_a-k_cos.o)
 .ARM.attributes
                0x00000ca2       0x34 d:/gcc-arm-none-eabi-10.3-2021.10/bin/../lib/gcc/arm-none-eabi/10.3.1/../../../../arm-none-eabi/lib/thumb/v7e-m+fp/hard\libm.a(lib_a-k_rem_pio2.o)
 .ARM.attributes
                0x00000cd6       0x34 d:/gcc-arm-none-eabi-10.3-2021.10/bin/../lib/gcc/arm-none-eabi/10.3.1/../../../../arm-none-eabi/lib/thumb/v7e-m+fp/hard\libm.a(lib_a-k_sin.o)
 .ARM.attributes
                0x00000d0a       0x34 d:/gcc-arm-none-eabi-10.3-2021.10/bin/../lib/gcc/arm-none-eabi/10.3.1/../../../../arm-none-eabi/lib/thumb/v7e-m+fp/hard\libm.a(lib_a-s_fabs.o)
 .ARM.attributes
                0x00000d3e       0x34 d:/gcc-arm-none-eabi-10.3-2021.10/bin/../lib/gcc/arm-none-eabi/10.3.1/../../../../arm-none-eabi/lib/thumb/v7e-m+fp/hard\libm.a(lib_a-s_floor.o)
 .ARM.attributes
                0x00000d72       0x34 d:/gcc-arm-none-eabi-10.3-2021.10/bin/../lib/gcc/arm-none-eabi/10.3.1/../../../../arm-none-eabi/lib/thumb/v7e-m+fp/hard\libm.a(lib_a-s_scalbn.o)
 .ARM.attributes
                0x00000da6       0x34 d:/gcc-arm-none-eabi-10.3-2021.10/bin/../lib/gcc/arm-none-eabi/10.3.1/../../../../arm-none-eabi/lib/thumb/v7e-m+fp/hard\libnosys.a(sbrk.o)
 .ARM.attributes
                0x00000dda       0x1e d:/gcc-arm-none-eabi-10.3-2021.10/bin/../lib/gcc/arm-none-eabi/10.3.1/thumb/v7e-m+fp/hard\libgcc.a(_arm_addsubdf3.o)
 .ARM.attributes
                0x00000df8       0x1e d:/gcc-arm-none-eabi-10.3-2021.10/bin/../lib/gcc/arm-none-eabi/10.3.1/thumb/v7e-m+fp/hard\libgcc.a(_arm_muldivdf3.o)
 .ARM.attributes
                0x00000e16       0x1e d:/gcc-arm-none-eabi-10.3-2021.10/bin/../lib/gcc/arm-none-eabi/10.3.1/thumb/v7e-m+fp/hard\libgcc.a(_arm_cmpdf2.o)
 .ARM.attributes
                0x00000e34       0x1e d:/gcc-arm-none-eabi-10.3-2021.10/bin/../lib/gcc/arm-none-eabi/10.3.1/thumb/v7e-m+fp/hard\libgcc.a(_arm_unorddf2.o)
 .ARM.attributes
                0x00000e52       0x1e d:/gcc-arm-none-eabi-10.3-2021.10/bin/../lib/gcc/arm-none-eabi/10.3.1/thumb/v7e-m+fp/hard\libgcc.a(_arm_fixdfsi.o)
 .ARM.attributes
                0x00000e70       0x1e d:/gcc-arm-none-eabi-10.3-2021.10/bin/../lib/gcc/arm-none-eabi/10.3.1/thumb/v7e-m+fp/hard\libgcc.a(_arm_truncdfsf2.o)
 .ARM.attributes
                0x00000e8e       0x1e d:/gcc-arm-none-eabi-10.3-2021.10/bin/../lib/gcc/arm-none-eabi/10.3.1/thumb/v7e-m+fp/hard\libgcc.a(_aeabi_uldivmod.o)
 .ARM.attributes
                0x00000eac       0x34 d:/gcc-arm-none-eabi-10.3-2021.10/bin/../lib/gcc/arm-none-eabi/10.3.1/thumb/v7e-m+fp/hard\libgcc.a(_udivmoddi4.o)
 .ARM.attributes
                0x00000ee0       0x1e d:/gcc-arm-none-eabi-10.3-2021.10/bin/../lib/gcc/arm-none-eabi/10.3.1/thumb/v7e-m+fp/hard\libgcc.a(_dvmd_tls.o)
 .ARM.attributes
                0x00000efe       0x34 d:/gcc-arm-none-eabi-10.3-2021.10/bin/../lib/gcc/arm-none-eabi/10.3.1/../../../../arm-none-eabi/lib/thumb/v7e-m+fp/hard\libc_nano.a(lib_a-errno.o)
 .ARM.attributes
                0x00000f32       0x1e d:/gcc-arm-none-eabi-10.3-2021.10/bin/../lib/gcc/arm-none-eabi/10.3.1/thumb/v7e-m+fp/hard/crtn.o
OUTPUT(build/FOC.elf elf32-littlearm)
LOAD linker stubs
LOAD d:/gcc-arm-none-eabi-10.3-2021.10/bin/../lib/gcc/arm-none-eabi/10.3.1/../../../../arm-none-eabi/lib/thumb/v7e-m+fp/hard\libc.a
LOAD d:/gcc-arm-none-eabi-10.3-2021.10/bin/../lib/gcc/arm-none-eabi/10.3.1/../../../../arm-none-eabi/lib/thumb/v7e-m+fp/hard\libm.a
LOAD d:/gcc-arm-none-eabi-10.3-2021.10/bin/../lib/gcc/arm-none-eabi/10.3.1/thumb/v7e-m+fp/hard\libgcc.a

.debug_info     0x00000000    0x2d89e
 .debug_info    0x00000000      0xe57 build/main.o
 .debug_info    0x00000e57      0x5dd build/gpio.o
 .debug_info    0x00001434      0xc3b build/dma.o
 .debug_info    0x0000206f     0x1268 build/tim.o
 .debug_info    0x000032d7      0xc95 build/motor.o
 .debug_info    0x00003f6c      0x9d9 build/bsp_as5600.o
 .debug_info    0x00004945      0xf8c build/usart.o
 .debug_info    0x000058d1      0xc05 build/stm32f4xx_it.o
 .debug_info    0x000064d6      0x5ae build/stm32f4xx_hal_msp.o
 .debug_info    0x00006a84     0x40cc build/stm32f4xx_hal_tim.o
 .debug_info    0x0000ab50     0x1c8f build/stm32f4xx_hal_tim_ex.o
 .debug_info    0x0000c7df      0xc08 build/stm32f4xx_hal_rcc.o
 .debug_info    0x0000d3e7      0x86a build/stm32f4xx_hal_gpio.o
 .debug_info    0x0000dc51      0xbd1 build/stm32f4xx_hal_dma.o
 .debug_info    0x0000e822      0x85e build/stm32f4xx_hal_pwr_ex.o
 .debug_info    0x0000f080     0x11c1 build/stm32f4xx_hal_cortex.o
 .debug_info    0x00010241      0xb55 build/stm32f4xx_hal.o
 .debug_info    0x00010d96     0x432e build/stm32f4xx_hal_uart.o
 .debug_info    0x000150c4      0x5d5 build/system_stm32f4xx.o
 .debug_info    0x00015699     0x204d build/spi.o
 .debug_info    0x000176e6      0x264 build/lcd_fonts.o
 .debug_info    0x0001794a     0x2039 build/stm32f4xx_hal_spi.o
 .debug_info    0x00019983      0xdc8 build/stm32f4xx_hal_timebase_tim.o
 .debug_info    0x0001a74b      0xc7a build/freertos.o
 .debug_info    0x0001b3c5      0x30f build/list.o
 .debug_info    0x0001b6d4     0x2968 build/queue.o
 .debug_info    0x0001e03c     0x333f build/tasks.o
 .debug_info    0x0002137b     0x1bd3 build/timers.o
 .debug_info    0x00022f4e      0x61a build/heap_4.o
 .debug_info    0x00023568      0x5c8 build/port.o
 .debug_info    0x00023b30     0x4e55 build/cmsis_os2.o
 .debug_info    0x00028985      0xbfa build/i2c.o
 .debug_info    0x0002957f     0x3b9f build/stm32f4xx_hal_i2c.o
 .debug_info    0x0002d11e      0x75e build/stm32f4xx_hal_i2c_ex.o
 .debug_info    0x0002d87c       0x22 build/startup_stm32f429xx.o

.debug_abbrev   0x00000000     0x5027
 .debug_abbrev  0x00000000      0x243 build/main.o
 .debug_abbrev  0x00000243      0x151 build/gpio.o
 .debug_abbrev  0x00000394      0x1cb build/dma.o
 .debug_abbrev  0x0000055f      0x1f3 build/tim.o
 .debug_abbrev  0x00000752      0x26b build/motor.o
 .debug_abbrev  0x000009bd      0x1f4 build/bsp_as5600.o
 .debug_abbrev  0x00000bb1      0x23e build/usart.o
 .debug_abbrev  0x00000def      0x1ce build/stm32f4xx_it.o
 .debug_abbrev  0x00000fbd      0x11c build/stm32f4xx_hal_msp.o
 .debug_abbrev  0x000010d9      0x289 build/stm32f4xx_hal_tim.o
 .debug_abbrev  0x00001362      0x29f build/stm32f4xx_hal_tim_ex.o
 .debug_abbrev  0x00001601      0x2aa build/stm32f4xx_hal_rcc.o
 .debug_abbrev  0x000018ab      0x22b build/stm32f4xx_hal_gpio.o
 .debug_abbrev  0x00001ad6      0x2ff build/stm32f4xx_hal_dma.o
 .debug_abbrev  0x00001dd5      0x1c3 build/stm32f4xx_hal_pwr_ex.o
 .debug_abbrev  0x00001f98      0x382 build/stm32f4xx_hal_cortex.o
 .debug_abbrev  0x0000231a      0x209 build/stm32f4xx_hal.o
 .debug_abbrev  0x00002523      0x356 build/stm32f4xx_hal_uart.o
 .debug_abbrev  0x00002879      0x11b build/system_stm32f4xx.o
 .debug_abbrev  0x00002994      0x2e0 build/spi.o
 .debug_abbrev  0x00002c74       0xc1 build/lcd_fonts.o
 .debug_abbrev  0x00002d35      0x2b3 build/stm32f4xx_hal_spi.o
 .debug_abbrev  0x00002fe8      0x202 build/stm32f4xx_hal_timebase_tim.o
 .debug_abbrev  0x000031ea      0x1de build/freertos.o
 .debug_abbrev  0x000033c8      0x124 build/list.o
 .debug_abbrev  0x000034ec      0x3c4 build/queue.o
 .debug_abbrev  0x000038b0      0x387 build/tasks.o
 .debug_abbrev  0x00003c37      0x366 build/timers.o
 .debug_abbrev  0x00003f9d      0x269 build/heap_4.o
 .debug_abbrev  0x00004206      0x28a build/port.o
 .debug_abbrev  0x00004490      0x56a build/cmsis_os2.o
 .debug_abbrev  0x000049fa      0x1d7 build/i2c.o
 .debug_abbrev  0x00004bd1      0x2f3 build/stm32f4xx_hal_i2c.o
 .debug_abbrev  0x00004ec4      0x151 build/stm32f4xx_hal_i2c_ex.o
 .debug_abbrev  0x00005015       0x12 build/startup_stm32f429xx.o

.debug_loc      0x00000000    0x24d6b
 .debug_loc     0x00000000       0xc8 build/main.o
 .debug_loc     0x000000c8       0x39 build/gpio.o
 .debug_loc     0x00000101       0x38 build/dma.o
 .debug_loc     0x00000139      0x232 build/tim.o
 .debug_loc     0x0000036b      0x2c1 build/motor.o
 .debug_loc     0x0000062c      0x31f build/bsp_as5600.o
 .debug_loc     0x0000094b      0x173 build/usart.o
 .debug_loc     0x00000abe       0xe0 build/stm32f4xx_it.o
 .debug_loc     0x00000b9e       0x38 build/stm32f4xx_hal_msp.o
 .debug_loc     0x00000bd6     0x5be1 build/stm32f4xx_hal_tim.o
 .debug_loc     0x000067b7     0x212a build/stm32f4xx_hal_tim_ex.o
 .debug_loc     0x000088e1      0x6e4 build/stm32f4xx_hal_rcc.o
 .debug_loc     0x00008fc5      0x5e8 build/stm32f4xx_hal_gpio.o
 .debug_loc     0x000095ad      0xd6d build/stm32f4xx_hal_dma.o
 .debug_loc     0x0000a31a      0x378 build/stm32f4xx_hal_pwr_ex.o
 .debug_loc     0x0000a692      0x7a4 build/stm32f4xx_hal_cortex.o
 .debug_loc     0x0000ae36      0x1e1 build/stm32f4xx_hal.o
 .debug_loc     0x0000b017     0x4d30 build/stm32f4xx_hal_uart.o
 .debug_loc     0x0000fd47      0x158 build/system_stm32f4xx.o
 .debug_loc     0x0000fe9f      0xda1 build/spi.o
 .debug_loc     0x00010c40     0x26ec build/stm32f4xx_hal_spi.o
 .debug_loc     0x0001332c       0xe8 build/stm32f4xx_hal_timebase_tim.o
 .debug_loc     0x00013414      0x1ec build/freertos.o
 .debug_loc     0x00013600       0xe5 build/list.o
 .debug_loc     0x000136e5     0x1fe4 build/queue.o
 .debug_loc     0x000156c9     0x2c72 build/tasks.o
 .debug_loc     0x0001833b     0x1586 build/timers.o
 .debug_loc     0x000198c1      0x4e4 build/heap_4.o
 .debug_loc     0x00019da5      0x1c0 build/port.o
 .debug_loc     0x00019f65     0x5dbc build/cmsis_os2.o
 .debug_loc     0x0001fd21       0xeb build/i2c.o
 .debug_loc     0x0001fe0c     0x4e61 build/stm32f4xx_hal_i2c.o
 .debug_loc     0x00024c6d       0xfe build/stm32f4xx_hal_i2c_ex.o

.debug_aranges  0x00000000     0x1b60
 .debug_aranges
                0x00000000       0x38 build/main.o
 .debug_aranges
                0x00000038       0x20 build/gpio.o
 .debug_aranges
                0x00000058       0x28 build/dma.o
 .debug_aranges
                0x00000080       0x40 build/tim.o
 .debug_aranges
                0x000000c0       0x40 build/motor.o
 .debug_aranges
                0x00000100       0x40 build/bsp_as5600.o
 .debug_aranges
                0x00000140       0x38 build/usart.o
 .debug_aranges
                0x00000178       0x88 build/stm32f4xx_it.o
 .debug_aranges
                0x00000200       0x20 build/stm32f4xx_hal_msp.o
 .debug_aranges
                0x00000220      0x3d0 build/stm32f4xx_hal_tim.o
 .debug_aranges
                0x000005f0      0x168 build/stm32f4xx_hal_tim_ex.o
 .debug_aranges
                0x00000758       0x88 build/stm32f4xx_hal_rcc.o
 .debug_aranges
                0x000007e0       0x58 build/stm32f4xx_hal_gpio.o
 .debug_aranges
                0x00000838       0x90 build/stm32f4xx_hal_dma.o
 .debug_aranges
                0x000008c8       0x60 build/stm32f4xx_hal_pwr_ex.o
 .debug_aranges
                0x00000928       0xb0 build/stm32f4xx_hal_cortex.o
 .debug_aranges
                0x000009d8      0x100 build/stm32f4xx_hal.o
 .debug_aranges
                0x00000ad8      0x208 build/stm32f4xx_hal_uart.o
 .debug_aranges
                0x00000ce0       0x28 build/system_stm32f4xx.o
 .debug_aranges
                0x00000d08       0xc0 build/spi.o
 .debug_aranges
                0x00000dc8       0x18 build/lcd_fonts.o
 .debug_aranges
                0x00000de0      0x1d0 build/stm32f4xx_hal_spi.o
 .debug_aranges
                0x00000fb0       0x30 build/stm32f4xx_hal_timebase_tim.o
 .debug_aranges
                0x00000fe0       0x50 build/freertos.o
 .debug_aranges
                0x00001030       0x40 build/list.o
 .debug_aranges
                0x00001070      0x158 build/queue.o
 .debug_aranges
                0x000011c8      0x208 build/tasks.o
 .debug_aranges
                0x000013d0       0xf0 build/timers.o
 .debug_aranges
                0x000014c0       0x58 build/heap_4.o
 .debug_aranges
                0x00001518       0x80 build/port.o
 .debug_aranges
                0x00001598      0x2a0 build/cmsis_os2.o
 .debug_aranges
                0x00001838       0x30 build/i2c.o
 .debug_aranges
                0x00001868      0x2a8 build/stm32f4xx_hal_i2c.o
 .debug_aranges
                0x00001b10       0x28 build/stm32f4xx_hal_i2c_ex.o
 .debug_aranges
                0x00001b38       0x28 build/startup_stm32f429xx.o

.debug_ranges   0x00000000     0x1c78
 .debug_ranges  0x00000000       0x28 build/main.o
 .debug_ranges  0x00000028       0x10 build/gpio.o
 .debug_ranges  0x00000038       0x18 build/dma.o
 .debug_ranges  0x00000050       0x30 build/tim.o
 .debug_ranges  0x00000080       0x30 build/motor.o
 .debug_ranges  0x000000b0       0x30 build/bsp_as5600.o
 .debug_ranges  0x000000e0       0x28 build/usart.o
 .debug_ranges  0x00000108       0x78 build/stm32f4xx_it.o
 .debug_ranges  0x00000180       0x10 build/stm32f4xx_hal_msp.o
 .debug_ranges  0x00000190      0x3c0 build/stm32f4xx_hal_tim.o
 .debug_ranges  0x00000550      0x158 build/stm32f4xx_hal_tim_ex.o
 .debug_ranges  0x000006a8       0x90 build/stm32f4xx_hal_rcc.o
 .debug_ranges  0x00000738       0x48 build/stm32f4xx_hal_gpio.o
 .debug_ranges  0x00000780       0x80 build/stm32f4xx_hal_dma.o
 .debug_ranges  0x00000800       0x50 build/stm32f4xx_hal_pwr_ex.o
 .debug_ranges  0x00000850      0x100 build/stm32f4xx_hal_cortex.o
 .debug_ranges  0x00000950       0xf0 build/stm32f4xx_hal.o
 .debug_ranges  0x00000a40      0x210 build/stm32f4xx_hal_uart.o
 .debug_ranges  0x00000c50       0x18 build/system_stm32f4xx.o
 .debug_ranges  0x00000c68      0x110 build/spi.o
 .debug_ranges  0x00000d78      0x1c0 build/stm32f4xx_hal_spi.o