Archive member included to satisfy reference by file (symbol)

d:/gcc-arm-none-eabi-10.3-2021.10/bin/../lib/gcc/arm-none-eabi/10.3.1/../../../../arm-none-eabi/lib/thumb/v7e-m+fp/hard\libc_nano.a(lib_a-exit.o)
                              d:/gcc-arm-none-eabi-10.3-2021.10/bin/../lib/gcc/arm-none-eabi/10.3.1/../../../../arm-none-eabi/lib/thumb/v7e-m+fp/hard/crt0.o (exit)
d:/gcc-arm-none-eabi-10.3-2021.10/bin/../lib/gcc/arm-none-eabi/10.3.1/../../../../arm-none-eabi/lib/thumb/v7e-m+fp/hard\libc_nano.a(lib_a-impure.o)
                              d:/gcc-arm-none-eabi-10.3-2021.10/bin/../lib/gcc/arm-none-eabi/10.3.1/../../../../arm-none-eabi/lib/thumb/v7e-m+fp/hard\libc_nano.a(lib_a-exit.o) (_global_impure_ptr)
d:/gcc-arm-none-eabi-10.3-2021.10/bin/../lib/gcc/arm-none-eabi/10.3.1/../../../../arm-none-eabi/lib/thumb/v7e-m+fp/hard\libc_nano.a(lib_a-init.o)
                              d:/gcc-arm-none-eabi-10.3-2021.10/bin/../lib/gcc/arm-none-eabi/10.3.1/../../../../arm-none-eabi/lib/thumb/v7e-m+fp/hard/crt0.o (__libc_init_array)
d:/gcc-arm-none-eabi-10.3-2021.10/bin/../lib/gcc/arm-none-eabi/10.3.1/../../../../arm-none-eabi/lib/thumb/v7e-m+fp/hard\libc_nano.a(lib_a-memcpy-stub.o)
                              build/queue.o (memcpy)
d:/gcc-arm-none-eabi-10.3-2021.10/bin/../lib/gcc/arm-none-eabi/10.3.1/../../../../arm-none-eabi/lib/thumb/v7e-m+fp/hard\libc_nano.a(lib_a-memset.o)
                              d:/gcc-arm-none-eabi-10.3-2021.10/bin/../lib/gcc/arm-none-eabi/10.3.1/../../../../arm-none-eabi/lib/thumb/v7e-m+fp/hard/crt0.o (memset)
d:/gcc-arm-none-eabi-10.3-2021.10/bin/../lib/gcc/arm-none-eabi/10.3.1/../../../../arm-none-eabi/lib/thumb/v7e-m+fp/hard\libc_nano.a(lib_a-sprintf.o)
                              build/spi.o (sprintf)
d:/gcc-arm-none-eabi-10.3-2021.10/bin/../lib/gcc/arm-none-eabi/10.3.1/../../../../arm-none-eabi/lib/thumb/v7e-m+fp/hard\libc_nano.a(lib_a-strcpy.o)
                              build/spi.o (strcpy)
d:/gcc-arm-none-eabi-10.3-2021.10/bin/../lib/gcc/arm-none-eabi/10.3.1/../../../../arm-none-eabi/lib/thumb/v7e-m+fp/hard\libc_nano.a(lib_a-strlen.o)
                              build/spi.o (strlen)
d:/gcc-arm-none-eabi-10.3-2021.10/bin/../lib/gcc/arm-none-eabi/10.3.1/../../../../arm-none-eabi/lib/thumb/v7e-m+fp/hard\libc_nano.a(lib_a-vsnprintf.o)
                              build/usart.o (vsnprintf)
d:/gcc-arm-none-eabi-10.3-2021.10/bin/../lib/gcc/arm-none-eabi/10.3.1/../../../../arm-none-eabi/lib/thumb/v7e-m+fp/hard\libc_nano.a(lib_a-nano-svfprintf.o)
                              d:/gcc-arm-none-eabi-10.3-2021.10/bin/../lib/gcc/arm-none-eabi/10.3.1/../../../../arm-none-eabi/lib/thumb/v7e-m+fp/hard\libc_nano.a(lib_a-sprintf.o) (_svfprintf_r)
d:/gcc-arm-none-eabi-10.3-2021.10/bin/../lib/gcc/arm-none-eabi/10.3.1/../../../../arm-none-eabi/lib/thumb/v7e-m+fp/hard\libc_nano.a(lib_a-nano-vfprintf_i.o)
                              d:/gcc-arm-none-eabi-10.3-2021.10/bin/../lib/gcc/arm-none-eabi/10.3.1/../../../../arm-none-eabi/lib/thumb/v7e-m+fp/hard\libc_nano.a(lib_a-nano-svfprintf.o) (_printf_i)
d:/gcc-arm-none-eabi-10.3-2021.10/bin/../lib/gcc/arm-none-eabi/10.3.1/../../../../arm-none-eabi/lib/thumb/v7e-m+fp/hard\libc_nano.a(lib_a-memchr.o)
                              d:/gcc-arm-none-eabi-10.3-2021.10/bin/../lib/gcc/arm-none-eabi/10.3.1/../../../../arm-none-eabi/lib/thumb/v7e-m+fp/hard\libc_nano.a(lib_a-nano-svfprintf.o) (memchr)
d:/gcc-arm-none-eabi-10.3-2021.10/bin/../lib/gcc/arm-none-eabi/10.3.1/../../../../arm-none-eabi/lib/thumb/v7e-m+fp/hard\libc_nano.a(lib_a-memmove.o)
                              d:/gcc-arm-none-eabi-10.3-2021.10/bin/../lib/gcc/arm-none-eabi/10.3.1/../../../../arm-none-eabi/lib/thumb/v7e-m+fp/hard\libc_nano.a(lib_a-nano-svfprintf.o) (memmove)
d:/gcc-arm-none-eabi-10.3-2021.10/bin/../lib/gcc/arm-none-eabi/10.3.1/../../../../arm-none-eabi/lib/thumb/v7e-m+fp/hard\libc_nano.a(lib_a-nano-freer.o)
                              d:/gcc-arm-none-eabi-10.3-2021.10/bin/../lib/gcc/arm-none-eabi/10.3.1/../../../../arm-none-eabi/lib/thumb/v7e-m+fp/hard\libc_nano.a(lib_a-nano-svfprintf.o) (_free_r)
d:/gcc-arm-none-eabi-10.3-2021.10/bin/../lib/gcc/arm-none-eabi/10.3.1/../../../../arm-none-eabi/lib/thumb/v7e-m+fp/hard\libc_nano.a(lib_a-nano-mallocr.o)
                              d:/gcc-arm-none-eabi-10.3-2021.10/bin/../lib/gcc/arm-none-eabi/10.3.1/../../../../arm-none-eabi/lib/thumb/v7e-m+fp/hard\libc_nano.a(lib_a-nano-svfprintf.o) (_malloc_r)
d:/gcc-arm-none-eabi-10.3-2021.10/bin/../lib/gcc/arm-none-eabi/10.3.1/../../../../arm-none-eabi/lib/thumb/v7e-m+fp/hard\libc_nano.a(lib_a-nano-reallocr.o)
                              d:/gcc-arm-none-eabi-10.3-2021.10/bin/../lib/gcc/arm-none-eabi/10.3.1/../../../../arm-none-eabi/lib/thumb/v7e-m+fp/hard\libc_nano.a(lib_a-nano-svfprintf.o) (_realloc_r)
d:/gcc-arm-none-eabi-10.3-2021.10/bin/../lib/gcc/arm-none-eabi/10.3.1/../../../../arm-none-eabi/lib/thumb/v7e-m+fp/hard\libc_nano.a(lib_a-sbrkr.o)
[...]
Memory Configuration

Name             Origin             Length             Attributes
RAM              0x20000000         0x00030000         xrw
CCMRAM           0x10000000         0x00010000         xrw
FLASH            0x08000000         0x00100000         xr
*default*        0x00000000         0xffffffff

Linker script and memory map

LOAD d:/gcc-arm-none-eabi-10.3-2021.10/bin/../lib/gcc/arm-none-eabi/10.3.1/thumb/v7e-m+fp/hard/crti.o
LOAD d:/gcc-arm-none-eabi-10.3-2021.10/bin/../lib/gcc/arm-none-eabi/10.3.1/thumb/v7e-m+fp/hard/crtbegin.o
LOAD d:/gcc-arm-none-eabi-10.3-2021.10/bin/../lib/gcc/arm-none-eabi/10.3.1/../../../../arm-none-eabi/lib/thumb/v7e-m+fp/hard/crt0.o
LOAD build/main.o
LOAD build/gpio.o
LOAD build/dma.o
LOAD build/tim.o
LOAD build/usart.o
LOAD build/stm32f4xx_it.o
LOAD build/stm32f4xx_hal_msp.o
LOAD build/stm32f4xx_hal_tim.o
LOAD build/stm32f4xx_hal_tim_ex.o
LOAD build/stm32f4xx_hal_rcc.o
LOAD build/stm32f4xx_hal_rcc_ex.o
LOAD build/stm32f4xx_hal_flash.o
LOAD build/stm32f4xx_hal_flash_ex.o
LOAD build/stm32f4xx_hal_flash_ramfunc.o
LOAD build/stm32f4xx_hal_gpio.o
LOAD build/stm32f4xx_hal_dma_ex.o
LOAD build/stm32f4xx_hal_dma.o
LOAD build/stm32f4xx_hal_pwr.o
LOAD build/stm32f4xx_hal_pwr_ex.o
LOAD build/stm32f4xx_hal_cortex.o
LOAD build/stm32f4xx_hal.o
LOAD build/stm32f4xx_hal_exti.o
LOAD build/stm32f4xx_hal_uart.o
LOAD build/arm_sin_f32.o
LOAD build/arm_common_tables.o
LOAD build/system_stm32f4xx.o
LOAD build/spi.o
LOAD build/lcd_fonts.o
LOAD build/stm32f4xx_hal_spi.o
LOAD build/stm32f4xx_hal_timebase_tim.o
LOAD build/freertos.o
LOAD build/croutine.o
LOAD build/event_groups.o
LOAD build/list.o
LOAD build/queue.o
LOAD build/stream_buffer.o
LOAD build/tasks.o
LOAD build/timers.o
LOAD build/heap_4.o
LOAD build/port.o
LOAD build/cmsis_os2.o
LOAD build/startup_stm32f429xx.o
LOAD d:/gcc-arm-none-eabi-10.3-2021.10/bin/../lib/gcc/arm-none-eabi/10.3.1/../../../../arm-none-eabi/lib/thumb/v7e-m+fp/hard\libc_nano.a
LOAD d:/gcc-arm-none-eabi-10.3-2021.10/bin/../lib/gcc/arm-none-eabi/10.3.1/../../../../arm-none-eabi/lib/thumb/v7e-m+fp/hard\libm.a
LOAD d:/gcc-arm-none-eabi-10.3-2021.10/bin/../lib/gcc/arm-none-eabi/10.3.1/../../../../arm-none-eabi/lib/thumb/v7e-m+fp/hard\libnosys.a
START GROUP
LOAD d:/gcc-arm-none-eabi-10.3-2021.10/bin/../lib/gcc/arm-none-eabi/10.3.1/thumb/v7e-m+fp/hard\libgcc.a
LOAD d:/gcc-arm-none-eabi-10.3-2021.10/bin/../lib/gcc/arm-none-eabi/10.3.1/../../../../arm-none-eabi/lib/thumb/v7e-m+fp/hard\libc_nano.a
END GROUP
START GROUP
LOAD d:/gcc-arm-none-eabi-10.3-2021.10/bin/../lib/gcc/arm-none-eabi/10.3.1/thumb/v7e-m+fp/hard\libgcc.a
LOAD d:/gcc-arm-none-eabi-10.3-2021.10/bin/../lib/gcc/arm-none-eabi/10.3.1/../../../../arm-none-eabi/lib/thumb/v7e-m+fp/hard\libc_nano.a
END GROUP
LOAD d:/gcc-arm-none-eabi-10.3-2021.10/bin/../lib/gcc/arm-none-eabi/10.3.1/thumb/v7e-m+fp/hard/crtend.o
LOAD d:/gcc-arm-none-eabi-10.3-2021.10/bin/../lib/gcc/arm-none-eabi/10.3.1/thumb/v7e-m+fp/hard/crtn.o
                0x20030000                _estack = (ORIGIN (RAM) + LENGTH (RAM))
                0x00000200                _Min_Heap_Size = 0x200
                0x00000400                _Min_Stack_Size = 0x400

.isr_vector     0x08000000      0x1ac
                0x08000000                . = ALIGN (0x4)
 *(.isr_vector)
 .isr_vector    0x08000000      0x1ac build/startup_stm32f429xx.o
                0x08000000                g_pfnVectors
                0x080001ac                . = ALIGN (0x4)

.text           0x080001b0     0x67b8
                0x080001b0                . = ALIGN (0x4)
 *(.text)
 .text          0x080001b0       0x40 d:/gcc-arm-none-eabi-10.3-2021.10/bin/../lib/gcc/arm-none-eabi/10.3.1/thumb/v7e-m+fp/hard/crtbegin.o
 .text          0x080001f0       0x10 d:/gcc-arm-none-eabi-10.3-2021.10/bin/../lib/gcc/arm-none-eabi/10.3.1/../../../../arm-none-eabi/lib/thumb/v7e-m+fp/hard\libc_nano.a(lib_a-strlen.o)
                0x080001f0                strlen
 .text          0x08000200       0xa0 d:/gcc-arm-none-eabi-10.3-2021.10/bin/../lib/gcc/arm-none-eabi/10.3.1/../../../../arm-none-eabi/lib/thumb/v7e-m+fp/hard\libc_nano.a(lib_a-memchr.o)
                0x08000200                memchr
 .text          0x080002a0      0x254 d:/gcc-arm-none-eabi-10.3-2021.10/bin/../lib/gcc/arm-none-eabi/10.3.1/thumb/v7e-m+fp/hard\libgcc.a(_arm_muldf3.o)
                0x080002a0                __muldf3
                0x080002a0                __aeabi_dmul
 .text          0x080004f4      0x378 d:/gcc-arm-none-eabi-10.3-2021.10/bin/../lib/gcc/arm-none-eabi/10.3.1/thumb/v7e-m+fp/hard\libgcc.a(_arm_addsubdf3.o)
                0x080004f4                __aeabi_drsub
                0x080004fc                __aeabi_dsub
                0x080004fc                __subdf3
                0x08000500                __aeabi_dadd
                0x08000500                __adddf3
                0x08000778                __floatunsidf
                0x08000778                __aeabi_ui2d
                0x08000798                __floatsidf
                0x08000798                __aeabi_i2d
                0x080007bc                __aeabi_f2d
                0x080007bc                __extendsfdf2
                0x08000800                __floatundidf
                0x08000800                __aeabi_ul2d
                0x08000810                __floatdidf
                0x08000810                __aeabi_l2d
 .text          0x0800086c       0x50 d:/gcc-arm-none-eabi-10.3-2021.10/bin/../lib/gcc/arm-none-eabi/10.3.1/thumb/v7e-m+fp/hard\libgcc.a(_arm_fixdfsi.o)
                0x0800086c                __aeabi_d2iz
                0x0800086c                __fixdfsi
 .text          0x080008bc       0xa0 d:/gcc-arm-none-eabi-10.3-2021.10/bin/../lib/gcc/arm-none-eabi/10.3.1/thumb/v7e-m+fp/hard\libgcc.a(_arm_truncdfsf2.o)
                0x080008bc                __truncdfsf2
                0x080008bc                __aeabi_d2f
 .text          0x0800095c       0x30 d:/gcc-arm-none-eabi-10.3-2021.10/bin/../lib/gcc/arm-none-eabi/10.3.1/thumb/v7e-m+fp/hard\libgcc.a(_aeabi_uldivmod.o)
                0x0800095c                __aeabi_uldivmod
 .text          0x0800098c      0x2d0 d:/gcc-arm-none-eabi-10.3-2021.10/bin/../lib/gcc/arm-none-eabi/10.3.1/thumb/v7e-m+fp/hard\libgcc.a(_udivmoddi4.o)
                0x0800098c                __udivmoddi4
 .text          0x08000c5c        0x4 d:/gcc-arm-none-eabi-10.3-2021.10/bin/../lib/gcc/arm-none-eabi/10.3.1/thumb/v7e-m+fp/hard\libgcc.a(_dvmd_tls.o)
                0x08000c5c                __aeabi_idiv0
                0x08000c5c                __aeabi_ldiv0
 *(.text*)
 .text.HAL_TIM_PeriodElapsedCallback
                0x08000c60       0x18 build/main.o
                0x08000c60                HAL_TIM_PeriodElapsedCallback
 .text.Error_Handler
                0x08000c78        0x4 build/main.o
                0x08000c78                Error_Handler
 .text.SystemClock_Config
                0x08000c7c       0xb4 build/main.o
                0x08000c7c                SystemClock_Config
 .text.main     0x08000d30       0x50 build/main.o
                0x08000d30                main
 .text.MX_GPIO_Init
                0x08000d80       0xec build/gpio.o
                0x08000d80                MX_GPIO_Init
 .text.MX_DMA_Init
                0x08000e6c       0x68 build/dma.o
                0x08000e6c                MX_DMA_Init
 .text.HAL_SPI_TxCpltCallback
                0x08000ed4        0xc build/dma.o
                0x08000ed4                HAL_SPI_TxCpltCallback
 .text.HAL_TIM_Base_MspInit
                0x08000ee0       0x40 build/tim.o
                0x08000ee0                HAL_TIM_Base_MspInit
 .text.HAL_TIM_MspPostInit
                0x08000f20       0x58 build/tim.o
                0x08000f20                HAL_TIM_MspPostInit
 .text.MX_TIM4_Init
                0x08000f78       0xe4 build/tim.o
                0x08000f78                MX_TIM4_Init
 .text.MX_USART1_UART_Init
                0x0800105c       0x34 build/usart.o
                0x0800105c                MX_USART1_UART_Init
 .text.HAL_UART_MspInit
                0x08001090      0x100 build/usart.o
                0x08001090                HAL_UART_MspInit
 .text.NMI_Handler
                0x08001190        0x2 build/stm32f4xx_it.o
                0x08001190                NMI_Handler
 .text.HardFault_Handler
                0x08001192        0x2 build/stm32f4xx_it.o
                0x08001192                HardFault_Handler
 .text.MemManage_Handler
                0x08001194        0x2 build/stm32f4xx_it.o
                0x08001194                MemManage_Handler
 .text.BusFault_Handler
                0x08001196        0x2 build/stm32f4xx_it.o
                0x08001196                BusFault_Handler
 .text.UsageFault_Handler
                0x08001198        0x2 build/stm32f4xx_it.o
                0x08001198                UsageFault_Handler
 .text.DebugMon_Handler
                0x0800119a        0x2 build/stm32f4xx_it.o
                0x0800119a                DebugMon_Handler
 .text.DMA1_Stream5_IRQHandler
                0x0800119c       0x10 build/stm32f4xx_it.o
                0x0800119c                DMA1_Stream5_IRQHandler
 .text.TIM1_UP_TIM10_IRQHandler
                0x080011ac       0x10 build/stm32f4xx_it.o
                0x080011ac                TIM1_UP_TIM10_IRQHandler
 .text.TIM4_IRQHandler
                0x080011bc       0x10 build/stm32f4xx_it.o
                0x080011bc                TIM4_IRQHandler
 .text.USART1_IRQHandler
                0x080011cc       0x10 build/stm32f4xx_it.o
                0x080011cc                USART1_IRQHandler
 .text.DMA2_Stream2_IRQHandler
                0x080011dc       0x10 build/stm32f4xx_it.o
                0x080011dc                DMA2_Stream2_IRQHandler
 .text.DMA2_Stream7_IRQHandler
                0x080011ec       0x10 build/stm32f4xx_it.o
                0x080011ec                DMA2_Stream7_IRQHandler
 .text.HAL_MspInit
                0x080011fc       0x44 build/stm32f4xx_hal_msp.o
                0x080011fc                HAL_MspInit
 .text.TIM_OC1_SetConfig
                0x08001240       0x68 build/stm32f4xx_hal_tim.o
 .text.TIM_OC3_SetConfig
                0x080012a8       0x70 build/stm32f4xx_hal_tim.o
 .text.TIM_OC4_SetConfig
                0x08001318       0x50 build/stm32f4xx_hal_tim.o
 .text.TIM_TI1_ConfigInputStage
                0x08001368       0x26 build/stm32f4xx_hal_tim.o
 .text.TIM_TI2_ConfigInputStage
                0x0800138e       0x28 build/stm32f4xx_hal_tim.o
 .text.TIM_ITRx_SetConfig
                0x080013b6       0x10 build/stm32f4xx_hal_tim.o
 *fill*         0x080013c6        0x2 
 .text.HAL_TIM_Base_Start_IT
                0x080013c8       0x88 build/stm32f4xx_hal_tim.o
                0x080013c8                HAL_TIM_Base_Start_IT
 .text.HAL_TIM_PWM_MspInit
                0x08001450        0x2 build/stm32f4xx_hal_tim.o
                0x08001450                HAL_TIM_PWM_MspInit
 .text.HAL_TIM_OC_DelayElapsedCallback
                0x08001452        0x2 build/stm32f4xx_hal_tim.o
                0x08001452                HAL_TIM_OC_DelayElapsedCallback
 .text.HAL_TIM_IC_CaptureCallback
                0x08001454        0x2 build/stm32f4xx_hal_tim.o
                0x08001454                HAL_TIM_IC_CaptureCallback
 .text.HAL_TIM_PWM_PulseFinishedCallback
                0x08001456        0x2 build/stm32f4xx_hal_tim.o
                0x08001456                HAL_TIM_PWM_PulseFinishedCallback
 .text.HAL_TIM_TriggerCallback
                0x08001458        0x2 build/stm32f4xx_hal_tim.o
                0x08001458                HAL_TIM_TriggerCallback
 .text.HAL_TIM_IRQHandler
                0x0800145a      0x15e build/stm32f4xx_hal_tim.o
                0x0800145a                HAL_TIM_IRQHandler
 .text.TIM_Base_SetConfig
                0x080015b8       0xd8 build/stm32f4xx_hal_tim.o
                0x080015b8                TIM_Base_SetConfig
 .text.HAL_TIM_Base_Init
                0x08001690       0x58 build/stm32f4xx_hal_tim.o
                0x08001690                HAL_TIM_Base_Init
 .text.HAL_TIM_PWM_Init
                0x080016e8       0x58 build/stm32f4xx_hal_tim.o
                0x080016e8                HAL_TIM_PWM_Init
 .text.TIM_OC2_SetConfig
                0x08001740       0x70 build/stm32f4xx_hal_tim.o
                0x08001740                TIM_OC2_SetConfig
 .text.HAL_TIM_PWM_ConfigChannel
                0x080017b0       0xdc build/stm32f4xx_hal_tim.o
                0x080017b0                HAL_TIM_PWM_ConfigChannel
 .text.TIM_ETR_SetConfig
                0x0800188c       0x1a build/stm32f4xx_hal_tim.o
                0x0800188c                TIM_ETR_SetConfig
 .text.HAL_TIM_ConfigClockSource
                0x080018a6       0xfe build/stm32f4xx_hal_tim.o
                0x080018a6                HAL_TIM_ConfigClockSource
 .text.TIM_CCxChannelCmd
                0x080019a4       0x1e build/stm32f4xx_hal_tim.o
                0x080019a4                TIM_CCxChannelCmd
 *fill*         0x080019c2        0x2 
 .text.HAL_TIM_PWM_Start
                0x080019c4      0x104 build/stm32f4xx_hal_tim.o
                0x080019c4                HAL_TIM_PWM_Start
 .text.HAL_TIMEx_MasterConfigSynchronization
                0x08001ac8       0x8c build/stm32f4xx_hal_tim_ex.o
                0x08001ac8                HAL_TIMEx_MasterConfigSynchronization
 .text.HAL_TIMEx_CommutCallback
                0x08001b54        0x2 build/stm32f4xx_hal_tim_ex.o
                0x08001b54                HAL_TIMEx_CommutCallback
 .text.HAL_TIMEx_BreakCallback
                0x08001b56        0x2 build/stm32f4xx_hal_tim_ex.o
                0x08001b56                HAL_TIMEx_BreakCallback
 .text.HAL_RCC_OscConfig
                0x08001b58      0x3f8 build/stm32f4xx_hal_rcc.o
                0x08001b58                HAL_RCC_OscConfig
 .text.HAL_RCC_GetSysClockFreq
                0x08001f50       0xa4 build/stm32f4xx_hal_rcc.o
                0x08001f50                HAL_RCC_GetSysClockFreq
 .text.HAL_RCC_ClockConfig
                0x08001ff4      0x160 build/stm32f4xx_hal_rcc.o
                0x08001ff4                HAL_RCC_ClockConfig
 .text.HAL_RCC_GetHCLKFreq
                0x08002154        0xc build/stm32f4xx_hal_rcc.o
                0x08002154                HAL_RCC_GetHCLKFreq
 .text.HAL_RCC_GetPCLK1Freq
                0x08002160       0x20 build/stm32f4xx_hal_rcc.o
                0x08002160                HAL_RCC_GetPCLK1Freq
 .text.HAL_RCC_GetPCLK2Freq
                0x08002180       0x20 build/stm32f4xx_hal_rcc.o
                0x08002180                HAL_RCC_GetPCLK2Freq
 .text.HAL_RCC_GetClockConfig
                0x080021a0       0x3c build/stm32f4xx_hal_rcc.o
                0x080021a0                HAL_RCC_GetClockConfig
 .text.HAL_GPIO_Init
                0x080021dc      0x1fc build/stm32f4xx_hal_gpio.o
                0x080021dc                HAL_GPIO_Init
 .text.HAL_GPIO_WritePin
                0x080023d8        0xc build/stm32f4xx_hal_gpio.o
                0x080023d8                HAL_GPIO_WritePin
 .text.DMA_SetConfig
                0x080023e4       0x2c build/stm32f4xx_hal_dma.o
 .text.DMA_CalcBaseAndBitshift
                0x08002410       0x44 build/stm32f4xx_hal_dma.o
 .text.DMA_CheckFifoParam
                0x08002454       0x8e build/stm32f4xx_hal_dma.o
 *fill*         0x080024e2        0x2 
 .text.HAL_DMA_Init
                0x080024e4       0xcc build/stm32f4xx_hal_dma.o
                0x080024e4                HAL_DMA_Init
 .text.HAL_DMA_Start_IT
                0x080025b0       0x6a build/stm32f4xx_hal_dma.o
                0x080025b0                HAL_DMA_Start_IT
 .text.HAL_DMA_Abort
                0x0800261a       0x94 build/stm32f4xx_hal_dma.o
                0x0800261a                HAL_DMA_Abort
 .text.HAL_DMA_Abort_IT
                0x080026ae       0x26 build/stm32f4xx_hal_dma.o
                0x080026ae                HAL_DMA_Abort_IT
 .text.HAL_DMA_IRQHandler
                0x080026d4      0x1dc build/stm32f4xx_hal_dma.o
                0x080026d4                HAL_DMA_IRQHandler
 .text.HAL_PWREx_EnableOverDrive
                0x080028b0       0x7c build/stm32f4xx_hal_pwr_ex.o
                0x080028b0                HAL_PWREx_EnableOverDrive
 .text.HAL_NVIC_SetPriorityGrouping
                0x0800292c       0x24 build/stm32f4xx_hal_cortex.o
                0x0800292c                HAL_NVIC_SetPriorityGrouping
 .text.HAL_NVIC_SetPriority
                0x08002950       0x70 build/stm32f4xx_hal_cortex.o
                0x08002950                HAL_NVIC_SetPriority
 .text.HAL_NVIC_EnableIRQ
                0x080029c0       0x1c build/stm32f4xx_hal_cortex.o
                0x080029c0                HAL_NVIC_EnableIRQ
 .text.HAL_Init
                0x080029dc       0x34 build/stm32f4xx_hal.o
                0x080029dc                HAL_Init
 .text.HAL_IncTick
                0x08002a10       0x18 build/stm32f4xx_hal.o
                0x08002a10                HAL_IncTick
 .text.HAL_GetTick
                0x08002a28        0xc build/stm32f4xx_hal.o
                0x08002a28                HAL_GetTick
 .text.HAL_Delay
                0x08002a34       0x28 build/stm32f4xx_hal.o
                0x08002a34                HAL_Delay
 .text.UART_EndRxTransfer
                0x08002a5c       0x5c build/stm32f4xx_hal_uart.o
 .text.UART_Transmit_IT
                0x08002ab8       0x60 build/stm32f4xx_hal_uart.o
 .text.UART_SetConfig
                0x08002b18      0x110 build/stm32f4xx_hal_uart.o
 .text.HAL_UART_Init
                0x08002c28       0x60 build/stm32f4xx_hal_uart.o
                0x08002c28                HAL_UART_Init
 .text.HAL_UART_TxCpltCallback
                0x08002c88        0x2 build/stm32f4xx_hal_uart.o
                0x08002c88                HAL_UART_TxCpltCallback
 .text.UART_EndTransmit_IT
                0x08002c8a       0x1a build/stm32f4xx_hal_uart.o
 .text.HAL_UART_RxCpltCallback
                0x08002ca4        0x2 build/stm32f4xx_hal_uart.o
                0x08002ca4                HAL_UART_RxCpltCallback
 .text.HAL_UART_ErrorCallback
                0x08002ca6        0x2 build/stm32f4xx_hal_uart.o
                0x08002ca6                HAL_UART_ErrorCallback
 .text.UART_DMAAbortOnError
                0x08002ca8       0x10 build/stm32f4xx_hal_uart.o
 .text.HAL_UARTEx_RxEventCallback
                0x08002cb8        0x2 build/stm32f4xx_hal_uart.o
                0x08002cb8                HAL_UARTEx_RxEventCallback
 .text.UART_Receive_IT
                0x08002cba       0xe6 build/stm32f4xx_hal_uart.o
 .text.HAL_UART_IRQHandler
                0x08002da0      0x288 build/stm32f4xx_hal_uart.o
                0x08002da0                HAL_UART_IRQHandler
 .text.SystemInit
                0x08003028       0x14 build/system_stm32f4xx.o
                0x08003028                SystemInit
 .text.MX_SPI3_Init
                0x0800303c       0x40 build/spi.o
                0x0800303c                MX_SPI3_Init
 .text.HAL_SPI_MspInit
                0x0800307c      0x13c build/spi.o
                0x0800307c                HAL_SPI_MspInit
 .text.LCD_WriteCommand
                0x080031b8       0x30 build/spi.o
                0x080031b8                LCD_WriteCommand
 .text.LCD_WriteData_8bit
                0x080031e8       0x30 build/spi.o
                0x080031e8                LCD_WriteData_8bit
 .text.LCD_WriteData_16bit
                0x08003218       0x44 build/spi.o
                0x08003218                LCD_WriteData_16bit
 .text.LCD_WriteBuff
                0x0800325c       0x38 build/spi.o
                0x0800325c                LCD_WriteBuff
 .text.LCD_SetAddress
                0x08003294       0x54 build/spi.o
                0x08003294                LCD_SetAddress
 .text.LCD_SetColor
                0x080032e8        0xc build/spi.o
                0x080032e8                LCD_SetColor
 .text.LCD_SetBackColor
                0x080032f4        0xc build/spi.o
                0x080032f4                LCD_SetBackColor
 .text.LCD_SetDirection
                0x08003300       0xa4 build/spi.o
                0x08003300                LCD_SetDirection
 .text.LCD_SetAsciiFont
                0x080033a4        0xc build/spi.o
                0x080033a4                LCD_SetAsciiFont
 .text.LCD_Clear
                0x080033b0       0x74 build/spi.o
                0x080033b0                LCD_Clear
 .text.LCD_DisplayChar
                0x08003424       0xb0 build/spi.o
                0x08003424                LCD_DisplayChar
 .text.LCD_DisplayString
                0x080034d4       0x38 build/spi.o
                0x080034d4                LCD_DisplayString
 .text.LCD_ShowNumMode
                0x0800350c        0xc build/spi.o
                0x0800350c                LCD_ShowNumMode
 .text.SPI_LCD_Init
                0x08003518      0x1b4 build/spi.o
                0x08003518                SPI_LCD_Init
 .text.LCD_DisplayNumber
                0x080036cc       0x44 build/spi.o
                0x080036cc                LCD_DisplayNumber
 .text.LCD_DisplayDecimals
                0x08003710      0x1c0 build/spi.o
                0x08003710                LCD_DisplayDecimals
 .text.SPI_WaitFlagStateUntilTimeout
                0x080038d0       0xd4 build/stm32f4xx_hal_spi.o
 .text.SPI_EndRxTxTransaction
                0x080039a4       0x80 build/stm32f4xx_hal_spi.o
 .text.HAL_SPI_Init
                0x08003a24       0xbe build/stm32f4xx_hal_spi.o
                0x08003a24                HAL_SPI_Init
 .text.HAL_SPI_Transmit
                0x08003ae2      0x1b8 build/stm32f4xx_hal_spi.o
                0x08003ae2                HAL_SPI_Transmit
 *fill*         0x08003c9a        0x2 
 .text.HAL_SPI_Transmit_DMA
                0x08003c9c       0xd8 build/stm32f4xx_hal_spi.o
                0x08003c9c                HAL_SPI_Transmit_DMA
 .text.HAL_SPI_TxHalfCpltCallback
                0x08003d74        0x2 build/stm32f4xx_hal_spi.o
                0x08003d74                HAL_SPI_TxHalfCpltCallback
 .text.SPI_DMAHalfTransmitCplt
                0x08003d76        0xa build/stm32f4xx_hal_spi.o
 .text.HAL_SPI_ErrorCallback
                0x08003d80        0x2 build/stm32f4xx_hal_spi.o
                0x08003d80                HAL_SPI_ErrorCallback
 .text.SPI_DMAError
                0x08003d82       0x22 build/stm32f4xx_hal_spi.o
 .text.SPI_DMATransmitCplt
                0x08003da4       0x70 build/stm32f4xx_hal_spi.o
 .text.HAL_InitTick
                0x08003e14       0x98 build/stm32f4xx_hal_timebase_tim.o
                0x08003e14                HAL_InitTick
 .text.StartTask
                0x08003eac       0x40 build/freertos.o
                0x08003eac                StartTask
 .text.MX_FREERTOS_Init
                0x08003eec       0x20 build/freertos.o
                0x08003eec                MX_FREERTOS_Init
 .text.LCD_Test_Clear
                0x08003f0c       0x74 build/freertos.o
                0x08003f0c                LCD_Test_Clear
 .text.LCD_Test_Variable
                0x08003f80      0x178 build/freertos.o
                0x08003f80                LCD_Test_Variable
 .text.LCDViewTask
                0x080040f8        0xc build/freertos.o
                0x080040f8                LCDViewTask
 .text.vListInitialise
                0x08004104       0x16 build/list.o
                0x08004104                vListInitialise
 .text.vListInitialiseItem
                0x0800411a        0x6 build/list.o
                0x0800411a                vListInitialiseItem
 .text.vListInsertEnd
                0x08004120       0x16 build/list.o
                0x08004120                vListInsertEnd
 .text.vListInsert
                0x08004136       0x32 build/list.o
                0x08004136                vListInsert
 .text.uxListRemove
                0x08004168       0x26 build/list.o
                0x08004168                uxListRemove
 .text.prvIsQueueFull
                0x0800418e       0x1e build/queue.o
 .text.prvIsQueueEmpty
                0x080041ac       0x1a build/queue.o
 .text.prvCopyDataToQueue
                0x080041c6       0x76 build/queue.o
 .text.prvCopyDataFromQueue
                0x0800423c       0x24 build/queue.o
 .text.prvUnlockQueue
                0x08004260       0x6e build/queue.o
 .text.xQueueGenericReset
                0x080042ce       0x84 build/queue.o
                0x080042ce                xQueueGenericReset
 .text.prvInitialiseNewQueue
                0x08004352       0x22 build/queue.o
 .text.xQueueGenericCreateStatic
                0x08004374       0x94 build/queue.o
                0x08004374                xQueueGenericCreateStatic
 .text.xQueueGenericSend
                0x08004408      0x188 build/queue.o
                0x08004408                xQueueGenericSend
 .text.xQueueGenericSendFromISR
                0x08004590       0xce build/queue.o
                0x08004590                xQueueGenericSendFromISR
 .text.xQueueReceive
                0x0800465e      0x15e build/queue.o
                0x0800465e                xQueueReceive
 .text.vQueueAddToRegistry
                0x080047bc       0x28 build/queue.o
                0x080047bc                vQueueAddToRegistry
 .text.vQueueWaitForMessageRestricted
                0x080047e4       0x52 build/queue.o
                0x080047e4                vQueueWaitForMessageRestricted
 *fill*         0x08004836        0x2 
 .text.prvResetNextTaskUnblockTime
                0x08004838       0x2c build/tasks.o
 .text.prvInitialiseNewTask
                0x08004864       0xa6 build/tasks.o
 *fill*         0x0800490a        0x2 
 .text.prvInitialiseTaskLists
                0x0800490c       0x68 build/tasks.o
 .text.prvAddNewTaskToReadyList
                0x08004974       0xac build/tasks.o
 .text.prvDeleteTCB
                0x08004a20       0x38 build/tasks.o
 .text.prvCheckTasksWaitingTermination
                0x08004a58       0x4c build/tasks.o
 .text.prvIdleTask
                0x08004aa4       0x28 build/tasks.o
 .text.prvAddCurrentTaskToDelayedList
                0x08004acc       0x7c build/tasks.o
 .text.xTaskCreateStatic
                0x08004b48       0x76 build/tasks.o
                0x08004b48                xTaskCreateStatic
 .text.xTaskCreate
                0x08004bbe       0x68 build/tasks.o
                0x08004bbe                xTaskCreate
 *fill*         0x08004c26        0x2 
 .text.vTaskDelete
                0x08004c28       0xb8 build/tasks.o
                0x08004c28                vTaskDelete
 .text.eTaskGetState
                0x08004ce0       0x90 build/tasks.o
                0x08004ce0                eTaskGetState
 .text.vTaskStartScheduler
                0x08004d70       0x9c build/tasks.o
                0x08004d70                vTaskStartScheduler
 .text.vTaskSuspendAll
                0x08004e0c       0x10 build/tasks.o
                0x08004e0c                vTaskSuspendAll
 .text.xTaskGetTickCount
                0x08004e1c        0xc build/tasks.o
                0x08004e1c                xTaskGetTickCount
 .text.xTaskIncrementTick
                0x08004e28      0x118 build/tasks.o
                0x08004e28                xTaskIncrementTick
 .text.xTaskResumeAll
                0x08004f40       0xf8 build/tasks.o
                0x08004f40                xTaskResumeAll
 .text.vTaskDelay
                0x08005038       0x4c build/tasks.o
                0x08005038                vTaskDelay
 .text.vTaskSwitchContext
                0x08005084       0x94 build/tasks.o
                0x08005084                vTaskSwitchContext
 .text.vTaskPlaceOnEventList
                0x08005118       0x30 build/tasks.o
                0x08005118                vTaskPlaceOnEventList
 .text.vTaskPlaceOnEventListRestricted
                0x08005148       0x38 build/tasks.o
                0x08005148                vTaskPlaceOnEventListRestricted
 .text.xTaskRemoveFromEventList
                0x08005180       0x8c build/tasks.o
                0x08005180                xTaskRemoveFromEventList
 .text.vTaskInternalSetTimeOutState
                0x0800520c       0x18 build/tasks.o
                0x0800520c                vTaskInternalSetTimeOutState
 .text.xTaskCheckForTimeOut
                0x08005224       0x84 build/tasks.o
                0x08005224                xTaskCheckForTimeOut
 .text.vTaskMissedYield
                0x080052a8        0xc build/tasks.o
                0x080052a8                vTaskMissedYield
 .text.xTaskGetSchedulerState
                0x080052b4       0x20 build/tasks.o
                0x080052b4                xTaskGetSchedulerState
 .text.xTaskPriorityDisinherit
                0x080052d4       0x90 build/tasks.o
                0x080052d4                xTaskPriorityDisinherit
 .text.prvGetNextExpireTime
                0x08005364       0x20 build/timers.o
 .text.prvInsertTimerInActiveList
                0x08005384       0x48 build/timers.o
 .text.prvCheckForValidListAndQueue
                0x080053cc       0x70 build/timers.o
 .text.xTimerCreateTimerTask
                0x0800543c       0x64 build/timers.o
                0x0800543c                xTimerCreateTimerTask
 .text.xTimerGenericCommand
                0x080054a0       0x6c build/timers.o
                0x080054a0                xTimerGenericCommand
 .text.prvSwitchTimerLists
                0x0800550c       0x7c build/timers.o
 .text.prvSampleTimeNow
                0x08005588       0x2c build/timers.o
 .text.prvProcessExpiredTimer
                0x080055b4       0x6c build/timers.o
 .text.prvProcessTimerOrBlockTask
                0x08005620       0x74 build/timers.o
 .text.prvProcessReceivedCommands
                0x08005694      0x10c build/timers.o
 .text.prvTimerTask
                0x080057a0       0x16 build/timers.o
 *fill*         0x080057b6        0x2 
 .text.prvHeapInit
                0x080057b8       0x64 build/heap_4.o
 .text.prvInsertBlockIntoFreeList
                0x0800581c       0x64 build/heap_4.o
 .text.pvPortMalloc
                0x08005880       0xfc build/heap_4.o
                0x08005880                pvPortMalloc
 .text.vPortFree
                0x0800597c       0x7c build/heap_4.o
                0x0800597c                vPortFree
 .text.prvTaskExitError
                0x080059f8       0x40 build/port.o
 .text.prvPortStartFirstTask
                0x08005a38       0x28 build/port.o
 .text.vPortEnableVFP
                0x08005a60       0x14 build/port.o
 .text.pxPortInitialiseStack
                0x08005a74       0x2c build/port.o
                0x08005a74                pxPortInitialiseStack
 .text.SVC_Handler
                0x08005aa0       0x24 build/port.o
                0x08005aa0                SVC_Handler
 .text.vPortEnterCritical
                0x08005ac4       0x44 build/port.o
                0x08005ac4                vPortEnterCritical
 .text.vPortExitCritical
                0x08005b08       0x2c build/port.o
                0x08005b08                vPortExitCritical
 *fill*         0x08005b34        0xc 
 .text.PendSV_Handler
                0x08005b40       0x64 build/port.o
                0x08005b40                PendSV_Handler
 .text.xPortSysTickHandler
                0x08005ba4       0x2c build/port.o
                0x08005ba4                xPortSysTickHandler
 .text.vPortSetupTimerInterrupt
                0x08005bd0       0x28 build/port.o
                0x08005bd0                vPortSetupTimerInterrupt
 .text.xPortStartScheduler
                0x08005bf8      0x118 build/port.o
                0x08005bf8                xPortStartScheduler
 .text.vPortValidateInterruptPriority
                0x08005d10       0x5c build/port.o
                0x08005d10                vPortValidateInterruptPriority
 .text.SysTick_Handler
                0x08005d6c       0x18 build/cmsis_os2.o
                0x08005d6c                SysTick_Handler
 .text.osKernelInitialize
                0x08005d84       0x24 build/cmsis_os2.o
                0x08005d84                osKernelInitialize
 .text.osKernelStart
                0x08005da8       0x38 build/cmsis_os2.o
                0x08005da8                osKernelStart
 .text.osThreadNew
                0x08005de0       0xbc build/cmsis_os2.o
                0x08005de0                osThreadNew
 .text.osThreadTerminate
                0x08005e9c       0x30 build/cmsis_os2.o
                0x08005e9c                osThreadTerminate
 .text.vApplicationGetIdleTaskMemory
                0x08005ecc       0x18 build/cmsis_os2.o
                0x08005ecc                vApplicationGetIdleTaskMemory
 .text.vApplicationGetTimerTaskMemory
                0x08005ee4       0x18 build/cmsis_os2.o
                0x08005ee4                vApplicationGetTimerTaskMemory
 .text.Reset_Handler
                0x08005efc       0x50 build/startup_stm32f429xx.o
                0x08005efc                Reset_Handler
 .text.Default_Handler
                0x08005f4c        0x2 build/startup_stm32f429xx.o
                0x08005f4c                RTC_Alarm_IRQHandler
                0x08005f4c                HASH_RNG_IRQHandler
                0x08005f4c                EXTI2_IRQHandler
                0x08005f4c                TIM8_CC_IRQHandler
                0x08005f4c                UART8_IRQHandler
                0x08005f4c                SPI4_IRQHandler
                0x08005f4c                TIM1_CC_IRQHandler
                0x08005f4c                DMA2_Stream5_IRQHandler
                0x08005f4c                PVD_IRQHandler
                0x08005f4c                SDIO_IRQHandler
                0x08005f4c                TAMP_STAMP_IRQHandler
                0x08005f4c                CAN2_RX1_IRQHandler
                0x08005f4c                EXTI3_IRQHandler
                0x08005f4c                TIM8_TRG_COM_TIM14_IRQHandler
                0x08005f4c                TIM8_UP_TIM13_IRQHandler
                0x08005f4c                I2C3_ER_IRQHandler
                0x08005f4c                EXTI0_IRQHandler
                0x08005f4c                I2C2_EV_IRQHandler
                0x08005f4c                DMA1_Stream2_IRQHandler
                0x08005f4c                CAN1_RX0_IRQHandler
                0x08005f4c                FPU_IRQHandler
                0x08005f4c                OTG_HS_WKUP_IRQHandler
                0x08005f4c                LTDC_ER_IRQHandler
                0x08005f4c                CAN2_SCE_IRQHandler
                0x08005f4c                SPI1_IRQHandler
                0x08005f4c                TIM6_DAC_IRQHandler
                0x08005f4c                TIM1_BRK_TIM9_IRQHandler
                0x08005f4c                DCMI_IRQHandler
                0x08005f4c                CAN2_RX0_IRQHandler
                0x08005f4c                DMA2_Stream3_IRQHandler
                0x08005f4c                USART6_IRQHandler
                0x08005f4c                USART3_IRQHandler
                0x08005f4c                CAN1_RX1_IRQHandler
                0x08005f4c                UART5_IRQHandler
                0x08005f4c                DMA2_Stream0_IRQHandler
                0x08005f4c                I2C1_EV_IRQHandler
                0x08005f4c                DMA1_Stream6_IRQHandler
                0x08005f4c                DMA1_Stream1_IRQHandler
                0x08005f4c                UART4_IRQHandler
                0x08005f4c                TIM3_IRQHandler
                0x08005f4c                RCC_IRQHandler
                0x08005f4c                TIM8_BRK_TIM12_IRQHandler
                0x08005f4c                Default_Handler
                0x08005f4c                EXTI15_10_IRQHandler
                0x08005f4c                ADC_IRQHandler
                0x08005f4c                DMA1_Stream7_IRQHandler
                0x08005f4c                SPI5_IRQHandler
                0x08005f4c                TIM7_IRQHandler
                0x08005f4c                CAN2_TX_IRQHandler
                0x08005f4c                TIM5_IRQHandler
                0x08005f4c                I2C3_EV_IRQHandler
                0x08005f4c                EXTI9_5_IRQHandler
                0x08005f4c                RTC_WKUP_IRQHandler
                0x08005f4c                LTDC_IRQHandler
                0x08005f4c                ETH_WKUP_IRQHandler
                0x08005f4c                SPI2_IRQHandler
                0x08005f4c                OTG_HS_EP1_IN_IRQHandler
                0x08005f4c                DMA1_Stream0_IRQHandler
                0x08005f4c                CAN1_TX_IRQHandler
                0x08005f4c                EXTI4_IRQHandler
                0x08005f4c                ETH_IRQHandler
                0x08005f4c                OTG_HS_EP1_OUT_IRQHandler
                0x08005f4c                WWDG_IRQHandler
                0x08005f4c                SPI6_IRQHandler
                0x08005f4c                TIM2_IRQHandler
                0x08005f4c                OTG_FS_WKUP_IRQHandler
                0x08005f4c                TIM1_TRG_COM_TIM11_IRQHandler
                0x08005f4c                OTG_HS_IRQHandler
                0x08005f4c                DMA2D_IRQHandler
                0x08005f4c                EXTI1_IRQHandler
                0x08005f4c                UART7_IRQHandler
                0x08005f4c                USART2_IRQHandler
                0x08005f4c                I2C2_ER_IRQHandler
                0x08005f4c                DMA2_Stream1_IRQHandler
                0x08005f4c                CAN1_SCE_IRQHandler
                0x08005f4c                FLASH_IRQHandler
                0x08005f4c                DMA2_Stream4_IRQHandler
                0x08005f4c                OTG_FS_IRQHandler
                0x08005f4c                SPI3_IRQHandler
                0x08005f4c                DMA1_Stream4_IRQHandler
                0x08005f4c                I2C1_ER_IRQHandler
                0x08005f4c                FMC_IRQHandler
                0x08005f4c                DMA2_Stream6_IRQHandler
                0x08005f4c                SAI1_IRQHandler
                0x08005f4c                DMA1_Stream3_IRQHandler
 *fill*         0x08005f4e        0x2 
 .text.__libc_init_array
                0x08005f50       0x48 d:/gcc-arm-none-eabi-10.3-2021.10/bin/../lib/gcc/arm-none-eabi/10.3.1/../../../../arm-none-eabi/lib/thumb/v7e-m+fp/hard\libc_nano.a(lib_a-init.o)
                0x08005f50                __libc_init_array
 .text.memcpy   0x08005f98       0x1c d:/gcc-arm-none-eabi-10.3-2021.10/bin/../lib/gcc/arm-none-eabi/10.3.1/../../../../arm-none-eabi/lib/thumb/v7e-m+fp/hard\libc_nano.a(lib_a-memcpy-stub.o)
                0x08005f98                memcpy
 .text.memset   0x08005fb4       0x10 d:/gcc-arm-none-eabi-10.3-2021.10/bin/../lib/gcc/arm-none-eabi/10.3.1/../../../../arm-none-eabi/lib/thumb/v7e-m+fp/hard\libc_nano.a(lib_a-memset.o)
                0x08005fb4                memset
 .text.sprintf  0x08005fc4       0x40 d:/gcc-arm-none-eabi-10.3-2021.10/bin/../lib/gcc/arm-none-eabi/10.3.1/../../../../arm-none-eabi/lib/thumb/v7e-m+fp/hard\libc_nano.a(lib_a-sprintf.o)
                0x08005fc4                siprintf
                0x08005fc4                sprintf
 .text.strcpy   0x08006004       0x10 d:/gcc-arm-none-eabi-10.3-2021.10/bin/../lib/gcc/arm-none-eabi/10.3.1/../../../../arm-none-eabi/lib/thumb/v7e-m+fp/hard\libc_nano.a(lib_a-strcpy.o)
                0x08006004                strcpy
 .text.__ssputs_r
                0x08006014       0xb6 d:/gcc-arm-none-eabi-10.3-2021.10/bin/../lib/gcc/arm-none-eabi/10.3.1/../../../../arm-none-eabi/lib/thumb/v7e-m+fp/hard\libc_nano.a(lib_a-nano-svfprintf.o)
                0x08006014                __ssputs_r
 *fill*         0x080060ca        0x2 
 .text._svfprintf_r
                0x080060cc      0x200 d:/gcc-arm-none-eabi-10.3-2021.10/bin/../lib/gcc/arm-none-eabi/10.3.1/../../../../arm-none-eabi/lib/thumb/v7e-m+fp/hard\libc_nano.a(lib_a-nano-svfprintf.o)
                0x080060cc                _svfiprintf_r
                0x080060cc                _svfprintf_r
 .text._printf_common
                0x080062cc       0xda d:/gcc-arm-none-eabi-10.3-2021.10/bin/../lib/gcc/arm-none-eabi/10.3.1/../../../../arm-none-eabi/lib/thumb/v7e-m+fp/hard\libc_nano.a(lib_a-nano-vfprintf_i.o)
                0x080062cc                _printf_common
 *fill*         0x080063a6        0x2 
 .text._printf_i
                0x080063a8      0x24c d:/gcc-arm-none-eabi-10.3-2021.10/bin/../lib/gcc/arm-none-eabi/10.3.1/../../../../arm-none-eabi/lib/thumb/v7e-m+fp/hard\libc_nano.a(lib_a-nano-vfprintf_i.o)
                0x080063a8                _printf_i
 .text.memmove  0x080065f4       0x34 d:/gcc-arm-none-eabi-10.3-2021.10/bin/../lib/gcc/arm-none-eabi/10.3.1/../../../../arm-none-eabi/lib/thumb/v7e-m+fp/hard\libc_nano.a(lib_a-memmove.o)
                0x080065f4                memmove
 .text._free_r  0x08006628       0x98 d:/gcc-arm-none-eabi-10.3-2021.10/bin/../lib/gcc/arm-none-eabi/10.3.1/../../../../arm-none-eabi/lib/thumb/v7e-m+fp/hard\libc_nano.a(lib_a-nano-freer.o)
                0x08006628                _free_r
 .text.sbrk_aligned
                0x080066c0       0x40 d:/gcc-arm-none-eabi-10.3-2021.10/bin/../lib/gcc/arm-none-eabi/10.3.1/../../../../arm-none-eabi/lib/thumb/v7e-m+fp/hard\libc_nano.a(lib_a-nano-mallocr.o)
 .text._malloc_r
                0x08006700       0xe8 d:/gcc-arm-none-eabi-10.3-2021.10/bin/../lib/gcc/arm-none-eabi/10.3.1/../../../../arm-none-eabi/lib/thumb/v7e-m+fp/hard\libc_nano.a(lib_a-nano-mallocr.o)
                0x08006700                _malloc_r
 .text._realloc_r
                0x080067e8       0x5e d:/gcc-arm-none-eabi-10.3-2021.10/bin/../lib/gcc/arm-none-eabi/10.3.1/../../../../arm-none-eabi/lib/thumb/v7e-m+fp/hard\libc_nano.a(lib_a-nano-reallocr.o)
                0x080067e8                _realloc_r
 *fill*         0x08006846        0x2 
 .text._sbrk_r  0x08006848       0x20 d:/gcc-arm-none-eabi-10.3-2021.10/bin/../lib/gcc/arm-none-eabi/10.3.1/../../../../arm-none-eabi/lib/thumb/v7e-m+fp/hard\libc_nano.a(lib_a-sbrkr.o)
                0x08006848                _sbrk_r
 .text.__malloc_lock
                0x08006868        0xc d:/gcc-arm-none-eabi-10.3-2021.10/bin/../lib/gcc/arm-none-eabi/10.3.1/../../../../arm-none-eabi/lib/thumb/v7e-m+fp/hard\libc_nano.a(lib_a-mlock.o)
                0x08006868                __malloc_lock
 .text.__malloc_unlock
                0x08006874        0xc d:/gcc-arm-none-eabi-10.3-2021.10/bin/../lib/gcc/arm-none-eabi/10.3.1/../../../../arm-none-eabi/lib/thumb/v7e-m+fp/hard\libc_nano.a(lib_a-mlock.o)
                0x08006874                __malloc_unlock
 .text._malloc_usable_size_r
                0x08006880       0x10 d:/gcc-arm-none-eabi-10.3-2021.10/bin/../lib/gcc/arm-none-eabi/10.3.1/../../../../arm-none-eabi/lib/thumb/v7e-m+fp/hard\libc_nano.a(lib_a-nano-msizer.o)
                0x08006880                _malloc_usable_size_r
 .text.__retarget_lock_acquire_recursive
                0x08006890        0x2 d:/gcc-arm-none-eabi-10.3-2021.10/bin/../lib/gcc/arm-none-eabi/10.3.1/../../../../arm-none-eabi/lib/thumb/v7e-m+fp/hard\libc_nano.a(lib_a-lock.o)
                0x08006890                __retarget_lock_acquire_recursive
 .text.__retarget_lock_release_recursive
                0x08006892        0x2 d:/gcc-arm-none-eabi-10.3-2021.10/bin/../lib/gcc/arm-none-eabi/10.3.1/../../../../arm-none-eabi/lib/thumb/v7e-m+fp/hard\libc_nano.a(lib_a-lock.o)
                0x08006892                __retarget_lock_release_recursive
 .text.round    0x08006894       0xa0 d:/gcc-arm-none-eabi-10.3-2021.10/bin/../lib/gcc/arm-none-eabi/10.3.1/../../../../arm-none-eabi/lib/thumb/v7e-m+fp/hard\libm.a(lib_a-s_round.o)
                0x08006894                round
 .text._sbrk    0x08006934       0x1c d:/gcc-arm-none-eabi-10.3-2021.10/bin/../lib/gcc/arm-none-eabi/10.3.1/../../../../arm-none-eabi/lib/thumb/v7e-m+fp/hard\libnosys.a(sbrk.o)
                0x08006934                _sbrk
 *(.glue_7)
 .glue_7        0x08006950        0x0 linker stubs
 *(.glue_7t)
 .glue_7t       0x08006950        0x0 linker stubs
 *(.eh_frame)
 .eh_frame      0x08006950        0x0 d:/gcc-arm-none-eabi-10.3-2021.10/bin/../lib/gcc/arm-none-eabi/10.3.1/thumb/v7e-m+fp/hard/crtbegin.o
 *(.init)
 .init          0x08006950        0x4 d:/gcc-arm-none-eabi-10.3-2021.10/bin/../lib/gcc/arm-none-eabi/10.3.1/thumb/v7e-m+fp/hard/crti.o
                0x08006950                _init
 .init          0x08006954        0x8 d:/gcc-arm-none-eabi-10.3-2021.10/bin/../lib/gcc/arm-none-eabi/10.3.1/thumb/v7e-m+fp/hard/crtn.o
 *(.fini)
 .fini          0x0800695c        0x4 d:/gcc-arm-none-eabi-10.3-2021.10/bin/../lib/gcc/arm-none-eabi/10.3.1/thumb/v7e-m+fp/hard/crti.o
                0x0800695c                _fini
 .fini          0x08006960        0x8 d:/gcc-arm-none-eabi-10.3-2021.10/bin/../lib/gcc/arm-none-eabi/10.3.1/thumb/v7e-m+fp/hard/crtn.o
                0x08006968                . = ALIGN (0x4)
                0x08006968                _etext = .

.vfp11_veneer   0x08006968        0x0
 .vfp11_veneer  0x08006968        0x0 linker stubs

.v4_bx          0x08006968        0x0
 .v4_bx         0x08006968        0x0 linker stubs

.iplt           0x08006968        0x0
 .iplt          0x08006968        0x0 d:/gcc-arm-none-eabi-10.3-2021.10/bin/../lib/gcc/arm-none-eabi/10.3.1/thumb/v7e-m+fp/hard/crtbegin.o

.rodata         0x08006968     0x12d0
                0x08006968                . = ALIGN (0x4)
 *(.rodata)
 *(.rodata*)
 .rodata.flagBitshiftOffset.0
                0x08006968        0x8 build/stm32f4xx_hal_dma.o
 .rodata.AHBPrescTable
                0x08006970       0x10 build/system_stm32f4xx.o
                0x08006970                AHBPrescTable
 .rodata.APBPrescTable
                0x08006980        0x8 build/system_stm32f4xx.o
                0x08006980                APBPrescTable
 .rodata.LCD_DisplayNumber.str1.4
                0x08006988        0xc build/spi.o
 .rodata.LCD_DisplayDecimals.str1.4
                0x08006994       0x19 build/spi.o
 *fill*         0x080069ad        0x3 
 .rodata.ASCII_2412_Table
                0x080069b0     0x11d0 build/lcd_fonts.o
                0x080069b0                ASCII_2412_Table
 .rodata.StartTask.str1.4
                0x08007b80        0xc build/freertos.o
 .rodata.LCD_Test_Variable.str1.4
                0x08007b8c       0x30 build/freertos.o
 .rodata.str1.4
                0x08007bbc        0xa build/freertos.o
 *fill*         0x08007bc6        0x2 
 .rodata.startTask_attributes
                0x08007bc8       0x24 build/freertos.o
                0x08007bc8                startTask_attributes
 .rodata.vTaskStartScheduler.str1.4
                0x08007bec        0x5 build/tasks.o
 *fill*         0x08007bf1        0x3 
 .rodata.prvCheckForValidListAndQueue.str1.4
                0x08007bf4        0x5 build/timers.o
 *fill*         0x08007bf9        0x3 
 .rodata.xTimerCreateTimerTask.str1.4
                0x08007bfc        0x8 build/timers.o
 .rodata._svfprintf_r.str1.1
                0x08007c04       0x11 d:/gcc-arm-none-eabi-10.3-2021.10/bin/../lib/gcc/arm-none-eabi/10.3.1/../../../../arm-none-eabi/lib/thumb/v7e-m+fp/hard\libc_nano.a(lib_a-nano-svfprintf.o)
 .rodata._printf_i.str1.1
                0x08007c15       0x22 d:/gcc-arm-none-eabi-10.3-2021.10/bin/../lib/gcc/arm-none-eabi/10.3.1/../../../../arm-none-eabi/lib/thumb/v7e-m+fp/hard\libc_nano.a(lib_a-nano-vfprintf_i.o)
                0x08007c38                . = ALIGN (0x4)
 *fill*         0x08007c37        0x1 

.ARM.extab
 *(.ARM.extab* .gnu.linkonce.armextab.*)

.ARM            0x08007c38        0x8
                0x08007c38                __exidx_start = .
 *(.ARM.exidx*)
 .ARM.exidx     0x08007c38        0x8 d:/gcc-arm-none-eabi-10.3-2021.10/bin/../lib/gcc/arm-none-eabi/10.3.1/thumb/v7e-m+fp/hard\libgcc.a(_udivmoddi4.o)
                0x08007c40                __exidx_end = .

.rel.dyn        0x08007c40        0x0
 .rel.iplt      0x08007c40        0x0 d:/gcc-arm-none-eabi-10.3-2021.10/bin/../lib/gcc/arm-none-eabi/10.3.1/thumb/v7e-m+fp/hard/crtbegin.o

.preinit_array  0x08007c40        0x0
                0x08007c40                PROVIDE (__preinit_array_start = .)
 *(.preinit_array*)
                0x08007c40                PROVIDE (__preinit_array_end = .)

.init_array     0x08007c40        0x4
                0x08007c40                PROVIDE (__init_array_start = .)
 *(SORT_BY_NAME(.init_array.*))
 *(.init_array*)
 .init_array    0x08007c40        0x4 d:/gcc-arm-none-eabi-10.3-2021.10/bin/../lib/gcc/arm-none-eabi/10.3.1/thumb/v7e-m+fp/hard/crtbegin.o
                0x08007c44                PROVIDE (__init_array_end = .)

.fini_array     0x08007c44        0x4
                [!provide]                PROVIDE (__fini_array_start = .)
 *(SORT_BY_NAME(.fini_array.*))
 *(.fini_array*)
 .fini_array    0x08007c44        0x4 d:/gcc-arm-none-eabi-10.3-2021.10/bin/../lib/gcc/arm-none-eabi/10.3.1/thumb/v7e-m+fp/hard/crtbegin.o
                [!provide]                PROVIDE (__fini_array_end = .)
                0x08007c48                _sidata = LOADADDR (.data)

.data           0x20000000       0x80 load address 0x08007c48
                0x20000000                . = ALIGN (0x4)
                0x20000000                _sdata = .
 *(.data)
 *(.data*)
 .data.uwTickFreq
                0x20000000        0x1 build/stm32f4xx_hal.o
                0x20000000                uwTickFreq
 *fill*         0x20000001        0x3 
 .data.uwTickPrio
                0x20000004        0x4 build/stm32f4xx_hal.o
                0x20000004                uwTickPrio
 .data.SystemCoreClock
                0x20000008        0x4 build/system_stm32f4xx.o
                0x20000008                SystemCoreClock
 .data.ASCII_Font24
                0x2000000c        0xc build/lcd_fonts.o
                0x2000000c                ASCII_Font24
 .data.uxCriticalNesting
                0x20000018        0x4 build/port.o
 .data._impure_ptr
                0x2000001c        0x4 d:/gcc-arm-none-eabi-10.3-2021.10/bin/../lib/gcc/arm-none-eabi/10.3.1/../../../../arm-none-eabi/lib/thumb/v7e-m+fp/hard\libc_nano.a(lib_a-impure.o)
                0x2000001c                _impure_ptr
 .data.impure_data
                0x20000020       0x60 d:/gcc-arm-none-eabi-10.3-2021.10/bin/../lib/gcc/arm-none-eabi/10.3.1/../../../../arm-none-eabi/lib/thumb/v7e-m+fp/hard\libc_nano.a(lib_a-impure.o)
                0x20000080                . = ALIGN (0x4)
                0x20000080                _edata = .
                0x08007cc8                _siccmram = LOADADDR (.ccmram)

.igot.plt       0x20000080        0x0 load address 0x08007cc8
 .igot.plt      0x20000080        0x0 d:/gcc-arm-none-eabi-10.3-2021.10/bin/../lib/gcc/arm-none-eabi/10.3.1/thumb/v7e-m+fp/hard/crtbegin.o

.ccmram         0x10000000        0x0 load address 0x08007cc8
                0x10000000                . = ALIGN (0x4)
                0x10000000                _sccmram = .
 *(.ccmram)
 *(.ccmram*)
                0x10000000                . = ALIGN (0x4)
                0x10000000                _eccmram = .
                0x10000000                . = ALIGN (0x4)

.bss            0x20000080     0x53f0
                0x20000080                _sbss = .
                0x20000080                __bss_start__ = _sbss
 *(.bss)
 .bss           0x20000080       0x1c d:/gcc-arm-none-eabi-10.3-2021.10/bin/../lib/gcc/arm-none-eabi/10.3.1/thumb/v7e-m+fp/hard/crtbegin.o
 *(.bss*)
 .bss.htim4     0x2000009c       0x48 build/tim.o
                0x2000009c                htim4
 .bss.hdma_usart1_rx
                0x200000e4       0x60 build/usart.o
                0x200000e4                hdma_usart1_rx
 .bss.hdma_usart1_tx
                0x20000144       0x60 build/usart.o
                0x20000144                hdma_usart1_tx
 .bss.huart1    0x200001a4       0x48 build/usart.o
                0x200001a4                huart1
 .bss.uwTick    0x200001ec        0x4 build/stm32f4xx_hal.o
                0x200001ec                uwTick
 .bss.LCD       0x200001f0        0xc build/spi.o
                0x200001f0                LCD
 .bss.LCD_AsciiFonts
                0x200001fc        0x4 build/spi.o
 .bss.LCD_Buff  0x20000200      0x800 build/spi.o
                0x20000200                LCD_Buff
 .bss.hdma_spi3_tx
                0x20000a00       0x60 build/spi.o
                0x20000a00                hdma_spi3_tx
 .bss.hspi3     0x20000a60       0x58 build/spi.o
                0x20000a60                hspi3
 .bss.sendFlg   0x20000ab8        0x1 build/spi.o
                0x20000ab8                sendFlg
 *fill*         0x20000ab9        0x3 
 .bss.htim1     0x20000abc       0x48 build/stm32f4xx_hal_timebase_tim.o
                0x20000abc                htim1
 .bss.LCDViewTask_Handler
                0x20000b04        0x4 build/freertos.o
                0x20000b04                LCDViewTask_Handler
 .bss.startTaskHandle
                0x20000b08        0x4 build/freertos.o
                0x20000b08                startTaskHandle
 .bss.xQueueRegistry
                0x20000b0c       0x40 build/queue.o
                0x20000b0c                xQueueRegistry
 .bss.pxCurrentTCB
                0x20000b4c        0x4 build/tasks.o
                0x20000b4c                pxCurrentTCB
 .bss.pxDelayedTaskList
                0x20000b50        0x4 build/tasks.o
 .bss.pxOverflowDelayedTaskList
                0x20000b54        0x4 build/tasks.o
 .bss.pxReadyTasksLists
                0x20000b58      0x460 build/tasks.o
 .bss.uxCurrentNumberOfTasks
                0x20000fb8        0x4 build/tasks.o
 .bss.uxDeletedTasksWaitingCleanUp
                0x20000fbc        0x4 build/tasks.o
 .bss.uxSchedulerSuspended
                0x20000fc0        0x4 build/tasks.o
 .bss.uxTaskNumber
                0x20000fc4        0x4 build/tasks.o
 .bss.uxTopReadyPriority
                0x20000fc8        0x4 build/tasks.o
 .bss.xDelayedTaskList1
                0x20000fcc       0x14 build/tasks.o
 .bss.xDelayedTaskList2
                0x20000fe0       0x14 build/tasks.o
 .bss.xIdleTaskHandle
                0x20000ff4        0x4 build/tasks.o
 .bss.xNextTaskUnblockTime
                0x20000ff8        0x4 build/tasks.o
 .bss.xNumOfOverflows
                0x20000ffc        0x4 build/tasks.o
 .bss.xPendedTicks
                0x20001000        0x4 build/tasks.o
 .bss.xPendingReadyList
                0x20001004       0x14 build/tasks.o
 .bss.xSchedulerRunning
                0x20001018        0x4 build/tasks.o
 .bss.xSuspendedTaskList
                0x2000101c       0x14 build/tasks.o
 .bss.xTasksWaitingTermination
                0x20001030       0x14 build/tasks.o
 .bss.xTickCount
                0x20001044        0x4 build/tasks.o
 .bss.xYieldPending
                0x20001048        0x4 build/tasks.o
 .bss.pxCurrentTimerList
                0x2000104c        0x4 build/timers.o
 .bss.pxOverflowTimerList
                0x20001050        0x4 build/timers.o
 .bss.ucStaticTimerQueueStorage.1
                0x20001054       0xa0 build/timers.o
 .bss.xActiveTimerList1
                0x200010f4       0x14 build/timers.o
 .bss.xActiveTimerList2
                0x20001108       0x14 build/timers.o
 .bss.xLastTime.2
                0x2000111c        0x4 build/timers.o
 .bss.xStaticTimerQueue.0
                0x20001120       0x50 build/timers.o
 .bss.xTimerQueue
                0x20001170        0x4 build/timers.o
 .bss.xTimerTaskHandle
                0x20001174        0x4 build/timers.o
 .bss.pxEnd     0x20001178        0x4 build/heap_4.o
 .bss.ucHeap    0x2000117c     0x3c00 build/heap_4.o
 .bss.xBlockAllocatedBit
                0x20004d7c        0x4 build/heap_4.o
 .bss.xFreeBytesRemaining
                0x20004d80        0x4 build/heap_4.o
 .bss.xMinimumEverFreeBytesRemaining
                0x20004d84        0x4 build/heap_4.o
 .bss.xNumberOfSuccessfulAllocations
                0x20004d88        0x4 build/heap_4.o
 .bss.xNumberOfSuccessfulFrees
                0x20004d8c        0x4 build/heap_4.o
 .bss.xStart    0x20004d90        0x8 build/heap_4.o
 .bss.ucMaxSysCallPriority
                0x20004d98        0x1 build/port.o
 *fill*         0x20004d99        0x3 
 .bss.ulMaxPRIGROUPValue
                0x20004d9c        0x4 build/port.o
 .bss.Idle_Stack.2
                0x20004da0      0x200 build/cmsis_os2.o
 .bss.Idle_TCB.3
                0x20004fa0       0x5c build/cmsis_os2.o
 .bss.KernelState
                0x20004ffc        0x4 build/cmsis_os2.o
 .bss.Timer_Stack.0
                0x20005000      0x400 build/cmsis_os2.o
 .bss.Timer_TCB.1
                0x20005400       0x5c build/cmsis_os2.o
 .bss.__malloc_free_list
                0x2000545c        0x4 d:/gcc-arm-none-eabi-10.3-2021.10/bin/../lib/gcc/arm-none-eabi/10.3.1/../../../../arm-none-eabi/lib/thumb/v7e-m+fp/hard\libc_nano.a(lib_a-nano-mallocr.o)
                0x2000545c                __malloc_free_list
 .bss.__malloc_sbrk_start
                0x20005460        0x4 d:/gcc-arm-none-eabi-10.3-2021.10/bin/../lib/gcc/arm-none-eabi/10.3.1/../../../../arm-none-eabi/lib/thumb/v7e-m+fp/hard\libc_nano.a(lib_a-nano-mallocr.o)
                0x20005460                __malloc_sbrk_start
 .bss.errno     0x20005464        0x4 d:/gcc-arm-none-eabi-10.3-2021.10/bin/../lib/gcc/arm-none-eabi/10.3.1/../../../../arm-none-eabi/lib/thumb/v7e-m+fp/hard\libc_nano.a(lib_a-reent.o)
                0x20005464                errno
 .bss.__lock___malloc_recursive_mutex
                0x20005468        0x1 d:/gcc-arm-none-eabi-10.3-2021.10/bin/../lib/gcc/arm-none-eabi/10.3.1/../../../../arm-none-eabi/lib/thumb/v7e-m+fp/hard\libc_nano.a(lib_a-lock.o)
                0x20005468                __lock___malloc_recursive_mutex
 *fill*         0x20005469        0x3 
 .bss.heap_end.0
                0x2000546c        0x4 d:/gcc-arm-none-eabi-10.3-2021.10/bin/../lib/gcc/arm-none-eabi/10.3.1/../../../../arm-none-eabi/lib/thumb/v7e-m+fp/hard\libnosys.a(sbrk.o)
 *(COMMON)
                0x20005470                . = ALIGN (0x4)
                0x20005470                _ebss = .
                0x20005470                __bss_end__ = _ebss

._user_heap_stack
                0x20005470      0x600
                0x20005470                . = ALIGN (0x8)
                0x20005470                PROVIDE (end = .)
                [!provide]                PROVIDE (_end = .)
                0x20005670                . = (. + _Min_Heap_Size)
 *fill*         0x20005470      0x200 
                0x20005a70                . = (. + _Min_Stack_Size)
 *fill*         0x20005670      0x400 
                0x20005a70                . = ALIGN (0x8)

/DISCARD/
 libc.a(*)
 libm.a(*)
 libgcc.a(*)

.ARM.attributes
                0x00000000       0x30
 *(.ARM.attributes)
 .ARM.attributes
                0x00000000       0x1e d:/gcc-arm-none-eabi-10.3-2021.10/bin/../lib/gcc/arm-none-eabi/10.3.1/thumb/v7e-m+fp/hard/crti.o
 .ARM.attributes
                0x0000001e       0x34 d:/gcc-arm-none-eabi-10.3-2021.10/bin/../lib/gcc/arm-none-eabi/10.3.1/thumb/v7e-m+fp/hard/crtbegin.o
 .ARM.attributes
                0x00000052       0x34 build/main.o
 .ARM.attributes
                0x00000086       0x34 build/gpio.o
 .ARM.attributes
                0x000000ba       0x34 build/dma.o
 .ARM.attributes
                0x000000ee       0x34 build/tim.o
 .ARM.attributes
                0x00000122       0x34 build/usart.o
 .ARM.attributes
                0x00000156       0x34 build/stm32f4xx_it.o
 .ARM.attributes
                0x0000018a       0x34 build/stm32f4xx_hal_msp.o
 .ARM.attributes
                0x000001be       0x34 build/stm32f4xx_hal_tim.o
 .ARM.attributes
                0x000001f2       0x34 build/stm32f4xx_hal_tim_ex.o
 .ARM.attributes
                0x00000226       0x34 build/stm32f4xx_hal_rcc.o
 .ARM.attributes
                0x0000025a       0x34 build/stm32f4xx_hal_gpio.o
 .ARM.attributes
                0x0000028e       0x34 build/stm32f4xx_hal_dma.o
 .ARM.attributes
                0x000002c2       0x34 build/stm32f4xx_hal_pwr_ex.o
 .ARM.attributes
                0x000002f6       0x34 build/stm32f4xx_hal_cortex.o
 .ARM.attributes
                0x0000032a       0x34 build/stm32f4xx_hal.o
 .ARM.attributes
                0x0000035e       0x34 build/stm32f4xx_hal_uart.o
 .ARM.attributes
                0x00000392       0x34 build/system_stm32f4xx.o
 .ARM.attributes
                0x000003c6       0x34 build/spi.o
 .ARM.attributes
                0x000003fa       0x34 build/lcd_fonts.o
 .ARM.attributes
                0x0000042e       0x34 build/stm32f4xx_hal_spi.o
 .ARM.attributes
                0x00000462       0x34 build/stm32f4xx_hal_timebase_tim.o
 .ARM.attributes
                0x00000496       0x34 build/freertos.o
 .ARM.attributes
                0x000004ca       0x34 build/list.o
 .ARM.attributes
                0x000004fe       0x34 build/queue.o
 .ARM.attributes
                0x00000532       0x34 build/tasks.o
 .ARM.attributes
                0x00000566       0x34 build/timers.o
 .ARM.attributes
                0x0000059a       0x34 build/heap_4.o
 .ARM.attributes
                0x000005ce       0x34 build/port.o
 .ARM.attributes
                0x00000602       0x34 build/cmsis_os2.o
 .ARM.attributes
                0x00000636       0x21 build/startup_stm32f429xx.o
 .ARM.attributes
                0x00000657       0x34 d:/gcc-arm-none-eabi-10.3-2021.10/bin/../lib/gcc/arm-none-eabi/10.3.1/../../../../arm-none-eabi/lib/thumb/v7e-m+fp/hard\libc_nano.a(lib_a-impure.o)
 .ARM.attributes
                0x0000068b       0x34 d:/gcc-arm-none-eabi-10.3-2021.10/bin/../lib/gcc/arm-none-eabi/10.3.1/../../../../arm-none-eabi/lib/thumb/v7e-m+fp/hard\libc_nano.a(lib_a-init.o)
 .ARM.attributes
                0x000006bf       0x34 d:/gcc-arm-none-eabi-10.3-2021.10/bin/../lib/gcc/arm-none-eabi/10.3.1/../../../../arm-none-eabi/lib/thumb/v7e-m+fp/hard\libc_nano.a(lib_a-memcpy-stub.o)
 .ARM.attributes
                0x000006f3       0x34 d:/gcc-arm-none-eabi-10.3-2021.10/bin/../lib/gcc/arm-none-eabi/10.3.1/../../../../arm-none-eabi/lib/thumb/v7e-m+fp/hard\libc_nano.a(lib_a-memset.o)
 .ARM.attributes
                0x00000727       0x34 d:/gcc-arm-none-eabi-10.3-2021.10/bin/../lib/gcc/arm-none-eabi/10.3.1/../../../../arm-none-eabi/lib/thumb/v7e-m+fp/hard\libc_nano.a(lib_a-sprintf.o)
 .ARM.attributes
                0x0000075b       0x34 d:/gcc-arm-none-eabi-10.3-2021.10/bin/../lib/gcc/arm-none-eabi/10.3.1/../../../../arm-none-eabi/lib/thumb/v7e-m+fp/hard\libc_nano.a(lib_a-strcpy.o)
 .ARM.attributes
                0x0000078f       0x17 d:/gcc-arm-none-eabi-10.3-2021.10/bin/../lib/gcc/arm-none-eabi/10.3.1/../../../../arm-none-eabi/lib/thumb/v7e-m+fp/hard\libc_nano.a(lib_a-strlen.o)
 .ARM.attributes
                0x000007a6       0x34 d:/gcc-arm-none-eabi-10.3-2021.10/bin/../lib/gcc/arm-none-eabi/10.3.1/../../../../arm-none-eabi/lib/thumb/v7e-m+fp/hard\libc_nano.a(lib_a-nano-svfprintf.o)
 .ARM.attributes
                0x000007da       0x34 d:/gcc-arm-none-eabi-10.3-2021.10/bin/../lib/gcc/arm-none-eabi/10.3.1/../../../../arm-none-eabi/lib/thumb/v7e-m+fp/hard\libc_nano.a(lib_a-nano-vfprintf_i.o)
 .ARM.attributes
                0x0000080e       0x1c d:/gcc-arm-none-eabi-10.3-2021.10/bin/../lib/gcc/arm-none-eabi/10.3.1/../../../../arm-none-eabi/lib/thumb/v7e-m+fp/hard\libc_nano.a(lib_a-memchr.o)
 .ARM.attributes
                0x0000082a       0x34 d:/gcc-arm-none-eabi-10.3-2021.10/bin/../lib/gcc/arm-none-eabi/10.3.1/../../../../arm-none-eabi/lib/thumb/v7e-m+fp/hard\libc_nano.a(lib_a-memmove.o)
 .ARM.attributes
                0x0000085e       0x34 d:/gcc-arm-none-eabi-10.3-2021.10/bin/../lib/gcc/arm-none-eabi/10.3.1/../../../../arm-none-eabi/lib/thumb/v7e-m+fp/hard\libc_nano.a(lib_a-nano-freer.o)
 .ARM.attributes
                0x00000892       0x34 d:/gcc-arm-none-eabi-10.3-2021.10/bin/../lib/gcc/arm-none-eabi/10.3.1/../../../../arm-none-eabi/lib/thumb/v7e-m+fp/hard\libc_nano.a(lib_a-nano-mallocr.o)
 .ARM.attributes
                0x000008c6       0x34 d:/gcc-arm-none-eabi-10.3-2021.10/bin/../lib/gcc/arm-none-eabi/10.3.1/../../../../arm-none-eabi/lib/thumb/v7e-m+fp/hard\libc_nano.a(lib_a-nano-reallocr.o)
 .ARM.attributes
                0x000008fa       0x34 d:/gcc-arm-none-eabi-10.3-2021.10/bin/../lib/gcc/arm-none-eabi/10.3.1/../../../../arm-none-eabi/lib/thumb/v7e-m+fp/hard\libc_nano.a(lib_a-sbrkr.o)
 .ARM.attributes
                0x0000092e       0x34 d:/gcc-arm-none-eabi-10.3-2021.10/bin/../lib/gcc/arm-none-eabi/10.3.1/../../../../arm-none-eabi/lib/thumb/v7e-m+fp/hard\libc_nano.a(lib_a-mlock.o)
 .ARM.attributes
                0x00000962       0x34 d:/gcc-arm-none-eabi-10.3-2021.10/bin/../lib/gcc/arm-none-eabi/10.3.1/../../../../arm-none-eabi/lib/thumb/v7e-m+fp/hard\libc_nano.a(lib_a-nano-msizer.o)
 .ARM.attributes
                0x00000996       0x34 d:/gcc-arm-none-eabi-10.3-2021.10/bin/../lib/gcc/arm-none-eabi/10.3.1/../../../../arm-none-eabi/lib/thumb/v7e-m+fp/hard\libc_nano.a(lib_a-reent.o)
 .ARM.attributes
                0x000009ca       0x34 d:/gcc-arm-none-eabi-10.3-2021.10/bin/../lib/gcc/arm-none-eabi/10.3.1/../../../../arm-none-eabi/lib/thumb/v7e-m+fp/hard\libc_nano.a(lib_a-lock.o)
 .ARM.attributes
                0x000009fe       0x34 d:/gcc-arm-none-eabi-10.3-2021.10/bin/../lib/gcc/arm-none-eabi/10.3.1/../../../../arm-none-eabi/lib/thumb/v7e-m+fp/hard\libm.a(lib_a-s_round.o)
 .ARM.attributes
                0x00000a32       0x34 d:/gcc-arm-none-eabi-10.3-2021.10/bin/../lib/gcc/arm-none-eabi/10.3.1/../../../../arm-none-eabi/lib/thumb/v7e-m+fp/hard\libnosys.a(sbrk.o)
 .ARM.attributes
                0x00000a66       0x1e d:/gcc-arm-none-eabi-10.3-2021.10/bin/../lib/gcc/arm-none-eabi/10.3.1/thumb/v7e-m+fp/hard\libgcc.a(_arm_muldf3.o)
 .ARM.attributes
                0x00000a84       0x1e d:/gcc-arm-none-eabi-10.3-2021.10/bin/../lib/gcc/arm-none-eabi/10.3.1/thumb/v7e-m+fp/hard\libgcc.a(_arm_addsubdf3.o)
 .ARM.attributes
                0x00000aa2       0x1e d:/gcc-arm-none-eabi-10.3-2021.10/bin/../lib/gcc/arm-none-eabi/10.3.1/thumb/v7e-m+fp/hard\libgcc.a(_arm_fixdfsi.o)
 .ARM.attributes
                0x00000ac0       0x1e d:/gcc-arm-none-eabi-10.3-2021.10/bin/../lib/gcc/arm-none-eabi/10.3.1/thumb/v7e-m+fp/hard\libgcc.a(_arm_truncdfsf2.o)
 .ARM.attributes
                0x00000ade       0x1e d:/gcc-arm-none-eabi-10.3-2021.10/bin/../lib/gcc/arm-none-eabi/10.3.1/thumb/v7e-m+fp/hard\libgcc.a(_aeabi_uldivmod.o)
 .ARM.attributes
                0x00000afc       0x34 d:/gcc-arm-none-eabi-10.3-2021.10/bin/../lib/gcc/arm-none-eabi/10.3.1/thumb/v7e-m+fp/hard\libgcc.a(_udivmoddi4.o)
 .ARM.attributes
                0x00000b30       0x1e d:/gcc-arm-none-eabi-10.3-2021.10/bin/../lib/gcc/arm-none-eabi/10.3.1/thumb/v7e-m+fp/hard\libgcc.a(_dvmd_tls.o)
 .ARM.attributes
                0x00000b4e       0x1e d:/gcc-arm-none-eabi-10.3-2021.10/bin/../lib/gcc/arm-none-eabi/10.3.1/thumb/v7e-m+fp/hard/crtn.o
OUTPUT(build/FOC.elf elf32-littlearm)
LOAD linker stubs
LOAD d:/gcc-arm-none-eabi-10.3-2021.10/bin/../lib/gcc/arm-none-eabi/10.3.1/../../../../arm-none-eabi/lib/thumb/v7e-m+fp/hard\libc.a
LOAD d:/gcc-arm-none-eabi-10.3-2021.10/bin/../lib/gcc/arm-none-eabi/10.3.1/../../../../arm-none-eabi/lib/thumb/v7e-m+fp/hard\libm.a
LOAD d:/gcc-arm-none-eabi-10.3-2021.10/bin/../lib/gcc/arm-none-eabi/10.3.1/thumb/v7e-m+fp/hard\libgcc.a

.debug_info     0x00000000    0x26e86
 .debug_info    0x00000000      0xe12 build/main.o
 .debug_info    0x00000e12      0x5a3 build/gpio.o
 .debug_info    0x000013b5      0xc3b build/dma.o
 .debug_info    0x00001ff0     0x1143 build/tim.o
 .debug_info    0x00003133      0xf8c build/usart.o
 .debug_info    0x000040bf      0xba3 build/stm32f4xx_it.o
 .debug_info    0x00004c62      0x5ae build/stm32f4xx_hal_msp.o
 .debug_info    0x00005210     0x40cc build/stm32f4xx_hal_tim.o
 .debug_info    0x000092dc     0x1c8f build/stm32f4xx_hal_tim_ex.o
 .debug_info    0x0000af6b      0xc08 build/stm32f4xx_hal_rcc.o
 .debug_info    0x0000bb73      0x86a build/stm32f4xx_hal_gpio.o
 .debug_info    0x0000c3dd      0xbd1 build/stm32f4xx_hal_dma.o
 .debug_info    0x0000cfae      0x85e build/stm32f4xx_hal_pwr_ex.o
 .debug_info    0x0000d80c     0x11c1 build/stm32f4xx_hal_cortex.o
 .debug_info    0x0000e9cd      0xb55 build/stm32f4xx_hal.o
 .debug_info    0x0000f522     0x432e build/stm32f4xx_hal_uart.o
 .debug_info    0x00013850      0x5d5 build/system_stm32f4xx.o
 .debug_info    0x00013e25     0x204d build/spi.o
 .debug_info    0x00015e72      0x264 build/lcd_fonts.o
 .debug_info    0x000160d6     0x2039 build/stm32f4xx_hal_spi.o
 .debug_info    0x0001810f      0xdc8 build/stm32f4xx_hal_timebase_tim.o
 .debug_info    0x00018ed7      0x9cd build/freertos.o
 .debug_info    0x000198a4      0x30f build/list.o
 .debug_info    0x00019bb3     0x2968 build/queue.o
 .debug_info    0x0001c51b     0x333f build/tasks.o
 .debug_info    0x0001f85a     0x1bd3 build/timers.o
 .debug_info    0x0002142d      0x61a build/heap_4.o
 .debug_info    0x00021a47      0x5c8 build/port.o
 .debug_info    0x0002200f     0x4e55 build/cmsis_os2.o
 .debug_info    0x00026e64       0x22 build/startup_stm32f429xx.o

.debug_abbrev   0x00000000     0x451b
 .debug_abbrev  0x00000000      0x243 build/main.o
 .debug_abbrev  0x00000243      0x151 build/gpio.o
 .debug_abbrev  0x00000394      0x1cb build/dma.o
 .debug_abbrev  0x0000055f      0x1f3 build/tim.o
 .debug_abbrev  0x00000752      0x23e build/usart.o
 .debug_abbrev  0x00000990      0x183 build/stm32f4xx_it.o
 .debug_abbrev  0x00000b13      0x11c build/stm32f4xx_hal_msp.o
 .debug_abbrev  0x00000c2f      0x289 build/stm32f4xx_hal_tim.o
 .debug_abbrev  0x00000eb8      0x29f build/stm32f4xx_hal_tim_ex.o
 .debug_abbrev  0x00001157      0x2aa build/stm32f4xx_hal_rcc.o
 .debug_abbrev  0x00001401      0x22b build/stm32f4xx_hal_gpio.o
 .debug_abbrev  0x0000162c      0x2ff build/stm32f4xx_hal_dma.o
 .debug_abbrev  0x0000192b      0x1c3 build/stm32f4xx_hal_pwr_ex.o
 .debug_abbrev  0x00001aee      0x382 build/stm32f4xx_hal_cortex.o
 .debug_abbrev  0x00001e70      0x209 build/stm32f4xx_hal.o
 .debug_abbrev  0x00002079      0x356 build/stm32f4xx_hal_uart.o
 .debug_abbrev  0x000023cf      0x11b build/system_stm32f4xx.o
 .debug_abbrev  0x000024ea      0x2e0 build/spi.o
 .debug_abbrev  0x000027ca       0xc1 build/lcd_fonts.o
 .debug_abbrev  0x0000288b      0x2b3 build/stm32f4xx_hal_spi.o
 .debug_abbrev  0x00002b3e      0x202 build/stm32f4xx_hal_timebase_tim.o
 .debug_abbrev  0x00002d40      0x197 build/freertos.o
 .debug_abbrev  0x00002ed7      0x124 build/list.o
 .debug_abbrev  0x00002ffb      0x3c4 build/queue.o
 .debug_abbrev  0x000033bf      0x387 build/tasks.o
 .debug_abbrev  0x00003746      0x366 build/timers.o
 .debug_abbrev  0x00003aac      0x269 build/heap_4.o
 .debug_abbrev  0x00003d15      0x28a build/port.o
 .debug_abbrev  0x00003f9f      0x56a build/cmsis_os2.o
 .debug_abbrev  0x00004509       0x12 build/startup_stm32f429xx.o

.debug_loc      0x00000000    0x1f5f0
 .debug_loc     0x00000000       0xc8 build/main.o
 .debug_loc     0x000000c8       0x39 build/gpio.o
 .debug_loc     0x00000101       0x38 build/dma.o
 .debug_loc     0x00000139      0x18b build/tim.o
 .debug_loc     0x000002c4      0x173 build/usart.o
 .debug_loc     0x00000437       0xc0 build/stm32f4xx_it.o
 .debug_loc     0x000004f7       0x38 build/stm32f4xx_hal_msp.o
 .debug_loc     0x0000052f     0x5be1 build/stm32f4xx_hal_tim.o
 .debug_loc     0x00006110     0x212a build/stm32f4xx_hal_tim_ex.o
 .debug_loc     0x0000823a      0x6e4 build/stm32f4xx_hal_rcc.o
 .debug_loc     0x0000891e      0x5e8 build/stm32f4xx_hal_gpio.o
 .debug_loc     0x00008f06      0xd6d build/stm32f4xx_hal_dma.o
 .debug_loc     0x00009c73      0x378 build/stm32f4xx_hal_pwr_ex.o
 .debug_loc     0x00009feb      0x7a4 build/stm32f4xx_hal_cortex.o
 .debug_loc     0x0000a78f      0x1e1 build/stm32f4xx_hal.o
 .debug_loc     0x0000a970     0x4d30 build/stm32f4xx_hal_uart.o
 .debug_loc     0x0000f6a0      0x158 build/system_stm32f4xx.o
 .debug_loc     0x0000f7f8      0xda1 build/spi.o
 .debug_loc     0x00010599     0x26ec build/stm32f4xx_hal_spi.o
 .debug_loc     0x00012c85       0xe8 build/stm32f4xx_hal_timebase_tim.o
 .debug_loc     0x00012d6d      0x162 build/freertos.o
 .debug_loc     0x00012ecf       0xe5 build/list.o
 .debug_loc     0x00012fb4     0x1fe4 build/queue.o
 .debug_loc     0x00014f98     0x2c72 build/tasks.o
 .debug_loc     0x00017c0a     0x1586 build/timers.o
 .debug_loc     0x00019190      0x4e4 build/heap_4.o
 .debug_loc     0x00019674      0x1c0 build/port.o
 .debug_loc     0x00019834     0x5dbc build/cmsis_os2.o

.debug_aranges  0x00000000     0x17b8
 .debug_aranges
                0x00000000       0x38 build/main.o
 .debug_aranges
                0x00000038       0x20 build/gpio.o
 .debug_aranges
                0x00000058       0x28 build/dma.o
 .debug_aranges
                0x00000080       0x38 build/tim.o
 .debug_aranges
                0x000000b8       0x38 build/usart.o
 .debug_aranges
                0x000000f0       0x78 build/stm32f4xx_it.o
 .debug_aranges
                0x00000168       0x20 build/stm32f4xx_hal_msp.o
 .debug_aranges
                0x00000188      0x3d0 build/stm32f4xx_hal_tim.o
 .debug_aranges
                0x00000558      0x168 build/stm32f4xx_hal_tim_ex.o
 .debug_aranges
                0x000006c0       0x88 build/stm32f4xx_hal_rcc.o
 .debug_aranges
                0x00000748       0x58 build/stm32f4xx_hal_gpio.o
 .debug_aranges
                0x000007a0       0x90 build/stm32f4xx_hal_dma.o
 .debug_aranges
                0x00000830       0x60 build/stm32f4xx_hal_pwr_ex.o
 .debug_aranges
                0x00000890       0xb0 build/stm32f4xx_hal_cortex.o
 .debug_aranges
                0x00000940      0x100 build/stm32f4xx_hal.o
 .debug_aranges
                0x00000a40      0x208 build/stm32f4xx_hal_uart.o
 .debug_aranges
                0x00000c48       0x28 build/system_stm32f4xx.o
 .debug_aranges
                0x00000c70       0xc0 build/spi.o
 .debug_aranges
                0x00000d30       0x18 build/lcd_fonts.o
 .debug_aranges
                0x00000d48      0x1d0 build/stm32f4xx_hal_spi.o
 .debug_aranges
                0x00000f18       0x30 build/stm32f4xx_hal_timebase_tim.o
 .debug_aranges
                0x00000f48       0x40 build/freertos.o
 .debug_aranges
                0x00000f88       0x40 build/list.o
 .debug_aranges
                0x00000fc8      0x158 build/queue.o
 .debug_aranges
                0x00001120      0x208 build/tasks.o
 .debug_aranges
                0x00001328       0xf0 build/timers.o
 .debug_aranges
                0x00001418       0x58 build/heap_4.o
 .debug_aranges
                0x00001470       0x80 build/port.o
 .debug_aranges
                0x000014f0      0x2a0 build/cmsis_os2.o
 .debug_aranges
                0x00001790       0x28 build/startup_stm32f429xx.o

.debug_ranges   0x00000000     0x1908
 .debug_ranges  0x00000000       0x28 build/main.o
 .debug_ranges  0x00000028       0x10 build/gpio.o
 .debug_ranges  0x00000038       0x18 build/dma.o
 .debug_ranges  0x00000050       0x28 build/tim.o
 .debug_ranges  0x00000078       0x28 build/usart.o
 .debug_ranges  0x000000a0       0x68 build/stm32f4xx_it.o
 .debug_ranges  0x00000108       0x10 build/stm32f4xx_hal_msp.o
 .debug_ranges  0x00000118      0x3c0 build/stm32f4xx_hal_tim.o
 .debug_ranges  0x000004d8      0x158 build/stm32f4xx_hal_tim_ex.o
 .debug_ranges  0x00000630       0x90 build/stm32f4xx_hal_rcc.o
 .debug_ranges  0x000006c0       0x48 build/stm32f4xx_hal_gpio.o
 .debug_ranges  0x00000708       0x80 build/stm32f4xx_hal_dma.o
 .debug_ranges  0x00000788       0x50 build/stm32f4xx_hal_pwr_ex.o
 .debug_ranges  0x000007d8      0x100 build/stm32f4xx_hal_cortex.o
 .debug_ranges  0x000008d8       0xf0 build/stm32f4xx_hal.o
 .debug_ranges  0x000009c8      0x210 build/stm32f4xx_hal_uart.o
 .debug_ranges  0x00000bd8       0x18 build/system_stm32f4xx.o
 .debug_ranges  0x00000bf0      0x110 build/spi.o
 .debug_ranges  0x00000d00      0x1c0 build/stm32f4xx_hal_spi.o
 .debug_ranges  0x00000ec0       0x20 build/stm32f4xx_hal_timebase_tim.o
 .debug_ranges  0x00000ee0       0x30 build/freertos.o
 .debug_ranges  0x00000f10       0x30 build/list.o
 .debug_ranges  0x00000f40      0x218 build/queue.o
 .debug_ranges  0x00001158      0x338 build/tasks.o
 .debug_ranges  0x00001490       0xe0 build/timers.o
 .debug_ranges  0x00001570       0x48 build/heap_4.o
 .debug_ranges  0x000015b8       0x88 build/port.o
 .debug_ranges  0x00001640      0x2a8 build/cmsis_os2.o
 .debug_ranges  0x000018e8       0x20 build/startup_stm32f429xx.o

.debug_line     0x00000000    0x1c202
 .debug_line    0x00000000      0x3d5 build/main.o
 .debug_line    0x000003d5      0x1e4 build/gpio.o
 .debug_line    0x000005b9      0x1dd build/dma.o
 .debug_line    0x00000796      0x37e build/tim.o
 .debug_line    0x00000b14      0x456 build/usart.o
 .debug_line    0x00000f6a      0x306 build/stm32f4xx_it.o
 .debug_line    0x00001270      0x175 build/stm32f4xx_hal_msp.o
 .debug_line    0x000013e5     0x4ab7 build/stm32f4xx_hal_tim.o
 .debug_line    0x00005e9c     0x1c8e build/stm32f4xx_hal_tim_ex.o
 .debug_line    0x00007b2a      0xaed build/stm32f4xx_hal_rcc.o
 .debug_line    0x00008617      0x6d4 build/stm32f4xx_hal_gpio.o
 .debug_line    0x00008ceb      0xe03 build/stm32f4xx_hal_dma.o
 .debug_line    0x00009aee      0x490 build/stm32f4xx_hal_pwr_ex.o
 .debug_line    0x00009f7e      0x76f build/stm32f4xx_hal_cortex.o
 .debug_line    0x0000a6ed      0x57b build/stm32f4xx_hal.o
 .debug_line    0x0000ac68     0x4299 build/stm32f4xx_hal_uart.o
 .debug_line    0x0000ef01      0x22e build/system_stm32f4xx.o
 .debug_line    0x0000f12f      0xc46 build/spi.o
 .debug_line    0x0000fd75       0xea build/lcd_fonts.o
 .debug_line    0x0000fe5f     0x2588 build/stm32f4xx_hal_spi.o
 .debug_line    0x000123e7      0x2ae build/stm32f4xx_hal_timebase_tim.o
 .debug_line    0x00012695      0x3ac build/freertos.o
 .debug_line    0x00012a41      0x337 build/list.o
 .debug_line    0x00012d78     0x2017 build/queue.o
 .debug_line    0x00014d8f     0x2d56 build/tasks.o
 .debug_line    0x00017ae5      0xeed build/timers.o
 .debug_line    0x000189d2      0x6ff build/heap_4.o
 .debug_line    0x000190d1      0x6e8 build/port.o
 .debug_line    0x000197b9     0x29d3 build/cmsis_os2.o
 .debug_line    0x0001c18c       0x76 build/startup_stm32f429xx.o

.debug_str      0x00000000     0x7c91
 .debug_str     0x00000000      0x9cc build/main.o
                                0xaa5 (size before relaxing)
 .debug_str     0x000009cc       0xbf build/gpio.o
                                0x391 (size before relaxing)
 .debug_str     0x00000a8b      0x763 build/dma.o
                                0xcbe (size before relaxing)
 .debug_str     0x000011ee      0x1fb build/tim.o
                               0x103c (size before relaxing)
 .debug_str     0x000013e9      0x28c build/usart.o
                                0xe7a (size before relaxing)
 .debug_str     0x00001675      0x14d build/stm32f4xx_it.o
                                0xa5d (size before relaxing)
 .debug_str     0x000017c2       0x29 build/stm32f4xx_hal_msp.o
                                0x847 (size before relaxing)
 .debug_str     0x000017eb      0xdd1 build/stm32f4xx_hal_tim.o
                               0x16c9 (size before relaxing)
 .debug_str     0x000025bc      0x521 build/stm32f4xx_hal_tim_ex.o
                                0xeba (size before relaxing)
 .debug_str     0x00002add      0x225 build/stm32f4xx_hal_rcc.o
                                0x719 (size before relaxing)
 .debug_str     0x00002d02      0x125 build/stm32f4xx_hal_gpio.o
                                0x4f3 (size before relaxing)
 .debug_str     0x00002e27      0x2a7 build/stm32f4xx_hal_dma.o
                                0x776 (size before relaxing)
 .debug_str     0x000030ce      0x18f build/stm32f4xx_hal_pwr_ex.o
                                0x4de (size before relaxing)
 .debug_str     0x0000325d      0x487 build/stm32f4xx_hal_cortex.o
                                0xca7 (size before relaxing)
 .debug_str     0x000036e4      0x2da build/stm32f4xx_hal.o
                                0xc0c (size before relaxing)
 .debug_str     0x000039be      0x5f0 build/stm32f4xx_hal_uart.o
                                0xd9b (size before relaxing)
 .debug_str     0x00003fae       0x47 build/system_stm32f4xx.o
                                0x388 (size before relaxing)
 .debug_str     0x00003ff5      0x33b build/spi.o
                                0xbac (size before relaxing)
 .debug_str     0x00004330       0x9e build/lcd_fonts.o
                                0x272 (size before relaxing)
 .debug_str     0x000043ce      0x4c9 build/stm32f4xx_hal_spi.o
                                0xbfa (size before relaxing)
 .debug_str     0x00004897       0x4c build/stm32f4xx_hal_timebase_tim.o
                                0xec9 (size before relaxing)
 .debug_str     0x000048e3      0x5c0 build/freertos.o
                                0x841 (size before relaxing)
 .debug_str     0x00004ea3      0x141 build/list.o
                                0x302 (size before relaxing)
 .debug_str     0x00004fe4      0x9e4 build/queue.o
                                0xd18 (size before relaxing)
 .debug_str     0x000059c8      0xc62 build/tasks.o
                               0x12e7 (size before relaxing)
 .debug_str     0x0000662a      0x5d8 build/timers.o
                                0xc48 (size before relaxing)
 .debug_str     0x00006c02      0x2bf build/heap_4.o
                                0x510 (size before relaxing)
 .debug_str     0x00006ec1      0x191 build/port.o
                                0x482 (size before relaxing)
 .debug_str     0x00007052      0xc1b build/cmsis_os2.o
                               0x21b9 (size before relaxing)
 .debug_str     0x00007c6d       0x24 build/startup_stm32f429xx.o
                                 0x47 (size before relaxing)

.comment        0x00000000       0x49
 .comment       0x00000000       0x49 build/main.o
                                 0x4a (size before relaxing)
 .comment       0x00000049       0x4a build/gpio.o
 .comment       0x00000049       0x4a build/dma.o
 .comment       0x00000049       0x4a build/tim.o
 .comment       0x00000049       0x4a build/usart.o
 .comment       0x00000049       0x4a build/stm32f4xx_it.o
 .comment       0x00000049       0x4a build/stm32f4xx_hal_msp.o
 .comment       0x00000049       0x4a build/stm32f4xx_hal_tim.o
 .comment       0x00000049       0x4a build/stm32f4xx_hal_tim_ex.o
 .comment       0x00000049       0x4a build/stm32f4xx_hal_rcc.o
 .comment       0x00000049       0x4a build/stm32f4xx_hal_gpio.o
 .comment       0x00000049       0x4a build/stm32f4xx_hal_dma.o
 .comment       0x00000049       0x4a build/stm32f4xx_hal_pwr_ex.o
 .comment       0x00000049       0x4a build/stm32f4xx_hal_cortex.o
 .comment       0x00000049       0x4a build/stm32f4xx_hal.o
 .comment       0x00000049       0x4a build/stm32f4xx_hal_uart.o
 .comment       0x00000049       0x4a build/system_stm32f4xx.o
 .comment       0x00000049       0x4a build/spi.o
 .comment       0x00000049       0x4a build/lcd_fonts.o
 .comment       0x00000049       0x4a build/stm32f4xx_hal_spi.o
 .comment       0x00000049       0x4a build/stm32f4xx_hal_timebase_tim.o
 .comment       0x00000049       0x4a build/freertos.o
 .comment       0x00000049       0x4a build/list.o
 .comment       0x00000049       0x4a build/queue.o
 .comment       0x00000049       0x4a build/tasks.o
 .comment       0x00000049       0x4a build/timers.o
 .comment       0x00000049       0x4a build/heap_4.o
 .comment       0x00000049       0x4a build/port.o
 .comment       0x00000049       0x4a build/cmsis_os2.o

.debug_frame    0x00000000     0x48e8
 .debug_frame   0x00000000       0x70 build/main.o
 .debug_frame   0x00000070       0x38 build/gpio.o
 .debug_frame   0x000000a8       0x40 build/dma.o
 .debug_frame   0x000000e8       0x84 build/tim.o
 .debug_frame   0x0000016c       0x98 build/usart.o
 .debug_frame   0x00000204      0x100 build/stm32f4xx_it.o
 .debug_frame   0x00000304       0x2c build/stm32f4xx_hal_msp.o
 .debug_frame   0x00000330      0xb10 build/stm32f4xx_hal_tim.o
 .debug_frame   0x00000e40      0x40c build/stm32f4xx_hal_tim_ex.o
 .debug_frame   0x0000124c      0x16c build/stm32f4xx_hal_rcc.o
 .debug_frame   0x000013b8       0xd8 build/stm32f4xx_hal_gpio.o
 .debug_frame   0x00001490      0x188 build/stm32f4xx_hal_dma.o
 .debug_frame   0x00001618       0xf4 build/stm32f4xx_hal_pwr_ex.o
 .debug_frame   0x0000170c      0x158 build/stm32f4xx_hal_cortex.o
 .debug_frame   0x00001864      0x20c build/stm32f4xx_hal.o
 .debug_frame   0x00001a70      0x5e4 build/stm32f4xx_hal_uart.o
 .debug_frame   0x00002054       0x30 build/system_stm32f4xx.o
 .debug_frame   0x00002084      0x24c build/spi.o
 .debug_frame   0x000022d0      0x5c8 build/stm32f4xx_hal_spi.o
 .debug_frame   0x00002898       0x54 build/stm32f4xx_hal_timebase_tim.o
 .debug_frame   0x000028ec       0x94 build/freertos.o
 .debug_frame   0x00002980       0x70 build/list.o
 .debug_frame   0x000029f0      0x458 build/queue.o
 .debug_frame   0x00002e48      0x688 build/tasks.o
 .debug_frame   0x000034d0      0x30c build/timers.o
 .debug_frame   0x000037dc       0xd0 build/heap_4.o
 .debug_frame   0x000038ac      0x110 build/port.o
 .debug_frame   0x000039bc      0x900 build/cmsis_os2.o
 .debug_frame   0x000042bc       0x2c d:/gcc-arm-none-eabi-10.3-2021.10/bin/../lib/gcc/arm-none-eabi/10.3.1/../../../../arm-none-eabi/lib/thumb/v7e-m+fp/hard\libc_nano.a(lib_a-init.o)
 .debug_frame   0x000042e8       0x28 d:/gcc-arm-none-eabi-10.3-2021.10/bin/../lib/gcc/arm-none-eabi/10.3.1/../../../../arm-none-eabi/lib/thumb/v7e-m+fp/hard\libc_nano.a(lib_a-memcpy-stub.o)
 .debug_frame   0x00004310       0x20 d:/gcc-arm-none-eabi-10.3-2021.10/bin/../lib/gcc/arm-none-eabi/10.3.1/../../../../arm-none-eabi/lib/thumb/v7e-m+fp/hard\libc_nano.a(lib_a-memset.o)
 .debug_frame   0x00004330       0x6c d:/gcc-arm-none-eabi-10.3-2021.10/bin/../lib/gcc/arm-none-eabi/10.3.1/../../../../arm-none-eabi/lib/thumb/v7e-m+fp/hard\libc_nano.a(lib_a-sprintf.o)
 .debug_frame   0x0000439c       0x20 d:/gcc-arm-none-eabi-10.3-2021.10/bin/../lib/gcc/arm-none-eabi/10.3.1/../../../../arm-none-eabi/lib/thumb/v7e-m+fp/hard\libc_nano.a(lib_a-strcpy.o)
 .debug_frame   0x000043bc       0x90 d:/gcc-arm-none-eabi-10.3-2021.10/bin/../lib/gcc/arm-none-eabi/10.3.1/../../../../arm-none-eabi/lib/thumb/v7e-m+fp/hard\libc_nano.a(lib_a-nano-svfprintf.o)
 .debug_frame   0x0000444c       0x60 d:/gcc-arm-none-eabi-10.3-2021.10/bin/../lib/gcc/arm-none-eabi/10.3.1/../../../../arm-none-eabi/lib/thumb/v7e-m+fp/hard\libc_nano.a(lib_a-nano-vfprintf_i.o)
 .debug_frame   0x000044ac       0x28 d:/gcc-arm-none-eabi-10.3-2021.10/bin/../lib/gcc/arm-none-eabi/10.3.1/../../../../arm-none-eabi/lib/thumb/v7e-m+fp/hard\libc_nano.a(lib_a-memmove.o)
 .debug_frame   0x000044d4       0x38 d:/gcc-arm-none-eabi-10.3-2021.10/bin/../lib/gcc/arm-none-eabi/10.3.1/../../../../arm-none-eabi/lib/thumb/v7e-m+fp/hard\libc_nano.a(lib_a-nano-freer.o)
 .debug_frame   0x0000450c       0x4c d:/gcc-arm-none-eabi-10.3-2021.10/bin/../lib/gcc/arm-none-eabi/10.3.1/../../../../arm-none-eabi/lib/thumb/v7e-m+fp/hard\libc_nano.a(lib_a-nano-mallocr.o)
 .debug_frame   0x00004558       0x3c d:/gcc-arm-none-eabi-10.3-2021.10/bin/../lib/gcc/arm-none-eabi/10.3.1/../../../../arm-none-eabi/lib/thumb/v7e-m+fp/hard\libc_nano.a(lib_a-nano-reallocr.o)
 .debug_frame   0x00004594       0x2c d:/gcc-arm-none-eabi-10.3-2021.10/bin/../lib/gcc/arm-none-eabi/10.3.1/../../../../arm-none-eabi/lib/thumb/v7e-m+fp/hard\libc_nano.a(lib_a-sbrkr.o)
 .debug_frame   0x000045c0       0x30 d:/gcc-arm-none-eabi-10.3-2021.10/bin/../lib/gcc/arm-none-eabi/10.3.1/../../../../arm-none-eabi/lib/thumb/v7e-m+fp/hard\libc_nano.a(lib_a-mlock.o)
 .debug_frame   0x000045f0       0x20 d:/gcc-arm-none-eabi-10.3-2021.10/bin/../lib/gcc/arm-none-eabi/10.3.1/../../../../arm-none-eabi/lib/thumb/v7e-m+fp/hard\libc_nano.a(lib_a-nano-msizer.o)
 .debug_frame   0x00004610       0x5c d:/gcc-arm-none-eabi-10.3-2021.10/bin/../lib/gcc/arm-none-eabi/10.3.1/../../../../arm-none-eabi/lib/thumb/v7e-m+fp/hard\libc_nano.a(lib_a-reent.o)
 .debug_frame   0x0000466c       0xb0 d:/gcc-arm-none-eabi-10.3-2021.10/bin/../lib/gcc/arm-none-eabi/10.3.1/../../../../arm-none-eabi/lib/thumb/v7e-m+fp/hard\libc_nano.a(lib_a-lock.o)
 .debug_frame   0x0000471c       0x28 d:/gcc-arm-none-eabi-10.3-2021.10/bin/../lib/gcc/arm-none-eabi/10.3.1/../../../../arm-none-eabi/lib/thumb/v7e-m+fp/hard\libm.a(lib_a-s_round.o)
 .debug_frame   0x00004744       0x20 d:/gcc-arm-none-eabi-10.3-2021.10/bin/../lib/gcc/arm-none-eabi/10.3.1/../../../../arm-none-eabi/lib/thumb/v7e-m+fp/hard\libnosys.a(sbrk.o)
 .debug_frame   0x00004764       0x30 d:/gcc-arm-none-eabi-10.3-2021.10/bin/../lib/gcc/arm-none-eabi/10.3.1/thumb/v7e-m+fp/hard\libgcc.a(_arm_muldf3.o)
 .debug_frame   0x00004794       0xac d:/gcc-arm-none-eabi-10.3-2021.10/bin/../lib/gcc/arm-none-eabi/10.3.1/thumb/v7e-m+fp/hard\libgcc.a(_arm_addsubdf3.o)
 .debug_frame   0x00004840       0x24 d:/gcc-arm-none-eabi-10.3-2021.10/bin/../lib/gcc/arm-none-eabi/10.3.1/thumb/v7e-m+fp/hard\libgcc.a(_arm_fixdfsi.o)
 .debug_frame   0x00004864       0x24 d:/gcc-arm-none-eabi-10.3-2021.10/bin/../lib/gcc/arm-none-eabi/10.3.1/thumb/v7e-m+fp/hard\libgcc.a(_arm_truncdfsf2.o)
 .debug_frame   0x00004888       0x2c d:/gcc-arm-none-eabi-10.3-2021.10/bin/../lib/gcc/arm-none-eabi/10.3.1/thumb/v7e-m+fp/hard\libgcc.a(_aeabi_uldivmod.o)
 .debug_frame   0x000048b4       0x34 d:/gcc-arm-none-eabi-10.3-2021.10/bin/../lib/gcc/arm-none-eabi/10.3.1/thumb/v7e-m+fp/hard\libgcc.a(_udivmoddi4.o)

Cross Reference Table

Symbol                                            File
ADC_IRQHandler                                    build/startup_stm32f429xx.o
AHBPrescTable                                     build/system_stm32f4xx.o
                                                  build/stm32f4xx_hal_rcc.o
APBPrescTable                                     build/system_stm32f4xx.o
                                                  build/stm32f4xx_hal_rcc.o
ASCII_1206_Table                                  build/lcd_fonts.o
ASCII_1608_Table                                  build/lcd_fonts.o
ASCII_2010_Table                                  build/lcd_fonts.o
ASCII_2412_Table                                  build/lcd_fonts.o
ASCII_3216_Table                                  build/lcd_fonts.o
ASCII_Font12                                      build/lcd_fonts.o
ASCII_Font16                                      build/lcd_fonts.o
ASCII_Font20                                      build/lcd_fonts.o
ASCII_Font24                                      build/lcd_fonts.o
                                                  build/spi.o
ASCII_Font32                                      build/lcd_fonts.o
BusFault_Handler                                  build/stm32f4xx_it.o
CAN1_RX0_IRQHandler                               build/startup_stm32f429xx.o
CAN1_RX1_IRQHandler                               build/startup_stm32f429xx.o
CAN1_SCE_IRQHandler                               build/startup_stm32f429xx.o
CAN1_TX_IRQHandler                                build/startup_stm32f429xx.o
CAN2_RX0_IRQHandler                               build/startup_stm32f429xx.o
CAN2_RX1_IRQHandler                               build/startup_stm32f429xx.o
CAN2_SCE_IRQHandler                               build/startup_stm32f429xx.o
CAN2_TX_IRQHandler                                build/startup_stm32f429xx.o
DCMI_IRQHandler                                   build/startup_stm32f429xx.o
DMA1_Stream0_IRQHandler                           build/startup_stm32f429xx.o
DMA1_Stream1_IRQHandler                           build/startup_stm32f429xx.o
DMA1_Stream2_IRQHandler                           build/startup_stm32f429xx.o
DMA1_Stream3_IRQHandler                           build/startup_stm32f429xx.o
DMA1_Stream4_IRQHandler                           build/startup_stm32f429xx.o
DMA1_Stream5_IRQHandler                           build/stm32f4xx_it.o
DMA1_Stream6_IRQHandler                           build/startup_stm32f429xx.o
DMA1_Stream7_IRQHandler                           build/startup_stm32f429xx.o
DMA2D_IRQHandler                                  build/startup_stm32f429xx.o
DMA2_Stream0_IRQHandler                           build/startup_stm32f429xx.o
DMA2_Stream1_IRQHandler                           build/startup_stm32f429xx.o
DMA2_Stream2_IRQHandler                           build/stm32f4xx_it.o
DMA2_Stream3_IRQHandler                           build/startup_stm32f429xx.o
DMA2_Stream4_IRQHandler                           build/startup_stm32f429xx.o
DMA2_Stream5_IRQHandler                           build/startup_stm32f429xx.o
DMA2_Stream6_IRQHandler                           build/startup_stm32f429xx.o
DMA2_Stream7_IRQHandler                           build/stm32f4xx_it.o
DebugMon_Handler                                  build/stm32f4xx_it.o
Default_Handler                                   build/startup_stm32f429xx.o
ETH_IRQHandler                                    build/startup_stm32f429xx.o
ETH_WKUP_IRQHandler                               build/startup_stm32f429xx.o
EXTI0_IRQHandler                                  build/startup_stm32f429xx.o
EXTI15_10_IRQHandler                              build/startup_stm32f429xx.o
EXTI1_IRQHandler                                  build/startup_stm32f429xx.o
EXTI2_IRQHandler                                  build/startup_stm32f429xx.o
EXTI3_IRQHandler                                  build/startup_stm32f429xx.o
EXTI4_IRQHandler                                  build/startup_stm32f429xx.o
EXTI9_5_IRQHandler                                build/startup_stm32f429xx.o
Error_Handler                                     build/main.o
                                                  build/spi.o
                                                  build/usart.o
                                                  build/tim.o
FLASH_Erase_Sector                                build/stm32f4xx_hal_flash_ex.o
                                                  build/stm32f4xx_hal_flash.o
FLASH_FlushCaches                                 build/stm32f4xx_hal_flash_ex.o