Archive member included to satisfy reference by file (symbol)

d:/gcc-arm-none-eabi-10.3-2021.10/bin/../lib/gcc/arm-none-eabi/10.3.1/../../../../arm-none-eabi/lib/thumb/v7e-m+fp/hard\libc_nano.a(lib_a-exit.o)
                              d:/gcc-arm-none-eabi-10.3-2021.10/bin/../lib/gcc/arm-none-eabi/10.3.1/../../../../arm-none-eabi/lib/thumb/v7e-m+fp/hard/crt0.o (exit)
d:/gcc-arm-none-eabi-10.3-2021.10/bin/../lib/gcc/arm-none-eabi/10.3.1/../../../../arm-none-eabi/lib/thumb/v7e-m+fp/hard\libc_nano.a(lib_a-impure.o)
                              d:/gcc-arm-none-eabi-10.3-2021.10/bin/../lib/gcc/arm-none-eabi/10.3.1/../../../../arm-none-eabi/lib/thumb/v7e-m+fp/hard\libc_nano.a(lib_a-exit.o) (_global_impure_ptr)
d:/gcc-arm-none-eabi-10.3-2021.10/bin/../lib/gcc/arm-none-eabi/10.3.1/../../../../arm-none-eabi/lib/thumb/v7e-m+fp/hard\libc_nano.a(lib_a-init.o)
                              d:/gcc-arm-none-eabi-10.3-2021.10/bin/../lib/gcc/arm-none-eabi/10.3.1/../../../../arm-none-eabi/lib/thumb/v7e-m+fp/hard/crt0.o (__libc_init_array)
d:/gcc-arm-none-eabi-10.3-2021.10/bin/../lib/gcc/arm-none-eabi/10.3.1/../../../../arm-none-eabi/lib/thumb/v7e-m+fp/hard\libc_nano.a(lib_a-memset.o)
                              d:/gcc-arm-none-eabi-10.3-2021.10/bin/../lib/gcc/arm-none-eabi/10.3.1/../../../../arm-none-eabi/lib/thumb/v7e-m+fp/hard/crt0.o (memset)
d:/gcc-arm-none-eabi-10.3-2021.10/bin/../lib/gcc/arm-none-eabi/10.3.1/../../../../arm-none-eabi/lib/thumb/v7e-m+fp/hard\libc_nano.a(lib_a-sprintf.o)
                              build/spi.o (sprintf)
d:/gcc-arm-none-eabi-10.3-2021.10/bin/../lib/gcc/arm-none-eabi/10.3.1/../../../../arm-none-eabi/lib/thumb/v7e-m+fp/hard\libc_nano.a(lib_a-strcpy.o)
                              build/spi.o (strcpy)
d:/gcc-arm-none-eabi-10.3-2021.10/bin/../lib/gcc/arm-none-eabi/10.3.1/../../../../arm-none-eabi/lib/thumb/v7e-m+fp/hard\libc_nano.a(lib_a-strlen.o)
                              build/spi.o (strlen)
d:/gcc-arm-none-eabi-10.3-2021.10/bin/../lib/gcc/arm-none-eabi/10.3.1/../../../../arm-none-eabi/lib/thumb/v7e-m+fp/hard\libc_nano.a(lib_a-vsnprintf.o)
                              build/usart.o (vsnprintf)
d:/gcc-arm-none-eabi-10.3-2021.10/bin/../lib/gcc/arm-none-eabi/10.3.1/../../../../arm-none-eabi/lib/thumb/v7e-m+fp/hard\libc_nano.a(lib_a-nano-svfprintf.o)
                              d:/gcc-arm-none-eabi-10.3-2021.10/bin/../lib/gcc/arm-none-eabi/10.3.1/../../../../arm-none-eabi/lib/thumb/v7e-m+fp/hard\libc_nano.a(lib_a-sprintf.o) (_svfprintf_r)
d:/gcc-arm-none-eabi-10.3-2021.10/bin/../lib/gcc/arm-none-eabi/10.3.1/../../../../arm-none-eabi/lib/thumb/v7e-m+fp/hard\libc_nano.a(lib_a-nano-vfprintf_i.o)
                              d:/gcc-arm-none-eabi-10.3-2021.10/bin/../lib/gcc/arm-none-eabi/10.3.1/../../../../arm-none-eabi/lib/thumb/v7e-m+fp/hard\libc_nano.a(lib_a-nano-svfprintf.o) (_printf_i)
d:/gcc-arm-none-eabi-10.3-2021.10/bin/../lib/gcc/arm-none-eabi/10.3.1/../../../../arm-none-eabi/lib/thumb/v7e-m+fp/hard\libc_nano.a(lib_a-memchr.o)
                              d:/gcc-arm-none-eabi-10.3-2021.10/bin/../lib/gcc/arm-none-eabi/10.3.1/../../../../arm-none-eabi/lib/thumb/v7e-m+fp/hard\libc_nano.a(lib_a-nano-svfprintf.o) (memchr)
d:/gcc-arm-none-eabi-10.3-2021.10/bin/../lib/gcc/arm-none-eabi/10.3.1/../../../../arm-none-eabi/lib/thumb/v7e-m+fp/hard\libc_nano.a(lib_a-memcpy-stub.o)
                              d:/gcc-arm-none-eabi-10.3-2021.10/bin/../lib/gcc/arm-none-eabi/10.3.1/../../../../arm-none-eabi/lib/thumb/v7e-m+fp/hard\libc_nano.a(lib_a-nano-svfprintf.o) (memcpy)
d:/gcc-arm-none-eabi-10.3-2021.10/bin/../lib/gcc/arm-none-eabi/10.3.1/../../../../arm-none-eabi/lib/thumb/v7e-m+fp/hard\libc_nano.a(lib_a-memmove.o)
                              d:/gcc-arm-none-eabi-10.3-2021.10/bin/../lib/gcc/arm-none-eabi/10.3.1/../../../../arm-none-eabi/lib/thumb/v7e-m+fp/hard\libc_nano.a(lib_a-nano-svfprintf.o) (memmove)
d:/gcc-arm-none-eabi-10.3-2021.10/bin/../lib/gcc/arm-none-eabi/10.3.1/../../../../arm-none-eabi/lib/thumb/v7e-m+fp/hard\libc_nano.a(lib_a-nano-freer.o)
                              d:/gcc-arm-none-eabi-10.3-2021.10/bin/../lib/gcc/arm-none-eabi/10.3.1/../../../../arm-none-eabi/lib/thumb/v7e-m+fp/hard\libc_nano.a(lib_a-nano-svfprintf.o) (_free_r)
d:/gcc-arm-none-eabi-10.3-2021.10/bin/../lib/gcc/arm-none-eabi/10.3.1/../../../../arm-none-eabi/lib/thumb/v7e-m+fp/hard\libc_nano.a(lib_a-nano-mallocr.o)
                              d:/gcc-arm-none-eabi-10.3-2021.10/bin/../lib/gcc/arm-none-eabi/10.3.1/../../../../arm-none-eabi/lib/thumb/v7e-m+fp/hard\libc_nano.a(lib_a-nano-svfprintf.o) (_malloc_r)
d:/gcc-arm-none-eabi-10.3-2021.10/bin/../lib/gcc/arm-none-eabi/10.3.1/../../../../arm-none-eabi/lib/thumb/v7e-m+fp/hard\libc_nano.a(lib_a-nano-reallocr.o)
                              d:/gcc-arm-none-eabi-10.3-2021.10/bin/../lib/gcc/arm-none-eabi/10.3.1/../../../../arm-none-eabi/lib/thumb/v7e-m+fp/hard\libc_nano.a(lib_a-nano-svfprintf.o) (_realloc_r)
[...]
Memory Configuration

Name             Origin             Length             Attributes
RAM              0x20000000         0x00030000         xrw
CCMRAM           0x10000000         0x00010000         xrw
FLASH            0x08000000         0x00100000         xr
*default*        0x00000000         0xffffffff

Linker script and memory map

LOAD d:/gcc-arm-none-eabi-10.3-2021.10/bin/../lib/gcc/arm-none-eabi/10.3.1/thumb/v7e-m+fp/hard/crti.o
LOAD d:/gcc-arm-none-eabi-10.3-2021.10/bin/../lib/gcc/arm-none-eabi/10.3.1/thumb/v7e-m+fp/hard/crtbegin.o
LOAD d:/gcc-arm-none-eabi-10.3-2021.10/bin/../lib/gcc/arm-none-eabi/10.3.1/../../../../arm-none-eabi/lib/thumb/v7e-m+fp/hard/crt0.o
LOAD build/main.o
LOAD build/gpio.o
LOAD build/dma.o
LOAD build/tim.o
LOAD build/usart.o
LOAD build/stm32f4xx_it.o
LOAD build/stm32f4xx_hal_msp.o
LOAD build/stm32f4xx_hal_tim.o
LOAD build/stm32f4xx_hal_tim_ex.o
LOAD build/stm32f4xx_hal_rcc.o
LOAD build/stm32f4xx_hal_rcc_ex.o
LOAD build/stm32f4xx_hal_flash.o
LOAD build/stm32f4xx_hal_flash_ex.o
LOAD build/stm32f4xx_hal_flash_ramfunc.o
LOAD build/stm32f4xx_hal_gpio.o
LOAD build/stm32f4xx_hal_dma_ex.o
LOAD build/stm32f4xx_hal_dma.o
LOAD build/stm32f4xx_hal_pwr.o
LOAD build/stm32f4xx_hal_pwr_ex.o
LOAD build/stm32f4xx_hal_cortex.o
LOAD build/stm32f4xx_hal.o
LOAD build/stm32f4xx_hal_exti.o
LOAD build/stm32f4xx_hal_uart.o
LOAD build/arm_sin_f32.o
LOAD build/arm_common_tables.o
LOAD build/system_stm32f4xx.o
LOAD build/spi.o
LOAD build/lcd_fonts.o
LOAD build/stm32f4xx_hal_spi.o
LOAD build/stm32f4xx_hal_timebase_tim.o
LOAD build/startup_stm32f429xx.o
LOAD d:/gcc-arm-none-eabi-10.3-2021.10/bin/../lib/gcc/arm-none-eabi/10.3.1/../../../../arm-none-eabi/lib/thumb/v7e-m+fp/hard\libc_nano.a
LOAD d:/gcc-arm-none-eabi-10.3-2021.10/bin/../lib/gcc/arm-none-eabi/10.3.1/../../../../arm-none-eabi/lib/thumb/v7e-m+fp/hard\libm.a
LOAD d:/gcc-arm-none-eabi-10.3-2021.10/bin/../lib/gcc/arm-none-eabi/10.3.1/../../../../arm-none-eabi/lib/thumb/v7e-m+fp/hard\libnosys.a
START GROUP
LOAD d:/gcc-arm-none-eabi-10.3-2021.10/bin/../lib/gcc/arm-none-eabi/10.3.1/thumb/v7e-m+fp/hard\libgcc.a
LOAD d:/gcc-arm-none-eabi-10.3-2021.10/bin/../lib/gcc/arm-none-eabi/10.3.1/../../../../arm-none-eabi/lib/thumb/v7e-m+fp/hard\libc_nano.a
END GROUP
START GROUP
LOAD d:/gcc-arm-none-eabi-10.3-2021.10/bin/../lib/gcc/arm-none-eabi/10.3.1/thumb/v7e-m+fp/hard\libgcc.a
LOAD d:/gcc-arm-none-eabi-10.3-2021.10/bin/../lib/gcc/arm-none-eabi/10.3.1/../../../../arm-none-eabi/lib/thumb/v7e-m+fp/hard\libc_nano.a
END GROUP
LOAD d:/gcc-arm-none-eabi-10.3-2021.10/bin/../lib/gcc/arm-none-eabi/10.3.1/thumb/v7e-m+fp/hard/crtend.o
LOAD d:/gcc-arm-none-eabi-10.3-2021.10/bin/../lib/gcc/arm-none-eabi/10.3.1/thumb/v7e-m+fp/hard/crtn.o
                0x20030000                _estack = (ORIGIN (RAM) + LENGTH (RAM))
                0x00000200                _Min_Heap_Size = 0x200
                0x00000400                _Min_Stack_Size = 0x400

.isr_vector     0x08000000      0x1ac
                0x08000000                . = ALIGN (0x4)
 *(.isr_vector)
 .isr_vector    0x08000000      0x1ac build/startup_stm32f429xx.o
                0x08000000                g_pfnVectors
                0x080001ac                . = ALIGN (0x4)

.text           0x080001b0     0x4950
                0x080001b0                . = ALIGN (0x4)
 *(.text)
 .text          0x080001b0       0x40 d:/gcc-arm-none-eabi-10.3-2021.10/bin/../lib/gcc/arm-none-eabi/10.3.1/thumb/v7e-m+fp/hard/crtbegin.o
 .text          0x080001f0       0x10 d:/gcc-arm-none-eabi-10.3-2021.10/bin/../lib/gcc/arm-none-eabi/10.3.1/../../../../arm-none-eabi/lib/thumb/v7e-m+fp/hard\libc_nano.a(lib_a-strlen.o)
                0x080001f0                strlen
 .text          0x08000200       0xa0 d:/gcc-arm-none-eabi-10.3-2021.10/bin/../lib/gcc/arm-none-eabi/10.3.1/../../../../arm-none-eabi/lib/thumb/v7e-m+fp/hard\libc_nano.a(lib_a-memchr.o)
                0x08000200                memchr
 .text          0x080002a0      0x254 d:/gcc-arm-none-eabi-10.3-2021.10/bin/../lib/gcc/arm-none-eabi/10.3.1/thumb/v7e-m+fp/hard\libgcc.a(_arm_muldf3.o)
                0x080002a0                __muldf3
                0x080002a0                __aeabi_dmul
 .text          0x080004f4      0x378 d:/gcc-arm-none-eabi-10.3-2021.10/bin/../lib/gcc/arm-none-eabi/10.3.1/thumb/v7e-m+fp/hard\libgcc.a(_arm_addsubdf3.o)
                0x080004f4                __aeabi_drsub
                0x080004fc                __aeabi_dsub
                0x080004fc                __subdf3
                0x08000500                __aeabi_dadd
                0x08000500                __adddf3
                0x08000778                __floatunsidf
                0x08000778                __aeabi_ui2d
                0x08000798                __floatsidf
                0x08000798                __aeabi_i2d
                0x080007bc                __aeabi_f2d
                0x080007bc                __extendsfdf2
                0x08000800                __floatundidf
                0x08000800                __aeabi_ul2d
                0x08000810                __floatdidf
                0x08000810                __aeabi_l2d
 .text          0x0800086c       0x50 d:/gcc-arm-none-eabi-10.3-2021.10/bin/../lib/gcc/arm-none-eabi/10.3.1/thumb/v7e-m+fp/hard\libgcc.a(_arm_fixdfsi.o)
                0x0800086c                __aeabi_d2iz
                0x0800086c                __fixdfsi
 .text          0x080008bc       0xa0 d:/gcc-arm-none-eabi-10.3-2021.10/bin/../lib/gcc/arm-none-eabi/10.3.1/thumb/v7e-m+fp/hard\libgcc.a(_arm_truncdfsf2.o)
                0x080008bc                __truncdfsf2
                0x080008bc                __aeabi_d2f
 .text          0x0800095c       0x30 d:/gcc-arm-none-eabi-10.3-2021.10/bin/../lib/gcc/arm-none-eabi/10.3.1/thumb/v7e-m+fp/hard\libgcc.a(_aeabi_uldivmod.o)
                0x0800095c                __aeabi_uldivmod
 .text          0x0800098c      0x2d0 d:/gcc-arm-none-eabi-10.3-2021.10/bin/../lib/gcc/arm-none-eabi/10.3.1/thumb/v7e-m+fp/hard\libgcc.a(_udivmoddi4.o)
                0x0800098c                __udivmoddi4
 .text          0x08000c5c        0x4 d:/gcc-arm-none-eabi-10.3-2021.10/bin/../lib/gcc/arm-none-eabi/10.3.1/thumb/v7e-m+fp/hard\libgcc.a(_dvmd_tls.o)
                0x08000c5c                __aeabi_idiv0
                0x08000c5c                __aeabi_ldiv0
 *(.text*)
 .text.LCD_Test_Clear
                0x08000c60       0x74 build/main.o
                0x08000c60                LCD_Test_Clear
 *fill*         0x08000cd4        0x4 
 .text.LCD_Test_Variable
                0x08000cd8      0x178 build/main.o
                0x08000cd8                LCD_Test_Variable
 .text.HAL_TIM_PeriodElapsedCallback
                0x08000e50       0x18 build/main.o
                0x08000e50                HAL_TIM_PeriodElapsedCallback
 .text.Error_Handler
                0x08000e68        0x4 build/main.o
                0x08000e68                Error_Handler
 .text.SystemClock_Config
                0x08000e6c       0xb4 build/main.o
                0x08000e6c                SystemClock_Config
 .text.main     0x08000f20       0x4c build/main.o
                0x08000f20                main
 .text.MX_GPIO_Init
                0x08000f6c       0xec build/gpio.o
                0x08000f6c                MX_GPIO_Init
 .text.MX_DMA_Init
                0x08001058       0x68 build/dma.o
                0x08001058                MX_DMA_Init
 .text.HAL_SPI_TxCpltCallback
                0x080010c0        0xc build/dma.o
                0x080010c0                HAL_SPI_TxCpltCallback
 .text.HAL_TIM_Base_MspInit
                0x080010cc       0x40 build/tim.o
                0x080010cc                HAL_TIM_Base_MspInit
 .text.HAL_TIM_MspPostInit
                0x0800110c       0x58 build/tim.o
                0x0800110c                HAL_TIM_MspPostInit
 .text.MX_TIM4_Init
                0x08001164       0xe4 build/tim.o
                0x08001164                MX_TIM4_Init
 .text.MX_USART1_UART_Init
                0x08001248       0x34 build/usart.o
                0x08001248                MX_USART1_UART_Init
 .text.HAL_UART_MspInit
                0x0800127c      0x100 build/usart.o
                0x0800127c                HAL_UART_MspInit
 .text.NMI_Handler
                0x0800137c        0x2 build/stm32f4xx_it.o
                0x0800137c                NMI_Handler
 .text.HardFault_Handler
                0x0800137e        0x2 build/stm32f4xx_it.o
                0x0800137e                HardFault_Handler
 .text.MemManage_Handler
                0x08001380        0x2 build/stm32f4xx_it.o
                0x08001380                MemManage_Handler
 .text.BusFault_Handler
                0x08001382        0x2 build/stm32f4xx_it.o
                0x08001382                BusFault_Handler
 .text.UsageFault_Handler
                0x08001384        0x2 build/stm32f4xx_it.o
                0x08001384                UsageFault_Handler
 .text.SVC_Handler
                0x08001386        0x2 build/stm32f4xx_it.o
                0x08001386                SVC_Handler
 .text.DebugMon_Handler
                0x08001388        0x2 build/stm32f4xx_it.o
                0x08001388                DebugMon_Handler
 .text.PendSV_Handler
                0x0800138a        0x2 build/stm32f4xx_it.o
                0x0800138a                PendSV_Handler
 .text.SysTick_Handler
                0x0800138c        0x2 build/stm32f4xx_it.o
                0x0800138c                SysTick_Handler
 *fill*         0x0800138e        0x2 
 .text.DMA1_Stream5_IRQHandler
                0x08001390       0x10 build/stm32f4xx_it.o
                0x08001390                DMA1_Stream5_IRQHandler
 .text.TIM1_UP_TIM10_IRQHandler
                0x080013a0       0x10 build/stm32f4xx_it.o
                0x080013a0                TIM1_UP_TIM10_IRQHandler
 .text.TIM4_IRQHandler
                0x080013b0       0x10 build/stm32f4xx_it.o
                0x080013b0                TIM4_IRQHandler
 .text.USART1_IRQHandler
                0x080013c0       0x10 build/stm32f4xx_it.o
                0x080013c0                USART1_IRQHandler
 .text.DMA2_Stream2_IRQHandler
                0x080013d0       0x10 build/stm32f4xx_it.o
                0x080013d0                DMA2_Stream2_IRQHandler
 .text.DMA2_Stream7_IRQHandler
                0x080013e0       0x10 build/stm32f4xx_it.o
                0x080013e0                DMA2_Stream7_IRQHandler
 .text.HAL_MspInit
                0x080013f0       0x38 build/stm32f4xx_hal_msp.o
                0x080013f0                HAL_MspInit
 .text.TIM_OC1_SetConfig
                0x08001428       0x68 build/stm32f4xx_hal_tim.o
 .text.TIM_OC3_SetConfig
                0x08001490       0x70 build/stm32f4xx_hal_tim.o
 .text.TIM_OC4_SetConfig
                0x08001500       0x50 build/stm32f4xx_hal_tim.o
 .text.TIM_TI1_ConfigInputStage
                0x08001550       0x26 build/stm32f4xx_hal_tim.o
 .text.TIM_TI2_ConfigInputStage
                0x08001576       0x28 build/stm32f4xx_hal_tim.o
 .text.TIM_ITRx_SetConfig
                0x0800159e       0x10 build/stm32f4xx_hal_tim.o
 *fill*         0x080015ae        0x2 
 .text.HAL_TIM_Base_Start_IT
                0x080015b0       0x88 build/stm32f4xx_hal_tim.o
                0x080015b0                HAL_TIM_Base_Start_IT
 .text.HAL_TIM_PWM_MspInit
                0x08001638        0x2 build/stm32f4xx_hal_tim.o
                0x08001638                HAL_TIM_PWM_MspInit
 .text.HAL_TIM_OC_DelayElapsedCallback
                0x0800163a        0x2 build/stm32f4xx_hal_tim.o
                0x0800163a                HAL_TIM_OC_DelayElapsedCallback
 .text.HAL_TIM_IC_CaptureCallback
                0x0800163c        0x2 build/stm32f4xx_hal_tim.o
                0x0800163c                HAL_TIM_IC_CaptureCallback
 .text.HAL_TIM_PWM_PulseFinishedCallback
                0x0800163e        0x2 build/stm32f4xx_hal_tim.o
                0x0800163e                HAL_TIM_PWM_PulseFinishedCallback
 .text.HAL_TIM_TriggerCallback
                0x08001640        0x2 build/stm32f4xx_hal_tim.o
                0x08001640                HAL_TIM_TriggerCallback
 .text.HAL_TIM_IRQHandler
                0x08001642      0x15e build/stm32f4xx_hal_tim.o
                0x08001642                HAL_TIM_IRQHandler
 .text.TIM_Base_SetConfig
                0x080017a0       0xd8 build/stm32f4xx_hal_tim.o
                0x080017a0                TIM_Base_SetConfig
 .text.HAL_TIM_Base_Init
                0x08001878       0x58 build/stm32f4xx_hal_tim.o
                0x08001878                HAL_TIM_Base_Init
 .text.HAL_TIM_PWM_Init
                0x080018d0       0x58 build/stm32f4xx_hal_tim.o
                0x080018d0                HAL_TIM_PWM_Init
 .text.TIM_OC2_SetConfig
                0x08001928       0x70 build/stm32f4xx_hal_tim.o
                0x08001928                TIM_OC2_SetConfig
 .text.HAL_TIM_PWM_ConfigChannel
                0x08001998       0xdc build/stm32f4xx_hal_tim.o
                0x08001998                HAL_TIM_PWM_ConfigChannel
 .text.TIM_ETR_SetConfig
                0x08001a74       0x1a build/stm32f4xx_hal_tim.o
                0x08001a74                TIM_ETR_SetConfig
 .text.HAL_TIM_ConfigClockSource
                0x08001a8e       0xfe build/stm32f4xx_hal_tim.o
                0x08001a8e                HAL_TIM_ConfigClockSource
 .text.TIM_CCxChannelCmd
                0x08001b8c       0x1e build/stm32f4xx_hal_tim.o
                0x08001b8c                TIM_CCxChannelCmd
 *fill*         0x08001baa        0x2 
 .text.HAL_TIM_PWM_Start
                0x08001bac      0x104 build/stm32f4xx_hal_tim.o
                0x08001bac                HAL_TIM_PWM_Start
 .text.HAL_TIMEx_MasterConfigSynchronization
                0x08001cb0       0x8c build/stm32f4xx_hal_tim_ex.o
                0x08001cb0                HAL_TIMEx_MasterConfigSynchronization
 .text.HAL_TIMEx_CommutCallback
                0x08001d3c        0x2 build/stm32f4xx_hal_tim_ex.o
                0x08001d3c                HAL_TIMEx_CommutCallback
 .text.HAL_TIMEx_BreakCallback
                0x08001d3e        0x2 build/stm32f4xx_hal_tim_ex.o
                0x08001d3e                HAL_TIMEx_BreakCallback
 .text.HAL_RCC_OscConfig
                0x08001d40      0x3f8 build/stm32f4xx_hal_rcc.o
                0x08001d40                HAL_RCC_OscConfig
 .text.HAL_RCC_GetSysClockFreq
                0x08002138       0xa4 build/stm32f4xx_hal_rcc.o
                0x08002138                HAL_RCC_GetSysClockFreq
 .text.HAL_RCC_ClockConfig
                0x080021dc      0x160 build/stm32f4xx_hal_rcc.o
                0x080021dc                HAL_RCC_ClockConfig
 .text.HAL_RCC_GetHCLKFreq
                0x0800233c        0xc build/stm32f4xx_hal_rcc.o
                0x0800233c                HAL_RCC_GetHCLKFreq
 .text.HAL_RCC_GetPCLK1Freq
                0x08002348       0x20 build/stm32f4xx_hal_rcc.o
                0x08002348                HAL_RCC_GetPCLK1Freq
 .text.HAL_RCC_GetPCLK2Freq
                0x08002368       0x20 build/stm32f4xx_hal_rcc.o
                0x08002368                HAL_RCC_GetPCLK2Freq
 .text.HAL_RCC_GetClockConfig
                0x08002388       0x3c build/stm32f4xx_hal_rcc.o
                0x08002388                HAL_RCC_GetClockConfig
 .text.HAL_GPIO_Init
                0x080023c4      0x1fc build/stm32f4xx_hal_gpio.o
                0x080023c4                HAL_GPIO_Init
 .text.HAL_GPIO_WritePin
                0x080025c0        0xc build/stm32f4xx_hal_gpio.o
                0x080025c0                HAL_GPIO_WritePin
 .text.DMA_SetConfig
                0x080025cc       0x2c build/stm32f4xx_hal_dma.o
 .text.DMA_CalcBaseAndBitshift
                0x080025f8       0x44 build/stm32f4xx_hal_dma.o
 .text.DMA_CheckFifoParam
                0x0800263c       0x8e build/stm32f4xx_hal_dma.o
 *fill*         0x080026ca        0x2 
 .text.HAL_DMA_Init
                0x080026cc       0xcc build/stm32f4xx_hal_dma.o
                0x080026cc                HAL_DMA_Init
 .text.HAL_DMA_Start_IT
                0x08002798       0x6a build/stm32f4xx_hal_dma.o
                0x08002798                HAL_DMA_Start_IT
 .text.HAL_DMA_Abort
                0x08002802       0x94 build/stm32f4xx_hal_dma.o
                0x08002802                HAL_DMA_Abort
 .text.HAL_DMA_Abort_IT
                0x08002896       0x26 build/stm32f4xx_hal_dma.o
                0x08002896                HAL_DMA_Abort_IT
 .text.HAL_DMA_IRQHandler
                0x080028bc      0x1dc build/stm32f4xx_hal_dma.o
                0x080028bc                HAL_DMA_IRQHandler
 .text.HAL_PWREx_EnableOverDrive
                0x08002a98       0x7c build/stm32f4xx_hal_pwr_ex.o
                0x08002a98                HAL_PWREx_EnableOverDrive
 .text.HAL_NVIC_SetPriorityGrouping
                0x08002b14       0x24 build/stm32f4xx_hal_cortex.o
                0x08002b14                HAL_NVIC_SetPriorityGrouping
 .text.HAL_NVIC_SetPriority
                0x08002b38       0x70 build/stm32f4xx_hal_cortex.o
                0x08002b38                HAL_NVIC_SetPriority
 .text.HAL_NVIC_EnableIRQ
                0x08002ba8       0x1c build/stm32f4xx_hal_cortex.o
                0x08002ba8                HAL_NVIC_EnableIRQ
 .text.HAL_Init
                0x08002bc4       0x34 build/stm32f4xx_hal.o
                0x08002bc4                HAL_Init
 .text.HAL_IncTick
                0x08002bf8       0x18 build/stm32f4xx_hal.o
                0x08002bf8                HAL_IncTick
 .text.HAL_GetTick
                0x08002c10        0xc build/stm32f4xx_hal.o
                0x08002c10                HAL_GetTick
 .text.HAL_Delay
                0x08002c1c       0x28 build/stm32f4xx_hal.o
                0x08002c1c                HAL_Delay
 .text.UART_EndRxTransfer
                0x08002c44       0x5c build/stm32f4xx_hal_uart.o
 .text.UART_Transmit_IT
                0x08002ca0       0x60 build/stm32f4xx_hal_uart.o
 .text.UART_SetConfig
                0x08002d00      0x110 build/stm32f4xx_hal_uart.o
 .text.HAL_UART_Init
                0x08002e10       0x60 build/stm32f4xx_hal_uart.o
                0x08002e10                HAL_UART_Init
 .text.HAL_UART_TxCpltCallback
                0x08002e70        0x2 build/stm32f4xx_hal_uart.o
                0x08002e70                HAL_UART_TxCpltCallback
 .text.UART_EndTransmit_IT
                0x08002e72       0x1a build/stm32f4xx_hal_uart.o
 .text.HAL_UART_RxCpltCallback
                0x08002e8c        0x2 build/stm32f4xx_hal_uart.o
                0x08002e8c                HAL_UART_RxCpltCallback
 .text.HAL_UART_ErrorCallback
                0x08002e8e        0x2 build/stm32f4xx_hal_uart.o
                0x08002e8e                HAL_UART_ErrorCallback
 .text.UART_DMAAbortOnError
                0x08002e90       0x10 build/stm32f4xx_hal_uart.o
 .text.HAL_UARTEx_RxEventCallback
                0x08002ea0        0x2 build/stm32f4xx_hal_uart.o
                0x08002ea0                HAL_UARTEx_RxEventCallback
 .text.UART_Receive_IT
                0x08002ea2       0xe6 build/stm32f4xx_hal_uart.o
 .text.HAL_UART_IRQHandler
                0x08002f88      0x288 build/stm32f4xx_hal_uart.o
                0x08002f88                HAL_UART_IRQHandler
 .text.SystemInit
                0x08003210       0x14 build/system_stm32f4xx.o
                0x08003210                SystemInit
 .text.MX_SPI3_Init
                0x08003224       0x40 build/spi.o
                0x08003224                MX_SPI3_Init
 .text.HAL_SPI_MspInit
                0x08003264      0x13c build/spi.o
                0x08003264                HAL_SPI_MspInit
 .text.LCD_WriteCommand
                0x080033a0       0x30 build/spi.o
                0x080033a0                LCD_WriteCommand
 .text.LCD_WriteData_8bit
                0x080033d0       0x30 build/spi.o
                0x080033d0                LCD_WriteData_8bit
 .text.LCD_WriteData_16bit
                0x08003400       0x44 build/spi.o
                0x08003400                LCD_WriteData_16bit
 .text.LCD_WriteBuff
                0x08003444       0x38 build/spi.o
                0x08003444                LCD_WriteBuff
 .text.LCD_SetAddress
                0x0800347c       0x54 build/spi.o
                0x0800347c                LCD_SetAddress
 .text.LCD_SetColor
                0x080034d0        0xc build/spi.o
                0x080034d0                LCD_SetColor
 .text.LCD_SetBackColor
                0x080034dc        0xc build/spi.o
                0x080034dc                LCD_SetBackColor
 .text.LCD_SetDirection
                0x080034e8       0xa4 build/spi.o
                0x080034e8                LCD_SetDirection
 .text.LCD_SetAsciiFont
                0x0800358c        0xc build/spi.o
                0x0800358c                LCD_SetAsciiFont
 .text.LCD_Clear
                0x08003598       0x74 build/spi.o
                0x08003598                LCD_Clear
 .text.LCD_DisplayChar
                0x0800360c       0xb0 build/spi.o
                0x0800360c                LCD_DisplayChar
 .text.LCD_DisplayString
                0x080036bc       0x38 build/spi.o
                0x080036bc                LCD_DisplayString
 .text.LCD_ShowNumMode
                0x080036f4        0xc build/spi.o
                0x080036f4                LCD_ShowNumMode
 .text.SPI_LCD_Init
                0x08003700      0x1b4 build/spi.o
                0x08003700                SPI_LCD_Init
 .text.LCD_DisplayNumber
                0x080038b4       0x44 build/spi.o
                0x080038b4                LCD_DisplayNumber
 .text.LCD_DisplayDecimals
                0x080038f8      0x1c0 build/spi.o
                0x080038f8                LCD_DisplayDecimals
 .text.SPI_WaitFlagStateUntilTimeout
                0x08003ab8       0xd4 build/stm32f4xx_hal_spi.o
 .text.SPI_EndRxTxTransaction
                0x08003b8c       0x80 build/stm32f4xx_hal_spi.o
 .text.HAL_SPI_Init
                0x08003c0c       0xbe build/stm32f4xx_hal_spi.o
                0x08003c0c                HAL_SPI_Init
 .text.HAL_SPI_Transmit
                0x08003cca      0x1b8 build/stm32f4xx_hal_spi.o
                0x08003cca                HAL_SPI_Transmit
 *fill*         0x08003e82        0x2 
 .text.HAL_SPI_Transmit_DMA
                0x08003e84       0xd8 build/stm32f4xx_hal_spi.o
                0x08003e84                HAL_SPI_Transmit_DMA
 .text.HAL_SPI_TxHalfCpltCallback
                0x08003f5c        0x2 build/stm32f4xx_hal_spi.o
                0x08003f5c                HAL_SPI_TxHalfCpltCallback
 .text.SPI_DMAHalfTransmitCplt
                0x08003f5e        0xa build/stm32f4xx_hal_spi.o
 .text.HAL_SPI_ErrorCallback
                0x08003f68        0x2 build/stm32f4xx_hal_spi.o
                0x08003f68                HAL_SPI_ErrorCallback
 .text.SPI_DMAError
                0x08003f6a       0x22 build/stm32f4xx_hal_spi.o
 .text.SPI_DMATransmitCplt
                0x08003f8c       0x70 build/stm32f4xx_hal_spi.o
 .text.HAL_InitTick
                0x08003ffc       0x98 build/stm32f4xx_hal_timebase_tim.o
                0x08003ffc                HAL_InitTick
 .text.Reset_Handler
                0x08004094       0x50 build/startup_stm32f429xx.o
                0x08004094                Reset_Handler
 .text.Default_Handler
                0x080040e4        0x2 build/startup_stm32f429xx.o
                0x080040e4                RTC_Alarm_IRQHandler
                0x080040e4                HASH_RNG_IRQHandler
                0x080040e4                EXTI2_IRQHandler
                0x080040e4                TIM8_CC_IRQHandler
                0x080040e4                UART8_IRQHandler
                0x080040e4                SPI4_IRQHandler
                0x080040e4                TIM1_CC_IRQHandler
                0x080040e4                DMA2_Stream5_IRQHandler
                0x080040e4                PVD_IRQHandler
                0x080040e4                SDIO_IRQHandler
                0x080040e4                TAMP_STAMP_IRQHandler
                0x080040e4                CAN2_RX1_IRQHandler
                0x080040e4                EXTI3_IRQHandler
                0x080040e4                TIM8_TRG_COM_TIM14_IRQHandler
                0x080040e4                TIM8_UP_TIM13_IRQHandler
                0x080040e4                I2C3_ER_IRQHandler
                0x080040e4                EXTI0_IRQHandler
                0x080040e4                I2C2_EV_IRQHandler
                0x080040e4                DMA1_Stream2_IRQHandler
                0x080040e4                CAN1_RX0_IRQHandler
                0x080040e4                FPU_IRQHandler
                0x080040e4                OTG_HS_WKUP_IRQHandler
                0x080040e4                LTDC_ER_IRQHandler
                0x080040e4                CAN2_SCE_IRQHandler
                0x080040e4                SPI1_IRQHandler
                0x080040e4                TIM6_DAC_IRQHandler
                0x080040e4                TIM1_BRK_TIM9_IRQHandler
                0x080040e4                DCMI_IRQHandler
                0x080040e4                CAN2_RX0_IRQHandler
                0x080040e4                DMA2_Stream3_IRQHandler
                0x080040e4                USART6_IRQHandler
                0x080040e4                USART3_IRQHandler
                0x080040e4                CAN1_RX1_IRQHandler
                0x080040e4                UART5_IRQHandler
                0x080040e4                DMA2_Stream0_IRQHandler
                0x080040e4                I2C1_EV_IRQHandler
                0x080040e4                DMA1_Stream6_IRQHandler
                0x080040e4                DMA1_Stream1_IRQHandler
                0x080040e4                UART4_IRQHandler
                0x080040e4                TIM3_IRQHandler
                0x080040e4                RCC_IRQHandler
                0x080040e4                TIM8_BRK_TIM12_IRQHandler
                0x080040e4                Default_Handler
                0x080040e4                EXTI15_10_IRQHandler
                0x080040e4                ADC_IRQHandler
                0x080040e4                DMA1_Stream7_IRQHandler
                0x080040e4                SPI5_IRQHandler
                0x080040e4                TIM7_IRQHandler
                0x080040e4                CAN2_TX_IRQHandler
                0x080040e4                TIM5_IRQHandler
                0x080040e4                I2C3_EV_IRQHandler
                0x080040e4                EXTI9_5_IRQHandler
                0x080040e4                RTC_WKUP_IRQHandler
                0x080040e4                LTDC_IRQHandler
                0x080040e4                ETH_WKUP_IRQHandler
                0x080040e4                SPI2_IRQHandler
                0x080040e4                OTG_HS_EP1_IN_IRQHandler
                0x080040e4                DMA1_Stream0_IRQHandler
                0x080040e4                CAN1_TX_IRQHandler
                0x080040e4                EXTI4_IRQHandler
                0x080040e4                ETH_IRQHandler
                0x080040e4                OTG_HS_EP1_OUT_IRQHandler
                0x080040e4                WWDG_IRQHandler
                0x080040e4                SPI6_IRQHandler
                0x080040e4                TIM2_IRQHandler
                0x080040e4                OTG_FS_WKUP_IRQHandler
                0x080040e4                TIM1_TRG_COM_TIM11_IRQHandler
                0x080040e4                OTG_HS_IRQHandler
                0x080040e4                DMA2D_IRQHandler
                0x080040e4                EXTI1_IRQHandler
                0x080040e4                UART7_IRQHandler
                0x080040e4                USART2_IRQHandler
                0x080040e4                I2C2_ER_IRQHandler
                0x080040e4                DMA2_Stream1_IRQHandler
                0x080040e4                CAN1_SCE_IRQHandler
                0x080040e4                FLASH_IRQHandler
                0x080040e4                DMA2_Stream4_IRQHandler
                0x080040e4                OTG_FS_IRQHandler
                0x080040e4                SPI3_IRQHandler
                0x080040e4                DMA1_Stream4_IRQHandler
                0x080040e4                I2C1_ER_IRQHandler
                0x080040e4                FMC_IRQHandler
                0x080040e4                DMA2_Stream6_IRQHandler
                0x080040e4                SAI1_IRQHandler
                0x080040e4                DMA1_Stream3_IRQHandler
 *fill*         0x080040e6        0x2 
 .text.__libc_init_array
                0x080040e8       0x48 d:/gcc-arm-none-eabi-10.3-2021.10/bin/../lib/gcc/arm-none-eabi/10.3.1/../../../../arm-none-eabi/lib/thumb/v7e-m+fp/hard\libc_nano.a(lib_a-init.o)
                0x080040e8                __libc_init_array
 .text.memset   0x08004130       0x10 d:/gcc-arm-none-eabi-10.3-2021.10/bin/../lib/gcc/arm-none-eabi/10.3.1/../../../../arm-none-eabi/lib/thumb/v7e-m+fp/hard\libc_nano.a(lib_a-memset.o)
                0x08004130                memset
 .text.sprintf  0x08004140       0x40 d:/gcc-arm-none-eabi-10.3-2021.10/bin/../lib/gcc/arm-none-eabi/10.3.1/../../../../arm-none-eabi/lib/thumb/v7e-m+fp/hard\libc_nano.a(lib_a-sprintf.o)
                0x08004140                siprintf
                0x08004140                sprintf
 .text.strcpy   0x08004180       0x10 d:/gcc-arm-none-eabi-10.3-2021.10/bin/../lib/gcc/arm-none-eabi/10.3.1/../../../../arm-none-eabi/lib/thumb/v7e-m+fp/hard\libc_nano.a(lib_a-strcpy.o)
                0x08004180                strcpy
 .text.__ssputs_r
                0x08004190       0xb6 d:/gcc-arm-none-eabi-10.3-2021.10/bin/../lib/gcc/arm-none-eabi/10.3.1/../../../../arm-none-eabi/lib/thumb/v7e-m+fp/hard\libc_nano.a(lib_a-nano-svfprintf.o)
                0x08004190                __ssputs_r
 *fill*         0x08004246        0x2 
 .text._svfprintf_r
                0x08004248      0x200 d:/gcc-arm-none-eabi-10.3-2021.10/bin/../lib/gcc/arm-none-eabi/10.3.1/../../../../arm-none-eabi/lib/thumb/v7e-m+fp/hard\libc_nano.a(lib_a-nano-svfprintf.o)
                0x08004248                _svfiprintf_r
                0x08004248                _svfprintf_r
 .text._printf_common
                0x08004448       0xda d:/gcc-arm-none-eabi-10.3-2021.10/bin/../lib/gcc/arm-none-eabi/10.3.1/../../../../arm-none-eabi/lib/thumb/v7e-m+fp/hard\libc_nano.a(lib_a-nano-vfprintf_i.o)
                0x08004448                _printf_common
 *fill*         0x08004522        0x2 
 .text._printf_i
                0x08004524      0x24c d:/gcc-arm-none-eabi-10.3-2021.10/bin/../lib/gcc/arm-none-eabi/10.3.1/../../../../arm-none-eabi/lib/thumb/v7e-m+fp/hard\libc_nano.a(lib_a-nano-vfprintf_i.o)
                0x08004524                _printf_i
 .text.memcpy   0x08004770       0x1c d:/gcc-arm-none-eabi-10.3-2021.10/bin/../lib/gcc/arm-none-eabi/10.3.1/../../../../arm-none-eabi/lib/thumb/v7e-m+fp/hard\libc_nano.a(lib_a-memcpy-stub.o)
                0x08004770                memcpy
 .text.memmove  0x0800478c       0x34 d:/gcc-arm-none-eabi-10.3-2021.10/bin/../lib/gcc/arm-none-eabi/10.3.1/../../../../arm-none-eabi/lib/thumb/v7e-m+fp/hard\libc_nano.a(lib_a-memmove.o)
                0x0800478c                memmove
 .text._free_r  0x080047c0       0x98 d:/gcc-arm-none-eabi-10.3-2021.10/bin/../lib/gcc/arm-none-eabi/10.3.1/../../../../arm-none-eabi/lib/thumb/v7e-m+fp/hard\libc_nano.a(lib_a-nano-freer.o)
                0x080047c0                _free_r
 .text.sbrk_aligned
                0x08004858       0x40 d:/gcc-arm-none-eabi-10.3-2021.10/bin/../lib/gcc/arm-none-eabi/10.3.1/../../../../arm-none-eabi/lib/thumb/v7e-m+fp/hard\libc_nano.a(lib_a-nano-mallocr.o)
 .text._malloc_r
                0x08004898       0xe8 d:/gcc-arm-none-eabi-10.3-2021.10/bin/../lib/gcc/arm-none-eabi/10.3.1/../../../../arm-none-eabi/lib/thumb/v7e-m+fp/hard\libc_nano.a(lib_a-nano-mallocr.o)
                0x08004898                _malloc_r
 .text._realloc_r
                0x08004980       0x5e d:/gcc-arm-none-eabi-10.3-2021.10/bin/../lib/gcc/arm-none-eabi/10.3.1/../../../../arm-none-eabi/lib/thumb/v7e-m+fp/hard\libc_nano.a(lib_a-nano-reallocr.o)
                0x08004980                _realloc_r
 *fill*         0x080049de        0x2 
 .text._sbrk_r  0x080049e0       0x20 d:/gcc-arm-none-eabi-10.3-2021.10/bin/../lib/gcc/arm-none-eabi/10.3.1/../../../../arm-none-eabi/lib/thumb/v7e-m+fp/hard\libc_nano.a(lib_a-sbrkr.o)
                0x080049e0                _sbrk_r
 .text.__malloc_lock
                0x08004a00        0xc d:/gcc-arm-none-eabi-10.3-2021.10/bin/../lib/gcc/arm-none-eabi/10.3.1/../../../../arm-none-eabi/lib/thumb/v7e-m+fp/hard\libc_nano.a(lib_a-mlock.o)
                0x08004a00                __malloc_lock
 .text.__malloc_unlock
                0x08004a0c        0xc d:/gcc-arm-none-eabi-10.3-2021.10/bin/../lib/gcc/arm-none-eabi/10.3.1/../../../../arm-none-eabi/lib/thumb/v7e-m+fp/hard\libc_nano.a(lib_a-mlock.o)
                0x08004a0c                __malloc_unlock
 .text._malloc_usable_size_r
                0x08004a18       0x10 d:/gcc-arm-none-eabi-10.3-2021.10/bin/../lib/gcc/arm-none-eabi/10.3.1/../../../../arm-none-eabi/lib/thumb/v7e-m+fp/hard\libc_nano.a(lib_a-nano-msizer.o)
                0x08004a18                _malloc_usable_size_r
 .text.__retarget_lock_acquire_recursive
                0x08004a28        0x2 d:/gcc-arm-none-eabi-10.3-2021.10/bin/../lib/gcc/arm-none-eabi/10.3.1/../../../../arm-none-eabi/lib/thumb/v7e-m+fp/hard\libc_nano.a(lib_a-lock.o)
                0x08004a28                __retarget_lock_acquire_recursive
 .text.__retarget_lock_release_recursive
                0x08004a2a        0x2 d:/gcc-arm-none-eabi-10.3-2021.10/bin/../lib/gcc/arm-none-eabi/10.3.1/../../../../arm-none-eabi/lib/thumb/v7e-m+fp/hard\libc_nano.a(lib_a-lock.o)
                0x08004a2a                __retarget_lock_release_recursive
 .text.round    0x08004a2c       0xa0 d:/gcc-arm-none-eabi-10.3-2021.10/bin/../lib/gcc/arm-none-eabi/10.3.1/../../../../arm-none-eabi/lib/thumb/v7e-m+fp/hard\libm.a(lib_a-s_round.o)
                0x08004a2c                round
 .text._sbrk    0x08004acc       0x1c d:/gcc-arm-none-eabi-10.3-2021.10/bin/../lib/gcc/arm-none-eabi/10.3.1/../../../../arm-none-eabi/lib/thumb/v7e-m+fp/hard\libnosys.a(sbrk.o)
                0x08004acc                _sbrk
 *(.glue_7)
 .glue_7        0x08004ae8        0x0 linker stubs
 *(.glue_7t)
 .glue_7t       0x08004ae8        0x0 linker stubs
 *(.eh_frame)
 .eh_frame      0x08004ae8        0x0 d:/gcc-arm-none-eabi-10.3-2021.10/bin/../lib/gcc/arm-none-eabi/10.3.1/thumb/v7e-m+fp/hard/crtbegin.o
 *(.init)
 .init          0x08004ae8        0x4 d:/gcc-arm-none-eabi-10.3-2021.10/bin/../lib/gcc/arm-none-eabi/10.3.1/thumb/v7e-m+fp/hard/crti.o
                0x08004ae8                _init
 .init          0x08004aec        0x8 d:/gcc-arm-none-eabi-10.3-2021.10/bin/../lib/gcc/arm-none-eabi/10.3.1/thumb/v7e-m+fp/hard/crtn.o
 *(.fini)
 .fini          0x08004af4        0x4 d:/gcc-arm-none-eabi-10.3-2021.10/bin/../lib/gcc/arm-none-eabi/10.3.1/thumb/v7e-m+fp/hard/crti.o
                0x08004af4                _fini
 .fini          0x08004af8        0x8 d:/gcc-arm-none-eabi-10.3-2021.10/bin/../lib/gcc/arm-none-eabi/10.3.1/thumb/v7e-m+fp/hard/crtn.o
                0x08004b00                . = ALIGN (0x4)
                0x08004b00                _etext = .

.vfp11_veneer   0x08004b00        0x0
 .vfp11_veneer  0x08004b00        0x0 linker stubs

.v4_bx          0x08004b00        0x0
 .v4_bx         0x08004b00        0x0 linker stubs

.iplt           0x08004b00        0x0
 .iplt          0x08004b00        0x0 d:/gcc-arm-none-eabi-10.3-2021.10/bin/../lib/gcc/arm-none-eabi/10.3.1/thumb/v7e-m+fp/hard/crtbegin.o

.rodata         0x08004b00     0x127c
                0x08004b00                . = ALIGN (0x4)
 *(.rodata)
 *(.rodata*)
 .rodata.LCD_Test_Variable.str1.4
                0x08004b00       0x30 build/main.o
 .rodata.flagBitshiftOffset.0
                0x08004b30        0x8 build/stm32f4xx_hal_dma.o
 .rodata.AHBPrescTable
                0x08004b38       0x10 build/system_stm32f4xx.o
                0x08004b38                AHBPrescTable
 .rodata.APBPrescTable
                0x08004b48        0x8 build/system_stm32f4xx.o
                0x08004b48                APBPrescTable
 .rodata.LCD_DisplayNumber.str1.4
                0x08004b50        0xc build/spi.o
 .rodata.LCD_DisplayDecimals.str1.4
                0x08004b5c       0x19 build/spi.o
 *fill*         0x08004b75        0x3 
 .rodata.ASCII_2412_Table
                0x08004b78     0x11d0 build/lcd_fonts.o
                0x08004b78                ASCII_2412_Table
 .rodata._svfprintf_r.str1.1
                0x08005d48       0x11 d:/gcc-arm-none-eabi-10.3-2021.10/bin/../lib/gcc/arm-none-eabi/10.3.1/../../../../arm-none-eabi/lib/thumb/v7e-m+fp/hard\libc_nano.a(lib_a-nano-svfprintf.o)
 .rodata._printf_i.str1.1
                0x08005d59       0x22 d:/gcc-arm-none-eabi-10.3-2021.10/bin/../lib/gcc/arm-none-eabi/10.3.1/../../../../arm-none-eabi/lib/thumb/v7e-m+fp/hard\libc_nano.a(lib_a-nano-vfprintf_i.o)
                0x08005d7c                . = ALIGN (0x4)
 *fill*         0x08005d7b        0x1 

.ARM.extab
 *(.ARM.extab* .gnu.linkonce.armextab.*)

.ARM            0x08005d7c        0x8
                0x08005d7c                __exidx_start = .
 *(.ARM.exidx*)
 .ARM.exidx     0x08005d7c        0x8 d:/gcc-arm-none-eabi-10.3-2021.10/bin/../lib/gcc/arm-none-eabi/10.3.1/thumb/v7e-m+fp/hard\libgcc.a(_udivmoddi4.o)
                0x08005d84                __exidx_end = .

.rel.dyn        0x08005d84        0x0
 .rel.iplt      0x08005d84        0x0 d:/gcc-arm-none-eabi-10.3-2021.10/bin/../lib/gcc/arm-none-eabi/10.3.1/thumb/v7e-m+fp/hard/crtbegin.o

.preinit_array  0x08005d84        0x0
                0x08005d84                PROVIDE (__preinit_array_start = .)
 *(.preinit_array*)
                0x08005d84                PROVIDE (__preinit_array_end = .)

.init_array     0x08005d84        0x4
                0x08005d84                PROVIDE (__init_array_start = .)
 *(SORT_BY_NAME(.init_array.*))
 *(.init_array*)
 .init_array    0x08005d84        0x4 d:/gcc-arm-none-eabi-10.3-2021.10/bin/../lib/gcc/arm-none-eabi/10.3.1/thumb/v7e-m+fp/hard/crtbegin.o
                0x08005d88                PROVIDE (__init_array_end = .)

.fini_array     0x08005d88        0x4
                [!provide]                PROVIDE (__fini_array_start = .)
 *(SORT_BY_NAME(.fini_array.*))
 *(.fini_array*)
 .fini_array    0x08005d88        0x4 d:/gcc-arm-none-eabi-10.3-2021.10/bin/../lib/gcc/arm-none-eabi/10.3.1/thumb/v7e-m+fp/hard/crtbegin.o
                [!provide]                PROVIDE (__fini_array_end = .)
                0x08005d8c                _sidata = LOADADDR (.data)

.data           0x20000000       0x7c load address 0x08005d8c
                0x20000000                . = ALIGN (0x4)
                0x20000000                _sdata = .
 *(.data)
 *(.data*)
 .data.uwTickFreq
                0x20000000        0x1 build/stm32f4xx_hal.o
                0x20000000                uwTickFreq
 *fill*         0x20000001        0x3 
 .data.uwTickPrio
                0x20000004        0x4 build/stm32f4xx_hal.o
                0x20000004                uwTickPrio
 .data.SystemCoreClock
                0x20000008        0x4 build/system_stm32f4xx.o
                0x20000008                SystemCoreClock
 .data.ASCII_Font24
                0x2000000c        0xc build/lcd_fonts.o
                0x2000000c                ASCII_Font24
 .data._impure_ptr
                0x20000018        0x4 d:/gcc-arm-none-eabi-10.3-2021.10/bin/../lib/gcc/arm-none-eabi/10.3.1/../../../../arm-none-eabi/lib/thumb/v7e-m+fp/hard\libc_nano.a(lib_a-impure.o)
                0x20000018                _impure_ptr
 .data.impure_data
                0x2000001c       0x60 d:/gcc-arm-none-eabi-10.3-2021.10/bin/../lib/gcc/arm-none-eabi/10.3.1/../../../../arm-none-eabi/lib/thumb/v7e-m+fp/hard\libc_nano.a(lib_a-impure.o)
                0x2000007c                . = ALIGN (0x4)
                0x2000007c                _edata = .
                0x08005e08                _siccmram = LOADADDR (.ccmram)

.igot.plt       0x2000007c        0x0 load address 0x08005e08
 .igot.plt      0x2000007c        0x0 d:/gcc-arm-none-eabi-10.3-2021.10/bin/../lib/gcc/arm-none-eabi/10.3.1/thumb/v7e-m+fp/hard/crtbegin.o

.ccmram         0x10000000        0x0 load address 0x08005e08
                0x10000000                . = ALIGN (0x4)
                0x10000000                _sccmram = .
 *(.ccmram)
 *(.ccmram*)
                0x10000000                . = ALIGN (0x4)
                0x10000000                _eccmram = .
                0x10000000                . = ALIGN (0x4)

.bss            0x2000007c      0xa98
                0x2000007c                _sbss = .
                0x2000007c                __bss_start__ = _sbss
 *(.bss)
 .bss           0x2000007c       0x1c d:/gcc-arm-none-eabi-10.3-2021.10/bin/../lib/gcc/arm-none-eabi/10.3.1/thumb/v7e-m+fp/hard/crtbegin.o
 *(.bss*)
 .bss.htim4     0x20000098       0x48 build/tim.o
                0x20000098                htim4
 .bss.hdma_usart1_rx
                0x200000e0       0x60 build/usart.o
                0x200000e0                hdma_usart1_rx
 .bss.hdma_usart1_tx
                0x20000140       0x60 build/usart.o
                0x20000140                hdma_usart1_tx
 .bss.huart1    0x200001a0       0x48 build/usart.o
                0x200001a0                huart1
 .bss.uwTick    0x200001e8        0x4 build/stm32f4xx_hal.o
                0x200001e8                uwTick
 .bss.LCD       0x200001ec        0xc build/spi.o
                0x200001ec                LCD
 .bss.LCD_AsciiFonts
                0x200001f8        0x4 build/spi.o
 .bss.LCD_Buff  0x200001fc      0x800 build/spi.o
                0x200001fc                LCD_Buff
 .bss.hdma_spi3_tx
                0x200009fc       0x60 build/spi.o
                0x200009fc                hdma_spi3_tx
 .bss.hspi3     0x20000a5c       0x58 build/spi.o
                0x20000a5c                hspi3
 .bss.sendFlg   0x20000ab4        0x1 build/spi.o
                0x20000ab4                sendFlg
 *fill*         0x20000ab5        0x3 
 .bss.htim1     0x20000ab8       0x48 build/stm32f4xx_hal_timebase_tim.o
                0x20000ab8                htim1
 .bss.__malloc_free_list
                0x20000b00        0x4 d:/gcc-arm-none-eabi-10.3-2021.10/bin/../lib/gcc/arm-none-eabi/10.3.1/../../../../arm-none-eabi/lib/thumb/v7e-m+fp/hard\libc_nano.a(lib_a-nano-mallocr.o)
                0x20000b00                __malloc_free_list
 .bss.__malloc_sbrk_start
                0x20000b04        0x4 d:/gcc-arm-none-eabi-10.3-2021.10/bin/../lib/gcc/arm-none-eabi/10.3.1/../../../../arm-none-eabi/lib/thumb/v7e-m+fp/hard\libc_nano.a(lib_a-nano-mallocr.o)
                0x20000b04                __malloc_sbrk_start
 .bss.errno     0x20000b08        0x4 d:/gcc-arm-none-eabi-10.3-2021.10/bin/../lib/gcc/arm-none-eabi/10.3.1/../../../../arm-none-eabi/lib/thumb/v7e-m+fp/hard\libc_nano.a(lib_a-reent.o)
                0x20000b08                errno
 .bss.__lock___malloc_recursive_mutex
                0x20000b0c        0x1 d:/gcc-arm-none-eabi-10.3-2021.10/bin/../lib/gcc/arm-none-eabi/10.3.1/../../../../arm-none-eabi/lib/thumb/v7e-m+fp/hard\libc_nano.a(lib_a-lock.o)
                0x20000b0c                __lock___malloc_recursive_mutex
 *fill*         0x20000b0d        0x3 
 .bss.heap_end.0
                0x20000b10        0x4 d:/gcc-arm-none-eabi-10.3-2021.10/bin/../lib/gcc/arm-none-eabi/10.3.1/../../../../arm-none-eabi/lib/thumb/v7e-m+fp/hard\libnosys.a(sbrk.o)
 *(COMMON)
                0x20000b14                . = ALIGN (0x4)
                0x20000b14                _ebss = .
                0x20000b14                __bss_end__ = _ebss

._user_heap_stack
                0x20000b14      0x604
                0x20000b18                . = ALIGN (0x8)
 *fill*         0x20000b14        0x4 
                0x20000b18                PROVIDE (end = .)
                [!provide]                PROVIDE (_end = .)
                0x20000d18                . = (. + _Min_Heap_Size)
 *fill*         0x20000b18      0x200 
                0x20001118                . = (. + _Min_Stack_Size)
 *fill*         0x20000d18      0x400 
                0x20001118                . = ALIGN (0x8)

/DISCARD/
 libc.a(*)
 libm.a(*)
 libgcc.a(*)

.ARM.attributes
                0x00000000       0x30
 *(.ARM.attributes)
 .ARM.attributes
                0x00000000       0x1e d:/gcc-arm-none-eabi-10.3-2021.10/bin/../lib/gcc/arm-none-eabi/10.3.1/thumb/v7e-m+fp/hard/crti.o
 .ARM.attributes
                0x0000001e       0x34 d:/gcc-arm-none-eabi-10.3-2021.10/bin/../lib/gcc/arm-none-eabi/10.3.1/thumb/v7e-m+fp/hard/crtbegin.o
 .ARM.attributes
                0x00000052       0x34 build/main.o
 .ARM.attributes
                0x00000086       0x34 build/gpio.o
 .ARM.attributes
                0x000000ba       0x34 build/dma.o
 .ARM.attributes
                0x000000ee       0x34 build/tim.o
 .ARM.attributes
                0x00000122       0x34 build/usart.o
 .ARM.attributes
                0x00000156       0x34 build/stm32f4xx_it.o
 .ARM.attributes
                0x0000018a       0x34 build/stm32f4xx_hal_msp.o
 .ARM.attributes
                0x000001be       0x34 build/stm32f4xx_hal_tim.o
 .ARM.attributes
                0x000001f2       0x34 build/stm32f4xx_hal_tim_ex.o
 .ARM.attributes
                0x00000226       0x34 build/stm32f4xx_hal_rcc.o
 .ARM.attributes
                0x0000025a       0x34 build/stm32f4xx_hal_gpio.o
 .ARM.attributes
                0x0000028e       0x34 build/stm32f4xx_hal_dma.o
 .ARM.attributes
                0x000002c2       0x34 build/stm32f4xx_hal_pwr_ex.o
 .ARM.attributes
                0x000002f6       0x34 build/stm32f4xx_hal_cortex.o
 .ARM.attributes
                0x0000032a       0x34 build/stm32f4xx_hal.o
 .ARM.attributes
                0x0000035e       0x34 build/stm32f4xx_hal_uart.o
 .ARM.attributes
                0x00000392       0x34 build/system_stm32f4xx.o
 .ARM.attributes
                0x000003c6       0x34 build/spi.o
 .ARM.attributes
                0x000003fa       0x34 build/lcd_fonts.o
 .ARM.attributes
                0x0000042e       0x34 build/stm32f4xx_hal_spi.o
 .ARM.attributes
                0x00000462       0x34 build/stm32f4xx_hal_timebase_tim.o
 .ARM.attributes
                0x00000496       0x21 build/startup_stm32f429xx.o
 .ARM.attributes
                0x000004b7       0x34 d:/gcc-arm-none-eabi-10.3-2021.10/bin/../lib/gcc/arm-none-eabi/10.3.1/../../../../arm-none-eabi/lib/thumb/v7e-m+fp/hard\libc_nano.a(lib_a-impure.o)
 .ARM.attributes
                0x000004eb       0x34 d:/gcc-arm-none-eabi-10.3-2021.10/bin/../lib/gcc/arm-none-eabi/10.3.1/../../../../arm-none-eabi/lib/thumb/v7e-m+fp/hard\libc_nano.a(lib_a-init.o)
 .ARM.attributes
                0x0000051f       0x34 d:/gcc-arm-none-eabi-10.3-2021.10/bin/../lib/gcc/arm-none-eabi/10.3.1/../../../../arm-none-eabi/lib/thumb/v7e-m+fp/hard\libc_nano.a(lib_a-memset.o)
 .ARM.attributes
                0x00000553       0x34 d:/gcc-arm-none-eabi-10.3-2021.10/bin/../lib/gcc/arm-none-eabi/10.3.1/../../../../arm-none-eabi/lib/thumb/v7e-m+fp/hard\libc_nano.a(lib_a-sprintf.o)
 .ARM.attributes
                0x00000587       0x34 d:/gcc-arm-none-eabi-10.3-2021.10/bin/../lib/gcc/arm-none-eabi/10.3.1/../../../../arm-none-eabi/lib/thumb/v7e-m+fp/hard\libc_nano.a(lib_a-strcpy.o)
 .ARM.attributes
                0x000005bb       0x17 d:/gcc-arm-none-eabi-10.3-2021.10/bin/../lib/gcc/arm-none-eabi/10.3.1/../../../../arm-none-eabi/lib/thumb/v7e-m+fp/hard\libc_nano.a(lib_a-strlen.o)
 .ARM.attributes
                0x000005d2       0x34 d:/gcc-arm-none-eabi-10.3-2021.10/bin/../lib/gcc/arm-none-eabi/10.3.1/../../../../arm-none-eabi/lib/thumb/v7e-m+fp/hard\libc_nano.a(lib_a-nano-svfprintf.o)
 .ARM.attributes
                0x00000606       0x34 d:/gcc-arm-none-eabi-10.3-2021.10/bin/../lib/gcc/arm-none-eabi/10.3.1/../../../../arm-none-eabi/lib/thumb/v7e-m+fp/hard\libc_nano.a(lib_a-nano-vfprintf_i.o)
 .ARM.attributes
                0x0000063a       0x1c d:/gcc-arm-none-eabi-10.3-2021.10/bin/../lib/gcc/arm-none-eabi/10.3.1/../../../../arm-none-eabi/lib/thumb/v7e-m+fp/hard\libc_nano.a(lib_a-memchr.o)
 .ARM.attributes
                0x00000656       0x34 d:/gcc-arm-none-eabi-10.3-2021.10/bin/../lib/gcc/arm-none-eabi/10.3.1/../../../../arm-none-eabi/lib/thumb/v7e-m+fp/hard\libc_nano.a(lib_a-memcpy-stub.o)
 .ARM.attributes
                0x0000068a       0x34 d:/gcc-arm-none-eabi-10.3-2021.10/bin/../lib/gcc/arm-none-eabi/10.3.1/../../../../arm-none-eabi/lib/thumb/v7e-m+fp/hard\libc_nano.a(lib_a-memmove.o)
 .ARM.attributes
                0x000006be       0x34 d:/gcc-arm-none-eabi-10.3-2021.10/bin/../lib/gcc/arm-none-eabi/10.3.1/../../../../arm-none-eabi/lib/thumb/v7e-m+fp/hard\libc_nano.a(lib_a-nano-freer.o)
 .ARM.attributes
                0x000006f2       0x34 d:/gcc-arm-none-eabi-10.3-2021.10/bin/../lib/gcc/arm-none-eabi/10.3.1/../../../../arm-none-eabi/lib/thumb/v7e-m+fp/hard\libc_nano.a(lib_a-nano-mallocr.o)
 .ARM.attributes
                0x00000726       0x34 d:/gcc-arm-none-eabi-10.3-2021.10/bin/../lib/gcc/arm-none-eabi/10.3.1/../../../../arm-none-eabi/lib/thumb/v7e-m+fp/hard\libc_nano.a(lib_a-nano-reallocr.o)
 .ARM.attributes
                0x0000075a       0x34 d:/gcc-arm-none-eabi-10.3-2021.10/bin/../lib/gcc/arm-none-eabi/10.3.1/../../../../arm-none-eabi/lib/thumb/v7e-m+fp/hard\libc_nano.a(lib_a-sbrkr.o)
 .ARM.attributes
                0x0000078e       0x34 d:/gcc-arm-none-eabi-10.3-2021.10/bin/../lib/gcc/arm-none-eabi/10.3.1/../../../../arm-none-eabi/lib/thumb/v7e-m+fp/hard\libc_nano.a(lib_a-mlock.o)
 .ARM.attributes
                0x000007c2       0x34 d:/gcc-arm-none-eabi-10.3-2021.10/bin/../lib/gcc/arm-none-eabi/10.3.1/../../../../arm-none-eabi/lib/thumb/v7e-m+fp/hard\libc_nano.a(lib_a-nano-msizer.o)
 .ARM.attributes
                0x000007f6       0x34 d:/gcc-arm-none-eabi-10.3-2021.10/bin/../lib/gcc/arm-none-eabi/10.3.1/../../../../arm-none-eabi/lib/thumb/v7e-m+fp/hard\libc_nano.a(lib_a-reent.o)
 .ARM.attributes
                0x0000082a       0x34 d:/gcc-arm-none-eabi-10.3-2021.10/bin/../lib/gcc/arm-none-eabi/10.3.1/../../../../arm-none-eabi/lib/thumb/v7e-m+fp/hard\libc_nano.a(lib_a-lock.o)
 .ARM.attributes
                0x0000085e       0x34 d:/gcc-arm-none-eabi-10.3-2021.10/bin/../lib/gcc/arm-none-eabi/10.3.1/../../../../arm-none-eabi/lib/thumb/v7e-m+fp/hard\libm.a(lib_a-s_round.o)
 .ARM.attributes
                0x00000892       0x34 d:/gcc-arm-none-eabi-10.3-2021.10/bin/../lib/gcc/arm-none-eabi/10.3.1/../../../../arm-none-eabi/lib/thumb/v7e-m+fp/hard\libnosys.a(sbrk.o)
 .ARM.attributes
                0x000008c6       0x1e d:/gcc-arm-none-eabi-10.3-2021.10/bin/../lib/gcc/arm-none-eabi/10.3.1/thumb/v7e-m+fp/hard\libgcc.a(_arm_muldf3.o)
 .ARM.attributes
                0x000008e4       0x1e d:/gcc-arm-none-eabi-10.3-2021.10/bin/../lib/gcc/arm-none-eabi/10.3.1/thumb/v7e-m+fp/hard\libgcc.a(_arm_addsubdf3.o)
 .ARM.attributes
                0x00000902       0x1e d:/gcc-arm-none-eabi-10.3-2021.10/bin/../lib/gcc/arm-none-eabi/10.3.1/thumb/v7e-m+fp/hard\libgcc.a(_arm_fixdfsi.o)
 .ARM.attributes
                0x00000920       0x1e d:/gcc-arm-none-eabi-10.3-2021.10/bin/../lib/gcc/arm-none-eabi/10.3.1/thumb/v7e-m+fp/hard\libgcc.a(_arm_truncdfsf2.o)
 .ARM.attributes
                0x0000093e       0x1e d:/gcc-arm-none-eabi-10.3-2021.10/bin/../lib/gcc/arm-none-eabi/10.3.1/thumb/v7e-m+fp/hard\libgcc.a(_aeabi_uldivmod.o)
 .ARM.attributes
                0x0000095c       0x34 d:/gcc-arm-none-eabi-10.3-2021.10/bin/../lib/gcc/arm-none-eabi/10.3.1/thumb/v7e-m+fp/hard\libgcc.a(_udivmoddi4.o)
 .ARM.attributes
                0x00000990       0x1e d:/gcc-arm-none-eabi-10.3-2021.10/bin/../lib/gcc/arm-none-eabi/10.3.1/thumb/v7e-m+fp/hard\libgcc.a(_dvmd_tls.o)
 .ARM.attributes
                0x000009ae       0x1e d:/gcc-arm-none-eabi-10.3-2021.10/bin/../lib/gcc/arm-none-eabi/10.3.1/thumb/v7e-m+fp/hard/crtn.o
OUTPUT(build/FOC.elf elf32-littlearm)
LOAD linker stubs
LOAD d:/gcc-arm-none-eabi-10.3-2021.10/bin/../lib/gcc/arm-none-eabi/10.3.1/../../../../arm-none-eabi/lib/thumb/v7e-m+fp/hard\libc.a
LOAD d:/gcc-arm-none-eabi-10.3-2021.10/bin/../lib/gcc/arm-none-eabi/10.3.1/../../../../arm-none-eabi/lib/thumb/v7e-m+fp/hard\libm.a
LOAD d:/gcc-arm-none-eabi-10.3-2021.10/bin/../lib/gcc/arm-none-eabi/10.3.1/thumb/v7e-m+fp/hard\libgcc.a

.debug_info     0x00000000    0x191a7
 .debug_info    0x00000000     0x1304 build/main.o
 .debug_info    0x00001304      0x5a3 build/gpio.o
 .debug_info    0x000018a7      0xc3e build/dma.o
 .debug_info    0x000024e5     0x1143 build/tim.o
 .debug_info    0x00003628      0xf8d build/usart.o
 .debug_info    0x000045b5      0xbe7 build/stm32f4xx_it.o
 .debug_info    0x0000519c      0x322 build/stm32f4xx_hal_msp.o
 .debug_info    0x000054be     0x40cc build/stm32f4xx_hal_tim.o
 .debug_info    0x0000958a     0x1c8f build/stm32f4xx_hal_tim_ex.o
 .debug_info    0x0000b219      0xc08 build/stm32f4xx_hal_rcc.o
 .debug_info    0x0000be21      0x86a build/stm32f4xx_hal_gpio.o
 .debug_info    0x0000c68b      0xbd1 build/stm32f4xx_hal_dma.o
 .debug_info    0x0000d25c      0x85e build/stm32f4xx_hal_pwr_ex.o
 .debug_info    0x0000daba     0x11c1 build/stm32f4xx_hal_cortex.o
 .debug_info    0x0000ec7b      0xb55 build/stm32f4xx_hal.o
 .debug_info    0x0000f7d0     0x432e build/stm32f4xx_hal_uart.o
 .debug_info    0x00013afe      0x5d5 build/system_stm32f4xx.o
 .debug_info    0x000140d3     0x204d build/spi.o
 .debug_info    0x00016120      0x264 build/lcd_fonts.o
 .debug_info    0x00016384     0x2039 build/stm32f4xx_hal_spi.o
 .debug_info    0x000183bd      0xdc8 build/stm32f4xx_hal_timebase_tim.o
 .debug_info    0x00019185       0x22 build/startup_stm32f429xx.o

.debug_abbrev   0x00000000     0x2d90
 .debug_abbrev  0x00000000      0x2ae build/main.o
 .debug_abbrev  0x000002ae      0x151 build/gpio.o
 .debug_abbrev  0x000003ff      0x1cb build/dma.o
 .debug_abbrev  0x000005ca      0x1f3 build/tim.o
 .debug_abbrev  0x000007bd      0x23e build/usart.o
 .debug_abbrev  0x000009fb      0x19f build/stm32f4xx_it.o
 .debug_abbrev  0x00000b9a       0xd3 build/stm32f4xx_hal_msp.o
 .debug_abbrev  0x00000c6d      0x289 build/stm32f4xx_hal_tim.o
 .debug_abbrev  0x00000ef6      0x29f build/stm32f4xx_hal_tim_ex.o
 .debug_abbrev  0x00001195      0x2aa build/stm32f4xx_hal_rcc.o
 .debug_abbrev  0x0000143f      0x22b build/stm32f4xx_hal_gpio.o
 .debug_abbrev  0x0000166a      0x2ff build/stm32f4xx_hal_dma.o
 .debug_abbrev  0x00001969      0x1c3 build/stm32f4xx_hal_pwr_ex.o
 .debug_abbrev  0x00001b2c      0x382 build/stm32f4xx_hal_cortex.o
 .debug_abbrev  0x00001eae      0x209 build/stm32f4xx_hal.o
 .debug_abbrev  0x000020b7      0x356 build/stm32f4xx_hal_uart.o
 .debug_abbrev  0x0000240d      0x11b build/system_stm32f4xx.o
 .debug_abbrev  0x00002528      0x2e0 build/spi.o
 .debug_abbrev  0x00002808       0xc1 build/lcd_fonts.o
 .debug_abbrev  0x000028c9      0x2b3 build/stm32f4xx_hal_spi.o
 .debug_abbrev  0x00002b7c      0x202 build/stm32f4xx_hal_timebase_tim.o
 .debug_abbrev  0x00002d7e       0x12 build/startup_stm32f429xx.o

.debug_loc      0x00000000    0x12e01
 .debug_loc     0x00000000      0x168 build/main.o
 .debug_loc     0x00000168       0x39 build/gpio.o
 .debug_loc     0x000001a1       0x38 build/dma.o
 .debug_loc     0x000001d9      0x18b build/tim.o
 .debug_loc     0x00000364      0x173 build/usart.o
 .debug_loc     0x000004d7       0xc0 build/stm32f4xx_it.o
 .debug_loc     0x00000597       0x2c build/stm32f4xx_hal_msp.o
 .debug_loc     0x000005c3     0x5be1 build/stm32f4xx_hal_tim.o
 .debug_loc     0x000061a4     0x212a build/stm32f4xx_hal_tim_ex.o
 .debug_loc     0x000082ce      0x6e4 build/stm32f4xx_hal_rcc.o
 .debug_loc     0x000089b2      0x5e8 build/stm32f4xx_hal_gpio.o
 .debug_loc     0x00008f9a      0xd6d build/stm32f4xx_hal_dma.o
 .debug_loc     0x00009d07      0x378 build/stm32f4xx_hal_pwr_ex.o
 .debug_loc     0x0000a07f      0x7a4 build/stm32f4xx_hal_cortex.o
 .debug_loc     0x0000a823      0x1e1 build/stm32f4xx_hal.o
 .debug_loc     0x0000aa04     0x4d30 build/stm32f4xx_hal_uart.o
 .debug_loc     0x0000f734      0x158 build/system_stm32f4xx.o
 .debug_loc     0x0000f88c      0xda1 build/spi.o
 .debug_loc     0x0001062d     0x26ec build/stm32f4xx_hal_spi.o
 .debug_loc     0x00012d19       0xe8 build/stm32f4xx_hal_timebase_tim.o

.debug_aranges  0x00000000      0xf98
 .debug_aranges
                0x00000000       0x48 build/main.o
 .debug_aranges
                0x00000048       0x20 build/gpio.o
 .debug_aranges
                0x00000068       0x28 build/dma.o
 .debug_aranges
                0x00000090       0x38 build/tim.o
 .debug_aranges
                0x000000c8       0x38 build/usart.o
 .debug_aranges
                0x00000100       0x90 build/stm32f4xx_it.o
 .debug_aranges
                0x00000190       0x20 build/stm32f4xx_hal_msp.o
 .debug_aranges
                0x000001b0      0x3d0 build/stm32f4xx_hal_tim.o
 .debug_aranges
                0x00000580      0x168 build/stm32f4xx_hal_tim_ex.o
 .debug_aranges
                0x000006e8       0x88 build/stm32f4xx_hal_rcc.o
 .debug_aranges
                0x00000770       0x58 build/stm32f4xx_hal_gpio.o
 .debug_aranges
                0x000007c8       0x90 build/stm32f4xx_hal_dma.o
 .debug_aranges
                0x00000858       0x60 build/stm32f4xx_hal_pwr_ex.o
 .debug_aranges
                0x000008b8       0xb0 build/stm32f4xx_hal_cortex.o
 .debug_aranges
                0x00000968      0x100 build/stm32f4xx_hal.o
 .debug_aranges
                0x00000a68      0x208 build/stm32f4xx_hal_uart.o
 .debug_aranges
                0x00000c70       0x28 build/system_stm32f4xx.o
 .debug_aranges
                0x00000c98       0xc0 build/spi.o
 .debug_aranges
                0x00000d58       0x18 build/lcd_fonts.o
 .debug_aranges
                0x00000d70      0x1d0 build/stm32f4xx_hal_spi.o
 .debug_aranges
                0x00000f40       0x30 build/stm32f4xx_hal_timebase_tim.o
 .debug_aranges
                0x00000f70       0x28 build/startup_stm32f429xx.o

.debug_ranges   0x00000000      0xf28
 .debug_ranges  0x00000000       0x38 build/main.o
 .debug_ranges  0x00000038       0x10 build/gpio.o
 .debug_ranges  0x00000048       0x18 build/dma.o
 .debug_ranges  0x00000060       0x28 build/tim.o
 .debug_ranges  0x00000088       0x28 build/usart.o
 .debug_ranges  0x000000b0       0x80 build/stm32f4xx_it.o
 .debug_ranges  0x00000130       0x10 build/stm32f4xx_hal_msp.o
 .debug_ranges  0x00000140      0x3c0 build/stm32f4xx_hal_tim.o
 .debug_ranges  0x00000500      0x158 build/stm32f4xx_hal_tim_ex.o
 .debug_ranges  0x00000658       0x90 build/stm32f4xx_hal_rcc.o
 .debug_ranges  0x000006e8       0x48 build/stm32f4xx_hal_gpio.o
 .debug_ranges  0x00000730       0x80 build/stm32f4xx_hal_dma.o
 .debug_ranges  0x000007b0       0x50 build/stm32f4xx_hal_pwr_ex.o
 .debug_ranges  0x00000800      0x100 build/stm32f4xx_hal_cortex.o
 .debug_ranges  0x00000900       0xf0 build/stm32f4xx_hal.o
 .debug_ranges  0x000009f0      0x210 build/stm32f4xx_hal_uart.o
 .debug_ranges  0x00000c00       0x18 build/system_stm32f4xx.o
 .debug_ranges  0x00000c18      0x110 build/spi.o
 .debug_ranges  0x00000d28      0x1c0 build/stm32f4xx_hal_spi.o
 .debug_ranges  0x00000ee8       0x20 build/stm32f4xx_hal_timebase_tim.o
 .debug_ranges  0x00000f08       0x20 build/startup_stm32f429xx.o

.debug_line     0x00000000    0x12841
 .debug_line    0x00000000      0x50e build/main.o
 .debug_line    0x0000050e      0x1e4 build/gpio.o
 .debug_line    0x000006f2      0x1dd build/dma.o
 .debug_line    0x000008cf      0x37e build/tim.o
 .debug_line    0x00000c4d      0x456 build/usart.o
 .debug_line    0x000010a3      0x33f build/stm32f4xx_it.o
 .debug_line    0x000013e2      0x139 build/stm32f4xx_hal_msp.o
 .debug_line    0x0000151b     0x4ab7 build/stm32f4xx_hal_tim.o
 .debug_line    0x00005fd2     0x1c8e build/stm32f4xx_hal_tim_ex.o
 .debug_line    0x00007c60      0xaed build/stm32f4xx_hal_rcc.o
 .debug_line    0x0000874d      0x6d4 build/stm32f4xx_hal_gpio.o
 .debug_line    0x00008e21      0xe03 build/stm32f4xx_hal_dma.o
 .debug_line    0x00009c24      0x490 build/stm32f4xx_hal_pwr_ex.o
 .debug_line    0x0000a0b4      0x76f build/stm32f4xx_hal_cortex.o
 .debug_line    0x0000a823      0x57b build/stm32f4xx_hal.o
 .debug_line    0x0000ad9e     0x4299 build/stm32f4xx_hal_uart.o
 .debug_line    0x0000f037      0x22e build/system_stm32f4xx.o
 .debug_line    0x0000f265      0xc46 build/spi.o
 .debug_line    0x0000feab       0xea build/lcd_fonts.o
 .debug_line    0x0000ff95     0x2588 build/stm32f4xx_hal_spi.o
 .debug_line    0x0001251d      0x2ae build/stm32f4xx_hal_timebase_tim.o
 .debug_line    0x000127cb       0x76 build/startup_stm32f429xx.o

.debug_str      0x00000000     0x495f
 .debug_str     0x00000000      0xaa6 build/main.o
                                0xb84 (size before relaxing)
 .debug_str     0x00000aa6       0xb4 build/gpio.o
                                0x391 (size before relaxing)
 .debug_str     0x00000b5a      0x763 build/dma.o
                                0xcbe (size before relaxing)
 .debug_str     0x000012bd      0x1fb build/tim.o
                               0x103c (size before relaxing)
 .debug_str     0x000014b8      0x28c build/usart.o
                                0xe7a (size before relaxing)
 .debug_str     0x00001744      0x178 build/stm32f4xx_it.o
                                0xa88 (size before relaxing)
 .debug_str     0x000018bc       0x29 build/stm32f4xx_hal_msp.o
                                0x2e0 (size before relaxing)
 .debug_str     0x000018e5      0xdd1 build/stm32f4xx_hal_tim.o
                               0x16c9 (size before relaxing)
 .debug_str     0x000026b6      0x521 build/stm32f4xx_hal_tim_ex.o
                                0xeba (size before relaxing)
 .debug_str     0x00002bd7      0x225 build/stm32f4xx_hal_rcc.o
                                0x719 (size before relaxing)
 .debug_str     0x00002dfc      0x125 build/stm32f4xx_hal_gpio.o
                                0x4f3 (size before relaxing)
 .debug_str     0x00002f21      0x2a7 build/stm32f4xx_hal_dma.o
                                0x776 (size before relaxing)
 .debug_str     0x000031c8      0x18f build/stm32f4xx_hal_pwr_ex.o
                                0x4de (size before relaxing)
 .debug_str     0x00003357      0x47d build/stm32f4xx_hal_cortex.o
                                0xca7 (size before relaxing)
 .debug_str     0x000037d4      0x2d0 build/stm32f4xx_hal.o
                                0xc0c (size before relaxing)
 .debug_str     0x00003aa4      0x5f0 build/stm32f4xx_hal_uart.o
                                0xd9b (size before relaxing)
 .debug_str     0x00004094       0x47 build/system_stm32f4xx.o
                                0x388 (size before relaxing)
 .debug_str     0x000040db      0x2ad build/spi.o
                                0xbac (size before relaxing)
 .debug_str     0x00004388       0x9e build/lcd_fonts.o
                                0x272 (size before relaxing)
 .debug_str     0x00004426      0x4c9 build/stm32f4xx_hal_spi.o
                                0xbfa (size before relaxing)
 .debug_str     0x000048ef       0x4c build/stm32f4xx_hal_timebase_tim.o
                                0xec9 (size before relaxing)
 .debug_str     0x0000493b       0x24 build/startup_stm32f429xx.o
                                 0x47 (size before relaxing)

.comment        0x00000000       0x49
 .comment       0x00000000       0x49 build/main.o
                                 0x4a (size before relaxing)
 .comment       0x00000049       0x4a build/gpio.o
 .comment       0x00000049       0x4a build/dma.o
 .comment       0x00000049       0x4a build/tim.o
 .comment       0x00000049       0x4a build/usart.o
 .comment       0x00000049       0x4a build/stm32f4xx_it.o
 .comment       0x00000049       0x4a build/stm32f4xx_hal_msp.o
 .comment       0x00000049       0x4a build/stm32f4xx_hal_tim.o
 .comment       0x00000049       0x4a build/stm32f4xx_hal_tim_ex.o
 .comment       0x00000049       0x4a build/stm32f4xx_hal_rcc.o
 .comment       0x00000049       0x4a build/stm32f4xx_hal_gpio.o
 .comment       0x00000049       0x4a build/stm32f4xx_hal_dma.o
 .comment       0x00000049       0x4a build/stm32f4xx_hal_pwr_ex.o
 .comment       0x00000049       0x4a build/stm32f4xx_hal_cortex.o
 .comment       0x00000049       0x4a build/stm32f4xx_hal.o
 .comment       0x00000049       0x4a build/stm32f4xx_hal_uart.o
 .comment       0x00000049       0x4a build/system_stm32f4xx.o
 .comment       0x00000049       0x4a build/spi.o
 .comment       0x00000049       0x4a build/lcd_fonts.o
 .comment       0x00000049       0x4a build/stm32f4xx_hal_spi.o
 .comment       0x00000049       0x4a build/stm32f4xx_hal_timebase_tim.o

.debug_frame    0x00000000     0x2f7c
 .debug_frame   0x00000000       0xa8 build/main.o
 .debug_frame   0x000000a8       0x38 build/gpio.o
 .debug_frame   0x000000e0       0x40 build/dma.o
 .debug_frame   0x00000120       0x84 build/tim.o
 .debug_frame   0x000001a4       0x98 build/usart.o
 .debug_frame   0x0000023c      0x130 build/stm32f4xx_it.o
 .debug_frame   0x0000036c       0x28 build/stm32f4xx_hal_msp.o
 .debug_frame   0x00000394      0xb10 build/stm32f4xx_hal_tim.o
 .debug_frame   0x00000ea4      0x40c build/stm32f4xx_hal_tim_ex.o
 .debug_frame   0x000012b0      0x16c build/stm32f4xx_hal_rcc.o
 .debug_frame   0x0000141c       0xd8 build/stm32f4xx_hal_gpio.o
 .debug_frame   0x000014f4      0x188 build/stm32f4xx_hal_dma.o
 .debug_frame   0x0000167c       0xf4 build/stm32f4xx_hal_pwr_ex.o
 .debug_frame   0x00001770      0x158 build/stm32f4xx_hal_cortex.o
 .debug_frame   0x000018c8      0x20c build/stm32f4xx_hal.o
 .debug_frame   0x00001ad4      0x5e4 build/stm32f4xx_hal_uart.o
 .debug_frame   0x000020b8       0x30 build/system_stm32f4xx.o
 .debug_frame   0x000020e8      0x24c build/spi.o
 .debug_frame   0x00002334      0x5c8 build/stm32f4xx_hal_spi.o
 .debug_frame   0x000028fc       0x54 build/stm32f4xx_hal_timebase_tim.o
 .debug_frame   0x00002950       0x2c d:/gcc-arm-none-eabi-10.3-2021.10/bin/../lib/gcc/arm-none-eabi/10.3.1/../../../../arm-none-eabi/lib/thumb/v7e-m+fp/hard\libc_nano.a(lib_a-init.o)
 .debug_frame   0x0000297c       0x20 d:/gcc-arm-none-eabi-10.3-2021.10/bin/../lib/gcc/arm-none-eabi/10.3.1/../../../../arm-none-eabi/lib/thumb/v7e-m+fp/hard\libc_nano.a(lib_a-memset.o)
 .debug_frame   0x0000299c       0x6c d:/gcc-arm-none-eabi-10.3-2021.10/bin/../lib/gcc/arm-none-eabi/10.3.1/../../../../arm-none-eabi/lib/thumb/v7e-m+fp/hard\libc_nano.a(lib_a-sprintf.o)
 .debug_frame   0x00002a08       0x20 d:/gcc-arm-none-eabi-10.3-2021.10/bin/../lib/gcc/arm-none-eabi/10.3.1/../../../../arm-none-eabi/lib/thumb/v7e-m+fp/hard\libc_nano.a(lib_a-strcpy.o)
 .debug_frame   0x00002a28       0x90 d:/gcc-arm-none-eabi-10.3-2021.10/bin/../lib/gcc/arm-none-eabi/10.3.1/../../../../arm-none-eabi/lib/thumb/v7e-m+fp/hard\libc_nano.a(lib_a-nano-svfprintf.o)
 .debug_frame   0x00002ab8       0x60 d:/gcc-arm-none-eabi-10.3-2021.10/bin/../lib/gcc/arm-none-eabi/10.3.1/../../../../arm-none-eabi/lib/thumb/v7e-m+fp/hard\libc_nano.a(lib_a-nano-vfprintf_i.o)
 .debug_frame   0x00002b18       0x28 d:/gcc-arm-none-eabi-10.3-2021.10/bin/../lib/gcc/arm-none-eabi/10.3.1/../../../../arm-none-eabi/lib/thumb/v7e-m+fp/hard\libc_nano.a(lib_a-memcpy-stub.o)
 .debug_frame   0x00002b40       0x28 d:/gcc-arm-none-eabi-10.3-2021.10/bin/../lib/gcc/arm-none-eabi/10.3.1/../../../../arm-none-eabi/lib/thumb/v7e-m+fp/hard\libc_nano.a(lib_a-memmove.o)
 .debug_frame   0x00002b68       0x38 d:/gcc-arm-none-eabi-10.3-2021.10/bin/../lib/gcc/arm-none-eabi/10.3.1/../../../../arm-none-eabi/lib/thumb/v7e-m+fp/hard\libc_nano.a(lib_a-nano-freer.o)
 .debug_frame   0x00002ba0       0x4c d:/gcc-arm-none-eabi-10.3-2021.10/bin/../lib/gcc/arm-none-eabi/10.3.1/../../../../arm-none-eabi/lib/thumb/v7e-m+fp/hard\libc_nano.a(lib_a-nano-mallocr.o)
 .debug_frame   0x00002bec       0x3c d:/gcc-arm-none-eabi-10.3-2021.10/bin/../lib/gcc/arm-none-eabi/10.3.1/../../../../arm-none-eabi/lib/thumb/v7e-m+fp/hard\libc_nano.a(lib_a-nano-reallocr.o)
 .debug_frame   0x00002c28       0x2c d:/gcc-arm-none-eabi-10.3-2021.10/bin/../lib/gcc/arm-none-eabi/10.3.1/../../../../arm-none-eabi/lib/thumb/v7e-m+fp/hard\libc_nano.a(lib_a-sbrkr.o)
 .debug_frame   0x00002c54       0x30 d:/gcc-arm-none-eabi-10.3-2021.10/bin/../lib/gcc/arm-none-eabi/10.3.1/../../../../arm-none-eabi/lib/thumb/v7e-m+fp/hard\libc_nano.a(lib_a-mlock.o)
 .debug_frame   0x00002c84       0x20 d:/gcc-arm-none-eabi-10.3-2021.10/bin/../lib/gcc/arm-none-eabi/10.3.1/../../../../arm-none-eabi/lib/thumb/v7e-m+fp/hard\libc_nano.a(lib_a-nano-msizer.o)
 .debug_frame   0x00002ca4       0x5c d:/gcc-arm-none-eabi-10.3-2021.10/bin/../lib/gcc/arm-none-eabi/10.3.1/../../../../arm-none-eabi/lib/thumb/v7e-m+fp/hard\libc_nano.a(lib_a-reent.o)
 .debug_frame   0x00002d00       0xb0 d:/gcc-arm-none-eabi-10.3-2021.10/bin/../lib/gcc/arm-none-eabi/10.3.1/../../../../arm-none-eabi/lib/thumb/v7e-m+fp/hard\libc_nano.a(lib_a-lock.o)
 .debug_frame   0x00002db0       0x28 d:/gcc-arm-none-eabi-10.3-2021.10/bin/../lib/gcc/arm-none-eabi/10.3.1/../../../../arm-none-eabi/lib/thumb/v7e-m+fp/hard\libm.a(lib_a-s_round.o)
 .debug_frame   0x00002dd8       0x20 d:/gcc-arm-none-eabi-10.3-2021.10/bin/../lib/gcc/arm-none-eabi/10.3.1/../../../../arm-none-eabi/lib/thumb/v7e-m+fp/hard\libnosys.a(sbrk.o)
 .debug_frame   0x00002df8       0x30 d:/gcc-arm-none-eabi-10.3-2021.10/bin/../lib/gcc/arm-none-eabi/10.3.1/thumb/v7e-m+fp/hard\libgcc.a(_arm_muldf3.o)
 .debug_frame   0x00002e28       0xac d:/gcc-arm-none-eabi-10.3-2021.10/bin/../lib/gcc/arm-none-eabi/10.3.1/thumb/v7e-m+fp/hard\libgcc.a(_arm_addsubdf3.o)
 .debug_frame   0x00002ed4       0x24 d:/gcc-arm-none-eabi-10.3-2021.10/bin/../lib/gcc/arm-none-eabi/10.3.1/thumb/v7e-m+fp/hard\libgcc.a(_arm_fixdfsi.o)
 .debug_frame   0x00002ef8       0x24 d:/gcc-arm-none-eabi-10.3-2021.10/bin/../lib/gcc/arm-none-eabi/10.3.1/thumb/v7e-m+fp/hard\libgcc.a(_arm_truncdfsf2.o)
 .debug_frame   0x00002f1c       0x2c d:/gcc-arm-none-eabi-10.3-2021.10/bin/../lib/gcc/arm-none-eabi/10.3.1/thumb/v7e-m+fp/hard\libgcc.a(_aeabi_uldivmod.o)
 .debug_frame   0x00002f48       0x34 d:/gcc-arm-none-eabi-10.3-2021.10/bin/../lib/gcc/arm-none-eabi/10.3.1/thumb/v7e-m+fp/hard\libgcc.a(_udivmoddi4.o)

Cross Reference Table

Symbol                                            File
ADC_IRQHandler                                    build/startup_stm32f429xx.o
AHBPrescTable                                     build/system_stm32f4xx.o
                                                  build/stm32f4xx_hal_rcc.o
APBPrescTable                                     build/system_stm32f4xx.o
                                                  build/stm32f4xx_hal_rcc.o
ASCII_1206_Table                                  build/lcd_fonts.o
ASCII_1608_Table                                  build/lcd_fonts.o
ASCII_2010_Table                                  build/lcd_fonts.o
ASCII_2412_Table                                  build/lcd_fonts.o
ASCII_3216_Table                                  build/lcd_fonts.o
ASCII_Font12                                      build/lcd_fonts.o
ASCII_Font16                                      build/lcd_fonts.o
ASCII_Font20                                      build/lcd_fonts.o
ASCII_Font24                                      build/lcd_fonts.o
                                                  build/spi.o
ASCII_Font32                                      build/lcd_fonts.o
BusFault_Handler                                  build/stm32f4xx_it.o
CAN1_RX0_IRQHandler                               build/startup_stm32f429xx.o
CAN1_RX1_IRQHandler                               build/startup_stm32f429xx.o
CAN1_SCE_IRQHandler                               build/startup_stm32f429xx.o
CAN1_TX_IRQHandler                                build/startup_stm32f429xx.o
CAN2_RX0_IRQHandler                               build/startup_stm32f429xx.o
CAN2_RX1_IRQHandler                               build/startup_stm32f429xx.o
CAN2_SCE_IRQHandler                               build/startup_stm32f429xx.o
CAN2_TX_IRQHandler                                build/startup_stm32f429xx.o
DCMI_IRQHandler                                   build/startup_stm32f429xx.o
DMA1_Stream0_IRQHandler                           build/startup_stm32f429xx.o
DMA1_Stream1_IRQHandler                           build/startup_stm32f429xx.o
DMA1_Stream2_IRQHandler                           build/startup_stm32f429xx.o
DMA1_Stream3_IRQHandler                           build/startup_stm32f429xx.o
DMA1_Stream4_IRQHandler                           build/startup_stm32f429xx.o
DMA1_Stream5_IRQHandler                           build/stm32f4xx_it.o
DMA1_Stream6_IRQHandler                           build/startup_stm32f429xx.o
DMA1_Stream7_IRQHandler                           build/startup_stm32f429xx.o
DMA2D_IRQHandler                                  build/startup_stm32f429xx.o
DMA2_Stream0_IRQHandler                           build/startup_stm32f429xx.o
DMA2_Stream1_IRQHandler                           build/startup_stm32f429xx.o
DMA2_Stream2_IRQHandler                           build/stm32f4xx_it.o
DMA2_Stream3_IRQHandler                           build/startup_stm32f429xx.o
DMA2_Stream4_IRQHandler                           build/startup_stm32f429xx.o
DMA2_Stream5_IRQHandler                           build/startup_stm32f429xx.o
DMA2_Stream6_IRQHandler                           build/startup_stm32f429xx.o
DMA2_Stream7_IRQHandler                           build/stm32f4xx_it.o
DebugMon_Handler                                  build/stm32f4xx_it.o
Default_Handler                                   build/startup_stm32f429xx.o
ETH_IRQHandler                                    build/startup_stm32f429xx.o
ETH_WKUP_IRQHandler                               build/startup_stm32f429xx.o
EXTI0_IRQHandler                                  build/startup_stm32f429xx.o
EXTI15_10_IRQHandler                              build/startup_stm32f429xx.o
EXTI1_IRQHandler                                  build/startup_stm32f429xx.o
EXTI2_IRQHandler                                  build/startup_stm32f429xx.o
EXTI3_IRQHandler                                  build/startup_stm32f429xx.o
EXTI4_IRQHandler                                  build/startup_stm32f429xx.o
EXTI9_5_IRQHandler                                build/startup_stm32f429xx.o
Error_Handler                                     build/main.o
                                                  build/spi.o
                                                  build/usart.o
                                                  build/tim.o
FLASH_Erase_Sector                                build/stm32f4xx_hal_flash_ex.o
                                                  build/stm32f4xx_hal_flash.o
FLASH_FlushCaches                                 build/stm32f4xx_hal_flash_ex.o
                                                  build/stm32f4xx_hal_flash.o
FLASH_IRQHandler                                  build/startup_stm32f429xx.o
FLASH_WaitForLastOperation                        build/stm32f4xx_hal_flash.o
                                                  build/stm32f4xx_hal_flash_ex.o
FMC_IRQHandler                                    build/startup_stm32f429xx.o
FPU_IRQHandler                                    build/startup_stm32f429xx.o
HAL_CORTEX_ClearEvent                             build/stm32f4xx_hal_cortex.o
HAL_DBGMCU_DisableDBGSleepMode                    build/stm32f4xx_hal.o
HAL_DBGMCU_DisableDBGStandbyMode                  build/stm32f4xx_hal.o
HAL_DBGMCU_DisableDBGStopMode                     build/stm32f4xx_hal.o
HAL_DBGMCU_EnableDBGSleepMode                     build/stm32f4xx_hal.o
HAL_DBGMCU_EnableDBGStandbyMode                   build/stm32f4xx_hal.o
HAL_DBGMCU_EnableDBGStopMode                      build/stm32f4xx_hal.o
HAL_DMAEx_ChangeMemory                            build/stm32f4xx_hal_dma_ex.o
HAL_DMAEx_MultiBufferStart                        build/stm32f4xx_hal_dma_ex.o
HAL_DMAEx_MultiBufferStart_IT                     build/stm32f4xx_hal_dma_ex.o
HAL_DMA_Abort                                     build/stm32f4xx_hal_dma.o
                                                  build/stm32f4xx_hal_spi.o
                                                  build/stm32f4xx_hal_uart.o
HAL_DMA_Abort_IT                                  build/stm32f4xx_hal_dma.o
                                                  build/stm32f4xx_hal_spi.o
                                                  build/stm32f4xx_hal_uart.o
                                                  build/stm32f4xx_hal_tim_ex.o
                                                  build/stm32f4xx_hal_tim.o
HAL_DMA_DeInit                                    build/stm32f4xx_hal_dma.o
                                                  build/spi.o
                                                  build/usart.o
HAL_DMA_GetError                                  build/stm32f4xx_hal_dma.o
                                                  build/stm32f4xx_hal_uart.o
HAL_DMA_GetState                                  build/stm32f4xx_hal_dma.o
HAL_DMA_IRQHandler                                build/stm32f4xx_hal_dma.o
                                                  build/stm32f4xx_it.o
HAL_DMA_Init                                      build/stm32f4xx_hal_dma.o
                                                  build/spi.o
                                                  build/usart.o
HAL_DMA_PollForTransfer                           build/stm32f4xx_hal_dma.o
HAL_DMA_RegisterCallback                          build/stm32f4xx_hal_dma.o
HAL_DMA_Start                                     build/stm32f4xx_hal_dma.o
HAL_DMA_Start_IT                                  build/stm32f4xx_hal_dma.o
                                                  build/stm32f4xx_hal_spi.o
                                                  build/stm32f4xx_hal_uart.o
                                                  build/stm32f4xx_hal_tim_ex.o
                                                  build/stm32f4xx_hal_tim.o
HAL_DMA_UnRegisterCallback                        build/stm32f4xx_hal_dma.o
HAL_DeInit                                        build/stm32f4xx_hal.o
HAL_Delay                                         build/stm32f4xx_hal.o
                                                  build/spi.o
                                                  build/main.o
HAL_DisableCompensationCell                       build/stm32f4xx_hal.o
HAL_DisableMemorySwappingBank                     build/stm32f4xx_hal.o
HAL_EXTI_ClearConfigLine                          build/stm32f4xx_hal_exti.o
HAL_EXTI_ClearPending                             build/stm32f4xx_hal_exti.o
HAL_EXTI_GenerateSWI                              build/stm32f4xx_hal_exti.o
HAL_EXTI_GetConfigLine                            build/stm32f4xx_hal_exti.o
HAL_EXTI_GetHandle                                build/stm32f4xx_hal_exti.o
HAL_EXTI_GetPending                               build/stm32f4xx_hal_exti.o
HAL_EXTI_IRQHandler                               build/stm32f4xx_hal_exti.o
HAL_EXTI_RegisterCallback                         build/stm32f4xx_hal_exti.o
HAL_EXTI_SetConfigLine                            build/stm32f4xx_hal_exti.o
HAL_EnableCompensationCell                        build/stm32f4xx_hal.o
HAL_EnableMemorySwappingBank                      build/stm32f4xx_hal.o
HAL_FLASHEx_AdvOBGetConfig                        build/stm32f4xx_hal_flash_ex.o
HAL_FLASHEx_AdvOBProgram                          build/stm32f4xx_hal_flash_ex.o
HAL_FLASHEx_Erase                                 build/stm32f4xx_hal_flash_ex.o
HAL_FLASHEx_Erase_IT                              build/stm32f4xx_hal_flash_ex.o
HAL_FLASHEx_OBGetConfig                           build/stm32f4xx_hal_flash_ex.o
HAL_FLASHEx_OBProgram                             build/stm32f4xx_hal_flash_ex.o
HAL_FLASHEx_OB_DeSelectPCROP                      build/stm32f4xx_hal_flash_ex.o
HAL_FLASHEx_OB_GetBank2WRP                        build/stm32f4xx_hal_flash_ex.o
HAL_FLASHEx_OB_SelectPCROP                        build/stm32f4xx_hal_flash_ex.o
HAL_FLASH_EndOfOperationCallback                  build/stm32f4xx_hal_flash.o
HAL_FLASH_GetError                                build/stm32f4xx_hal_flash.o
HAL_FLASH_IRQHandler                              build/stm32f4xx_hal_flash.o
HAL_FLASH_Lock                                    build/stm32f4xx_hal_flash.o
HAL_FLASH_OB_Launch                               build/stm32f4xx_hal_flash.o
HAL_FLASH_OB_Lock                                 build/stm32f4xx_hal_flash.o
HAL_FLASH_OB_Unlock                               build/stm32f4xx_hal_flash.o
HAL_FLASH_OperationErrorCallback                  build/stm32f4xx_hal_flash.o
HAL_FLASH_Program                                 build/stm32f4xx_hal_flash.o
HAL_FLASH_Program_IT                              build/stm32f4xx_hal_flash.o
HAL_FLASH_Unlock                                  build/stm32f4xx_hal_flash.o
HAL_GPIO_DeInit                                   build/stm32f4xx_hal_gpio.o
                                                  build/spi.o
                                                  build/usart.o
HAL_GPIO_EXTI_Callback                            build/stm32f4xx_hal_gpio.o
HAL_GPIO_EXTI_IRQHandler                          build/stm32f4xx_hal_gpio.o
HAL_GPIO_Init                                     build/stm32f4xx_hal_gpio.o
                                                  build/spi.o
                                                  build/stm32f4xx_hal_rcc.o
                                                  build/usart.o
                                                  build/tim.o
                                                  build/gpio.o
HAL_GPIO_LockPin                                  build/stm32f4xx_hal_gpio.o
HAL_GPIO_ReadPin                                  build/stm32f4xx_hal_gpio.o
HAL_GPIO_TogglePin                                build/stm32f4xx_hal_gpio.o
HAL_GPIO_WritePin                                 build/stm32f4xx_hal_gpio.o
                                                  build/spi.o
                                                  build/gpio.o
HAL_GetDEVID                                      build/stm32f4xx_hal.o
HAL_GetHalVersion                                 build/stm32f4xx_hal.o
HAL_GetREVID                                      build/stm32f4xx_hal.o
HAL_GetTick                                       build/stm32f4xx_hal.o
                                                  build/stm32f4xx_hal_spi.o
                                                  build/stm32f4xx_hal_uart.o
                                                  build/stm32f4xx_hal_pwr_ex.o
                                                  build/stm32f4xx_hal_dma.o
                                                  build/stm32f4xx_hal_flash.o
                                                  build/stm32f4xx_hal_rcc_ex.o
                                                  build/stm32f4xx_hal_rcc.o
HAL_GetTickFreq                                   build/stm32f4xx_hal.o
HAL_GetTickPrio                                   build/stm32f4xx_hal.o
HAL_GetUIDw0                                      build/stm32f4xx_hal.o
HAL_GetUIDw1                                      build/stm32f4xx_hal.o
HAL_GetUIDw2                                      build/stm32f4xx_hal.o
HAL_HalfDuplex_EnableReceiver                     build/stm32f4xx_hal_uart.o
HAL_HalfDuplex_EnableTransmitter                  build/stm32f4xx_hal_uart.o
HAL_HalfDuplex_Init                               build/stm32f4xx_hal_uart.o
HAL_IncTick                                       build/stm32f4xx_hal.o
                                                  build/main.o
HAL_Init                                          build/stm32f4xx_hal.o
                                                  build/main.o
HAL_InitTick                                      build/stm32f4xx_hal_timebase_tim.o
                                                  build/stm32f4xx_hal.o
                                                  build/stm32f4xx_hal_rcc_ex.o
                                                  build/stm32f4xx_hal_rcc.o
HAL_LIN_Init                                      build/stm32f4xx_hal_uart.o
HAL_LIN_SendBreak                                 build/stm32f4xx_hal_uart.o
HAL_MPU_ConfigRegion                              build/stm32f4xx_hal_cortex.o
HAL_MPU_Disable                                   build/stm32f4xx_hal_cortex.o
HAL_MPU_Enable                                    build/stm32f4xx_hal_cortex.o
HAL_MspDeInit                                     build/stm32f4xx_hal.o
HAL_MspInit                                       build/stm32f4xx_hal_msp.o
HAL_MultiProcessor_EnterMuteMode                  build/stm32f4xx_hal_uart.o
HAL_MultiProcessor_ExitMuteMode                   build/stm32f4xx_hal_uart.o
HAL_MultiProcessor_Init                           build/stm32f4xx_hal_uart.o
HAL_NVIC_ClearPendingIRQ                          build/stm32f4xx_hal_cortex.o
HAL_NVIC_DisableIRQ                               build/stm32f4xx_hal_cortex.o
                                                  build/usart.o
                                                  build/tim.o
HAL_NVIC_EnableIRQ                                build/stm32f4xx_hal_cortex.o
                                                  build/stm32f4xx_hal_timebase_tim.o
                                                  build/usart.o
                                                  build/tim.o
                                                  build/dma.o
HAL_NVIC_GetActive                                build/stm32f4xx_hal_cortex.o
HAL_NVIC_GetPendingIRQ                            build/stm32f4xx_hal_cortex.o
HAL_NVIC_GetPriority                              build/stm32f4xx_hal_cortex.o
HAL_NVIC_GetPriorityGrouping                      build/stm32f4xx_hal_cortex.o
HAL_NVIC_SetPendingIRQ                            build/stm32f4xx_hal_cortex.o
HAL_NVIC_SetPriority                              build/stm32f4xx_hal_cortex.o
                                                  build/stm32f4xx_hal_timebase_tim.o
                                                  build/stm32f4xx_hal.o
                                                  build/usart.o
                                                  build/tim.o
                                                  build/dma.o
HAL_NVIC_SetPriorityGrouping                      build/stm32f4xx_hal_cortex.o
                                                  build/stm32f4xx_hal.o
HAL_NVIC_SystemReset                              build/stm32f4xx_hal_cortex.o
HAL_PWREx_ControlVoltageScaling                   build/stm32f4xx_hal_pwr_ex.o
HAL_PWREx_DisableBkUpReg                          build/stm32f4xx_hal_pwr_ex.o
HAL_PWREx_DisableFlashPowerDown                   build/stm32f4xx_hal_pwr_ex.o
HAL_PWREx_DisableOverDrive                        build/stm32f4xx_hal_pwr_ex.o
HAL_PWREx_EnableBkUpReg                           build/stm32f4xx_hal_pwr_ex.o
HAL_PWREx_EnableFlashPowerDown                    build/stm32f4xx_hal_pwr_ex.o
HAL_PWREx_EnableOverDrive                         build/stm32f4xx_hal_pwr_ex.o
                                                  build/main.o
HAL_PWREx_EnterUnderDriveSTOPMode                 build/stm32f4xx_hal_pwr_ex.o
HAL_PWREx_GetVoltageRange                         build/stm32f4xx_hal_pwr_ex.o
HAL_PWR_ConfigPVD                                 build/stm32f4xx_hal_pwr.o
HAL_PWR_DeInit                                    build/stm32f4xx_hal_pwr.o
HAL_PWR_DisableBkUpAccess                         build/stm32f4xx_hal_pwr.o
HAL_PWR_DisablePVD                                build/stm32f4xx_hal_pwr.o
HAL_PWR_DisableSEVOnPend                          build/stm32f4xx_hal_pwr.o
HAL_PWR_DisableSleepOnExit                        build/stm32f4xx_hal_pwr.o
HAL_PWR_DisableWakeUpPin                          build/stm32f4xx_hal_pwr.o
HAL_PWR_EnableBkUpAccess                          build/stm32f4xx_hal_pwr.o
HAL_PWR_EnablePVD                                 build/stm32f4xx_hal_pwr.o
HAL_PWR_EnableSEVOnPend                           build/stm32f4xx_hal_pwr.o
HAL_PWR_EnableSleepOnExit                         build/stm32f4xx_hal_pwr.o
HAL_PWR_EnableWakeUpPin                           build/stm32f4xx_hal_pwr.o
HAL_PWR_EnterSLEEPMode                            build/stm32f4xx_hal_pwr.o
HAL_PWR_EnterSTANDBYMode                          build/stm32f4xx_hal_pwr.o
HAL_PWR_EnterSTOPMode                             build/stm32f4xx_hal_pwr.o
HAL_PWR_PVDCallback                               build/stm32f4xx_hal_pwr.o
HAL_PWR_PVD_IRQHandler                            build/stm32f4xx_hal_pwr.o
HAL_RCCEx_DisablePLLI2S                           build/stm32f4xx_hal_rcc_ex.o
HAL_RCCEx_DisablePLLSAI                           build/stm32f4xx_hal_rcc_ex.o
HAL_RCCEx_EnablePLLI2S                            build/stm32f4xx_hal_rcc_ex.o
HAL_RCCEx_EnablePLLSAI                            build/stm32f4xx_hal_rcc_ex.o
HAL_RCCEx_GetPeriphCLKConfig                      build/stm32f4xx_hal_rcc_ex.o
HAL_RCCEx_GetPeriphCLKFreq                        build/stm32f4xx_hal_rcc_ex.o
HAL_RCCEx_PeriphCLKConfig                         build/stm32f4xx_hal_rcc_ex.o
HAL_RCC_CSSCallback                               build/stm32f4xx_hal_rcc.o
HAL_RCC_ClockConfig                               build/stm32f4xx_hal_rcc.o
                                                  build/main.o
HAL_RCC_DeInit                                    build/stm32f4xx_hal_rcc_ex.o
                                                  build/stm32f4xx_hal_rcc.o
HAL_RCC_DisableCSS                                build/stm32f4xx_hal_rcc.o
HAL_RCC_EnableCSS                                 build/stm32f4xx_hal_rcc.o
HAL_RCC_GetClockConfig                            build/stm32f4xx_hal_rcc.o
                                                  build/stm32f4xx_hal_timebase_tim.o
HAL_RCC_GetHCLKFreq                               build/stm32f4xx_hal_rcc.o
HAL_RCC_GetOscConfig                              build/stm32f4xx_hal_rcc.o
HAL_RCC_GetPCLK1Freq                              build/stm32f4xx_hal_rcc.o
                                                  build/stm32f4xx_hal_uart.o
HAL_RCC_GetPCLK2Freq                              build/stm32f4xx_hal_rcc.o
                                                  build/stm32f4xx_hal_timebase_tim.o
                                                  build/stm32f4xx_hal_uart.o
HAL_RCC_GetSysClockFreq                           build/stm32f4xx_hal_rcc.o
HAL_RCC_MCOConfig                                 build/stm32f4xx_hal_rcc.o
HAL_RCC_NMI_IRQHandler                            build/stm32f4xx_hal_rcc.o
HAL_RCC_OscConfig                                 build/stm32f4xx_hal_rcc.o
                                                  build/main.o
HAL_ResumeTick                                    build/stm32f4xx_hal_timebase_tim.o
                                                  build/stm32f4xx_hal.o
HAL_SPI_Abort                                     build/stm32f4xx_hal_spi.o
HAL_SPI_AbortCpltCallback                         build/stm32f4xx_hal_spi.o
HAL_SPI_Abort_IT                                  build/stm32f4xx_hal_spi.o
HAL_SPI_DMAPause                                  build/stm32f4xx_hal_spi.o
HAL_SPI_DMAResume                                 build/stm32f4xx_hal_spi.o
HAL_SPI_DMAStop                                   build/stm32f4xx_hal_spi.o
HAL_SPI_DeInit                                    build/stm32f4xx_hal_spi.o
HAL_SPI_ErrorCallback                             build/stm32f4xx_hal_spi.o
HAL_SPI_GetError                                  build/stm32f4xx_hal_spi.o
HAL_SPI_GetState                                  build/stm32f4xx_hal_spi.o
HAL_SPI_IRQHandler                                build/stm32f4xx_hal_spi.o
HAL_SPI_Init                                      build/stm32f4xx_hal_spi.o
                                                  build/spi.o
HAL_SPI_MspDeInit                                 build/spi.o
HAL_SPI_MspInit                                   build/spi.o
HAL_SPI_Receive                                   build/stm32f4xx_hal_spi.o
HAL_SPI_Receive_DMA                               build/stm32f4xx_hal_spi.o
HAL_SPI_Receive_IT                                build/stm32f4xx_hal_spi.o
HAL_SPI_RxCpltCallback                            build/stm32f4xx_hal_spi.o
HAL_SPI_RxHalfCpltCallback                        build/stm32f4xx_hal_spi.o
HAL_SPI_Transmit                                  build/stm32f4xx_hal_spi.o
                                                  build/spi.o
HAL_SPI_TransmitReceive                           build/stm32f4xx_hal_spi.o
HAL_SPI_TransmitReceive_DMA                       build/stm32f4xx_hal_spi.o
HAL_SPI_TransmitReceive_IT                        build/stm32f4xx_hal_spi.o
HAL_SPI_Transmit_DMA                              build/stm32f4xx_hal_spi.o
                                                  build/spi.o
HAL_SPI_Transmit_IT                               build/stm32f4xx_hal_spi.o
HAL_SPI_TxCpltCallback                            build/dma.o
HAL_SPI_TxHalfCpltCallback                        build/stm32f4xx_hal_spi.o
HAL_SPI_TxRxCpltCallback                          build/stm32f4xx_hal_spi.o
HAL_SPI_TxRxHalfCpltCallback                      build/stm32f4xx_hal_spi.o
HAL_SYSTICK_CLKSourceConfig                       build/stm32f4xx_hal_cortex.o
HAL_SYSTICK_Callback                              build/stm32f4xx_hal_cortex.o
HAL_SYSTICK_Config                                build/stm32f4xx_hal_cortex.o
                                                  build/stm32f4xx_hal.o
HAL_SYSTICK_IRQHandler                            build/stm32f4xx_hal_cortex.o
HAL_SetTickFreq                                   build/stm32f4xx_hal.o
HAL_SuspendTick                                   build/stm32f4xx_hal_timebase_tim.o
                                                  build/stm32f4xx_hal.o
HAL_TIMEx_BreakCallback                           build/stm32f4xx_hal_tim_ex.o
                                                  build/stm32f4xx_hal_tim.o
HAL_TIMEx_CommutCallback                          build/stm32f4xx_hal_tim_ex.o