Archive member included to satisfy reference by file (symbol)

d:/gcc-arm-none-eabi-10.3-2021.10/bin/../lib/gcc/arm-none-eabi/10.3.1/../../../../arm-none-eabi/lib/thumb/v7e-m+fp/hard\libc_nano.a(lib_a-exit.o)
                              d:/gcc-arm-none-eabi-10.3-2021.10/bin/../lib/gcc/arm-none-eabi/10.3.1/../../../../arm-none-eabi/lib/thumb/v7e-m+fp/hard/crt0.o (exit)
d:/gcc-arm-none-eabi-10.3-2021.10/bin/../lib/gcc/arm-none-eabi/10.3.1/../../../../arm-none-eabi/lib/thumb/v7e-m+fp/hard\libc_nano.a(lib_a-impure.o)
                              d:/gcc-arm-none-eabi-10.3-2021.10/bin/../lib/gcc/arm-none-eabi/10.3.1/../../../../arm-none-eabi/lib/thumb/v7e-m+fp/hard\libc_nano.a(lib_a-exit.o) (_global_impure_ptr)
d:/gcc-arm-none-eabi-10.3-2021.10/bin/../lib/gcc/arm-none-eabi/10.3.1/../../../../arm-none-eabi/lib/thumb/v7e-m+fp/hard\libc_nano.a(lib_a-init.o)
                              d:/gcc-arm-none-eabi-10.3-2021.10/bin/../lib/gcc/arm-none-eabi/10.3.1/../../../../arm-none-eabi/lib/thumb/v7e-m+fp/hard/crt0.o (__libc_init_array)
d:/gcc-arm-none-eabi-10.3-2021.10/bin/../lib/gcc/arm-none-eabi/10.3.1/../../../../arm-none-eabi/lib/thumb/v7e-m+fp/hard\libc_nano.a(lib_a-memcpy-stub.o)
                              build/queue.o (memcpy)
d:/gcc-arm-none-eabi-10.3-2021.10/bin/../lib/gcc/arm-none-eabi/10.3.1/../../../../arm-none-eabi/lib/thumb/v7e-m+fp/hard\libc_nano.a(lib_a-memset.o)
                              d:/gcc-arm-none-eabi-10.3-2021.10/bin/../lib/gcc/arm-none-eabi/10.3.1/../../../../arm-none-eabi/lib/thumb/v7e-m+fp/hard/crt0.o (memset)
d:/gcc-arm-none-eabi-10.3-2021.10/bin/../lib/gcc/arm-none-eabi/10.3.1/../../../../arm-none-eabi/lib/thumb/v7e-m+fp/hard\libc_nano.a(lib_a-sprintf.o)
                              build/spi.o (sprintf)
d:/gcc-arm-none-eabi-10.3-2021.10/bin/../lib/gcc/arm-none-eabi/10.3.1/../../../../arm-none-eabi/lib/thumb/v7e-m+fp/hard\libc_nano.a(lib_a-strcpy.o)
                              build/spi.o (strcpy)
d:/gcc-arm-none-eabi-10.3-2021.10/bin/../lib/gcc/arm-none-eabi/10.3.1/../../../../arm-none-eabi/lib/thumb/v7e-m+fp/hard\libc_nano.a(lib_a-strlen.o)
                              build/spi.o (strlen)
d:/gcc-arm-none-eabi-10.3-2021.10/bin/../lib/gcc/arm-none-eabi/10.3.1/../../../../arm-none-eabi/lib/thumb/v7e-m+fp/hard\libc_nano.a(lib_a-vsnprintf.o)
                              build/usart.o (vsnprintf)
d:/gcc-arm-none-eabi-10.3-2021.10/bin/../lib/gcc/arm-none-eabi/10.3.1/../../../../arm-none-eabi/lib/thumb/v7e-m+fp/hard\libc_nano.a(lib_a-nano-svfprintf.o)
                              d:/gcc-arm-none-eabi-10.3-2021.10/bin/../lib/gcc/arm-none-eabi/10.3.1/../../../../arm-none-eabi/lib/thumb/v7e-m+fp/hard\libc_nano.a(lib_a-sprintf.o) (_svfprintf_r)
d:/gcc-arm-none-eabi-10.3-2021.10/bin/../lib/gcc/arm-none-eabi/10.3.1/../../../../arm-none-eabi/lib/thumb/v7e-m+fp/hard\libc_nano.a(lib_a-nano-vfprintf_i.o)
                              d:/gcc-arm-none-eabi-10.3-2021.10/bin/../lib/gcc/arm-none-eabi/10.3.1/../../../../arm-none-eabi/lib/thumb/v7e-m+fp/hard\libc_nano.a(lib_a-nano-svfprintf.o) (_printf_i)
d:/gcc-arm-none-eabi-10.3-2021.10/bin/../lib/gcc/arm-none-eabi/10.3.1/../../../../arm-none-eabi/lib/thumb/v7e-m+fp/hard\libc_nano.a(lib_a-memchr.o)
                              d:/gcc-arm-none-eabi-10.3-2021.10/bin/../lib/gcc/arm-none-eabi/10.3.1/../../../../arm-none-eabi/lib/thumb/v7e-m+fp/hard\libc_nano.a(lib_a-nano-svfprintf.o) (memchr)
d:/gcc-arm-none-eabi-10.3-2021.10/bin/../lib/gcc/arm-none-eabi/10.3.1/../../../../arm-none-eabi/lib/thumb/v7e-m+fp/hard\libc_nano.a(lib_a-memmove.o)
                              d:/gcc-arm-none-eabi-10.3-2021.10/bin/../lib/gcc/arm-none-eabi/10.3.1/../../../../arm-none-eabi/lib/thumb/v7e-m+fp/hard\libc_nano.a(lib_a-nano-svfprintf.o) (memmove)
d:/gcc-arm-none-eabi-10.3-2021.10/bin/../lib/gcc/arm-none-eabi/10.3.1/../../../../arm-none-eabi/lib/thumb/v7e-m+fp/hard\libc_nano.a(lib_a-nano-freer.o)
                              d:/gcc-arm-none-eabi-10.3-2021.10/bin/../lib/gcc/arm-none-eabi/10.3.1/../../../../arm-none-eabi/lib/thumb/v7e-m+fp/hard\libc_nano.a(lib_a-nano-svfprintf.o) (_free_r)
d:/gcc-arm-none-eabi-10.3-2021.10/bin/../lib/gcc/arm-none-eabi/10.3.1/../../../../arm-none-eabi/lib/thumb/v7e-m+fp/hard\libc_nano.a(lib_a-nano-mallocr.o)
                              d:/gcc-arm-none-eabi-10.3-2021.10/bin/../lib/gcc/arm-none-eabi/10.3.1/../../../../arm-none-eabi/lib/thumb/v7e-m+fp/hard\libc_nano.a(lib_a-nano-svfprintf.o) (_malloc_r)
d:/gcc-arm-none-eabi-10.3-2021.10/bin/../lib/gcc/arm-none-eabi/10.3.1/../../../../arm-none-eabi/lib/thumb/v7e-m+fp/hard\libc_nano.a(lib_a-nano-reallocr.o)
                              d:/gcc-arm-none-eabi-10.3-2021.10/bin/../lib/gcc/arm-none-eabi/10.3.1/../../../../arm-none-eabi/lib/thumb/v7e-m+fp/hard\libc_nano.a(lib_a-nano-svfprintf.o) (_realloc_r)
d:/gcc-arm-none-eabi-10.3-2021.10/bin/../lib/gcc/arm-none-eabi/10.3.1/../../../../arm-none-eabi/lib/thumb/v7e-m+fp/hard\libc_nano.a(lib_a-sbrkr.o)
[...]
Memory Configuration

Name             Origin             Length             Attributes
RAM              0x20000000         0x00030000         xrw
CCMRAM           0x10000000         0x00010000         xrw
FLASH            0x08000000         0x00100000         xr
*default*        0x00000000         0xffffffff

Linker script and memory map

LOAD d:/gcc-arm-none-eabi-10.3-2021.10/bin/../lib/gcc/arm-none-eabi/10.3.1/thumb/v7e-m+fp/hard/crti.o
LOAD d:/gcc-arm-none-eabi-10.3-2021.10/bin/../lib/gcc/arm-none-eabi/10.3.1/thumb/v7e-m+fp/hard/crtbegin.o
LOAD d:/gcc-arm-none-eabi-10.3-2021.10/bin/../lib/gcc/arm-none-eabi/10.3.1/../../../../arm-none-eabi/lib/thumb/v7e-m+fp/hard/crt0.o
LOAD build/main.o
LOAD build/gpio.o
LOAD build/dma.o
LOAD build/tim.o
LOAD build/motor.o
LOAD build/usart.o
LOAD build/stm32f4xx_it.o
LOAD build/stm32f4xx_hal_msp.o
LOAD build/stm32f4xx_hal_tim.o
LOAD build/stm32f4xx_hal_tim_ex.o
LOAD build/stm32f4xx_hal_rcc.o
LOAD build/stm32f4xx_hal_rcc_ex.o
LOAD build/stm32f4xx_hal_flash.o
LOAD build/stm32f4xx_hal_flash_ex.o
LOAD build/stm32f4xx_hal_flash_ramfunc.o
LOAD build/stm32f4xx_hal_gpio.o
LOAD build/stm32f4xx_hal_dma_ex.o
LOAD build/stm32f4xx_hal_dma.o
LOAD build/stm32f4xx_hal_pwr.o
LOAD build/stm32f4xx_hal_pwr_ex.o
LOAD build/stm32f4xx_hal_cortex.o
LOAD build/stm32f4xx_hal.o
LOAD build/stm32f4xx_hal_exti.o
LOAD build/stm32f4xx_hal_uart.o
LOAD build/arm_sin_f32.o
LOAD build/arm_common_tables.o
LOAD build/system_stm32f4xx.o
LOAD build/spi.o
LOAD build/lcd_fonts.o
LOAD build/stm32f4xx_hal_spi.o
LOAD build/stm32f4xx_hal_timebase_tim.o
LOAD build/freertos.o
LOAD build/croutine.o
LOAD build/event_groups.o
LOAD build/list.o
LOAD build/queue.o
LOAD build/stream_buffer.o
LOAD build/tasks.o
LOAD build/timers.o
LOAD build/heap_4.o
LOAD build/port.o
LOAD build/cmsis_os2.o
LOAD build/startup_stm32f429xx.o
LOAD d:/gcc-arm-none-eabi-10.3-2021.10/bin/../lib/gcc/arm-none-eabi/10.3.1/../../../../arm-none-eabi/lib/thumb/v7e-m+fp/hard\libc_nano.a
LOAD d:/gcc-arm-none-eabi-10.3-2021.10/bin/../lib/gcc/arm-none-eabi/10.3.1/../../../../arm-none-eabi/lib/thumb/v7e-m+fp/hard\libm.a
LOAD d:/gcc-arm-none-eabi-10.3-2021.10/bin/../lib/gcc/arm-none-eabi/10.3.1/../../../../arm-none-eabi/lib/thumb/v7e-m+fp/hard\libnosys.a
START GROUP
LOAD d:/gcc-arm-none-eabi-10.3-2021.10/bin/../lib/gcc/arm-none-eabi/10.3.1/thumb/v7e-m+fp/hard\libgcc.a
LOAD d:/gcc-arm-none-eabi-10.3-2021.10/bin/../lib/gcc/arm-none-eabi/10.3.1/../../../../arm-none-eabi/lib/thumb/v7e-m+fp/hard\libc_nano.a
END GROUP
START GROUP
LOAD d:/gcc-arm-none-eabi-10.3-2021.10/bin/../lib/gcc/arm-none-eabi/10.3.1/thumb/v7e-m+fp/hard\libgcc.a
LOAD d:/gcc-arm-none-eabi-10.3-2021.10/bin/../lib/gcc/arm-none-eabi/10.3.1/../../../../arm-none-eabi/lib/thumb/v7e-m+fp/hard\libc_nano.a
END GROUP
LOAD d:/gcc-arm-none-eabi-10.3-2021.10/bin/../lib/gcc/arm-none-eabi/10.3.1/thumb/v7e-m+fp/hard/crtend.o
LOAD d:/gcc-arm-none-eabi-10.3-2021.10/bin/../lib/gcc/arm-none-eabi/10.3.1/thumb/v7e-m+fp/hard/crtn.o
                0x20030000                _estack = (ORIGIN (RAM) + LENGTH (RAM))
                0x00000200                _Min_Heap_Size = 0x200
                0x00000400                _Min_Stack_Size = 0x400

.isr_vector     0x08000000      0x1ac
                0x08000000                . = ALIGN (0x4)
 *(.isr_vector)
 .isr_vector    0x08000000      0x1ac build/startup_stm32f429xx.o
                0x08000000                g_pfnVectors
                0x080001ac                . = ALIGN (0x4)

.text           0x080001b0     0x862c
                0x080001b0                . = ALIGN (0x4)
 *(.text)
 .text          0x080001b0       0x40 d:/gcc-arm-none-eabi-10.3-2021.10/bin/../lib/gcc/arm-none-eabi/10.3.1/thumb/v7e-m+fp/hard/crtbegin.o
 .text          0x080001f0       0x10 d:/gcc-arm-none-eabi-10.3-2021.10/bin/../lib/gcc/arm-none-eabi/10.3.1/../../../../arm-none-eabi/lib/thumb/v7e-m+fp/hard\libc_nano.a(lib_a-strlen.o)
                0x080001f0                strlen
 .text          0x08000200       0xa0 d:/gcc-arm-none-eabi-10.3-2021.10/bin/../lib/gcc/arm-none-eabi/10.3.1/../../../../arm-none-eabi/lib/thumb/v7e-m+fp/hard\libc_nano.a(lib_a-memchr.o)
                0x08000200                memchr
 .text          0x080002a0      0x378 d:/gcc-arm-none-eabi-10.3-2021.10/bin/../lib/gcc/arm-none-eabi/10.3.1/thumb/v7e-m+fp/hard\libgcc.a(_arm_addsubdf3.o)
                0x080002a0                __aeabi_drsub
                0x080002a8                __aeabi_dsub
                0x080002a8                __subdf3
                0x080002ac                __aeabi_dadd
                0x080002ac                __adddf3
                0x08000524                __floatunsidf
                0x08000524                __aeabi_ui2d
                0x08000544                __floatsidf
                0x08000544                __aeabi_i2d
                0x08000568                __aeabi_f2d
                0x08000568                __extendsfdf2
                0x080005ac                __floatundidf
                0x080005ac                __aeabi_ul2d
                0x080005bc                __floatdidf
                0x080005bc                __aeabi_l2d
 .text          0x08000618      0x424 d:/gcc-arm-none-eabi-10.3-2021.10/bin/../lib/gcc/arm-none-eabi/10.3.1/thumb/v7e-m+fp/hard\libgcc.a(_arm_muldivdf3.o)
                0x08000618                __aeabi_dmul
                0x08000618                __muldf3
                0x0800086c                __divdf3
                0x0800086c                __aeabi_ddiv
 .text          0x08000a3c      0x110 d:/gcc-arm-none-eabi-10.3-2021.10/bin/../lib/gcc/arm-none-eabi/10.3.1/thumb/v7e-m+fp/hard\libgcc.a(_arm_cmpdf2.o)
                0x08000a3c                __gtdf2
                0x08000a3c                __gedf2
                0x08000a44                __ltdf2
                0x08000a44                __ledf2
                0x08000a4c                __nedf2
                0x08000a4c                __eqdf2
                0x08000a4c                __cmpdf2
                0x08000ac8                __aeabi_cdrcmple
                0x08000ad8                __aeabi_cdcmpeq
                0x08000ad8                __aeabi_cdcmple
                0x08000ae8                __aeabi_dcmpeq
                0x08000afc                __aeabi_dcmplt
                0x08000b10                __aeabi_dcmple
                0x08000b24                __aeabi_dcmpge
                0x08000b38                __aeabi_dcmpgt
 .text          0x08000b4c       0x2c d:/gcc-arm-none-eabi-10.3-2021.10/bin/../lib/gcc/arm-none-eabi/10.3.1/thumb/v7e-m+fp/hard\libgcc.a(_arm_unorddf2.o)
                0x08000b4c                __unorddf2
                0x08000b4c                __aeabi_dcmpun
 .text          0x08000b78       0x50 d:/gcc-arm-none-eabi-10.3-2021.10/bin/../lib/gcc/arm-none-eabi/10.3.1/thumb/v7e-m+fp/hard\libgcc.a(_arm_fixdfsi.o)
                0x08000b78                __aeabi_d2iz
                0x08000b78                __fixdfsi
 .text          0x08000bc8       0xa0 d:/gcc-arm-none-eabi-10.3-2021.10/bin/../lib/gcc/arm-none-eabi/10.3.1/thumb/v7e-m+fp/hard\libgcc.a(_arm_truncdfsf2.o)
                0x08000bc8                __truncdfsf2
                0x08000bc8                __aeabi_d2f
 .text          0x08000c68       0x30 d:/gcc-arm-none-eabi-10.3-2021.10/bin/../lib/gcc/arm-none-eabi/10.3.1/thumb/v7e-m+fp/hard\libgcc.a(_aeabi_uldivmod.o)
                0x08000c68                __aeabi_uldivmod
 .text          0x08000c98      0x2d0 d:/gcc-arm-none-eabi-10.3-2021.10/bin/../lib/gcc/arm-none-eabi/10.3.1/thumb/v7e-m+fp/hard\libgcc.a(_udivmoddi4.o)
                0x08000c98                __udivmoddi4
 .text          0x08000f68        0x4 d:/gcc-arm-none-eabi-10.3-2021.10/bin/../lib/gcc/arm-none-eabi/10.3.1/thumb/v7e-m+fp/hard\libgcc.a(_dvmd_tls.o)
                0x08000f68                __aeabi_idiv0
                0x08000f68                __aeabi_ldiv0
 *(.text*)
 .text.HAL_TIM_PeriodElapsedCallback
                0x08000f6c       0x18 build/main.o
                0x08000f6c                HAL_TIM_PeriodElapsedCallback
 .text.Error_Handler
                0x08000f84        0x4 build/main.o
                0x08000f84                Error_Handler
 .text.SystemClock_Config
                0x08000f88       0xb4 build/main.o
                0x08000f88                SystemClock_Config
 .text.main     0x0800103c       0x58 build/main.o
                0x0800103c                main
 .text.MX_GPIO_Init
                0x08001094      0x10c build/gpio.o
                0x08001094                MX_GPIO_Init
 .text.MX_DMA_Init
                0x080011a0       0x68 build/dma.o
                0x080011a0                MX_DMA_Init
 .text.HAL_SPI_TxCpltCallback
                0x08001208        0xc build/dma.o
                0x08001208                HAL_SPI_TxCpltCallback
 .text.MX_TIM5_Init
                0x08001214       0x70 build/tim.o
                0x08001214                MX_TIM5_Init
 .text.HAL_TIM_Base_MspInit
                0x08001284       0x74 build/tim.o
                0x08001284                HAL_TIM_Base_MspInit
 .text.HAL_TIM_MspPostInit
                0x080012f8       0x58 build/tim.o
                0x080012f8                HAL_TIM_MspPostInit
 .text.MX_TIM4_Init
                0x08001350       0xe0 build/tim.o
                0x08001350                MX_TIM4_Init
 .text._electricalAngle
                0x08001430        0xe build/motor.o
                0x08001430                _electricalAngle
 *fill*         0x0800143e        0x2 
 .text._normalizeAngle
                0x08001440       0x44 build/motor.o
                0x08001440                _normalizeAngle
 .text.setPwm   0x08001484       0xf4 build/motor.o
                0x08001484                setPwm
 .text.setPhaseVoltage
                0x08001578      0x158 build/motor.o
                0x08001578                setPhaseVoltage
 .text.velocityOpenloop
                0x080016d0       0xac build/motor.o
                0x080016d0                velocityOpenloop
 .text.MX_USART1_UART_Init
                0x0800177c       0x34 build/usart.o
                0x0800177c                MX_USART1_UART_Init
 .text.HAL_UART_MspInit
                0x080017b0      0x100 build/usart.o
                0x080017b0                HAL_UART_MspInit
 .text.NMI_Handler
                0x080018b0        0x2 build/stm32f4xx_it.o
                0x080018b0                NMI_Handler
 .text.HardFault_Handler
                0x080018b2        0x2 build/stm32f4xx_it.o
                0x080018b2                HardFault_Handler
 .text.MemManage_Handler
                0x080018b4        0x2 build/stm32f4xx_it.o
                0x080018b4                MemManage_Handler
 .text.BusFault_Handler
                0x080018b6        0x2 build/stm32f4xx_it.o
                0x080018b6                BusFault_Handler
 .text.UsageFault_Handler
                0x080018b8        0x2 build/stm32f4xx_it.o
                0x080018b8                UsageFault_Handler
 .text.DebugMon_Handler
                0x080018ba        0x2 build/stm32f4xx_it.o
                0x080018ba                DebugMon_Handler
 .text.DMA1_Stream5_IRQHandler
                0x080018bc       0x10 build/stm32f4xx_it.o
                0x080018bc                DMA1_Stream5_IRQHandler
 .text.TIM1_UP_TIM10_IRQHandler
                0x080018cc       0x10 build/stm32f4xx_it.o
                0x080018cc                TIM1_UP_TIM10_IRQHandler
 .text.TIM4_IRQHandler
                0x080018dc       0x10 build/stm32f4xx_it.o
                0x080018dc                TIM4_IRQHandler
 .text.USART1_IRQHandler
                0x080018ec       0x10 build/stm32f4xx_it.o
                0x080018ec                USART1_IRQHandler
 .text.TIM5_IRQHandler
                0x080018fc       0x1c build/stm32f4xx_it.o
                0x080018fc                TIM5_IRQHandler
 .text.DMA2_Stream2_IRQHandler
                0x08001918       0x10 build/stm32f4xx_it.o
                0x08001918                DMA2_Stream2_IRQHandler
 .text.DMA2_Stream7_IRQHandler
                0x08001928       0x10 build/stm32f4xx_it.o
                0x08001928                DMA2_Stream7_IRQHandler
 .text.micros   0x08001938        0xc build/stm32f4xx_it.o
                0x08001938                micros
 .text.HAL_MspInit
                0x08001944       0x44 build/stm32f4xx_hal_msp.o
                0x08001944                HAL_MspInit
 .text.TIM_OC1_SetConfig
                0x08001988       0x68 build/stm32f4xx_hal_tim.o
 .text.TIM_OC3_SetConfig
                0x080019f0       0x70 build/stm32f4xx_hal_tim.o
 .text.TIM_OC4_SetConfig
                0x08001a60       0x50 build/stm32f4xx_hal_tim.o
 .text.TIM_TI1_ConfigInputStage
                0x08001ab0       0x26 build/stm32f4xx_hal_tim.o
 .text.TIM_TI2_ConfigInputStage
                0x08001ad6       0x28 build/stm32f4xx_hal_tim.o
 .text.TIM_ITRx_SetConfig
                0x08001afe       0x10 build/stm32f4xx_hal_tim.o
 *fill*         0x08001b0e        0x2 
 .text.HAL_TIM_Base_Start_IT
                0x08001b10       0x88 build/stm32f4xx_hal_tim.o
                0x08001b10                HAL_TIM_Base_Start_IT
 .text.HAL_TIM_PWM_MspInit
                0x08001b98        0x2 build/stm32f4xx_hal_tim.o
                0x08001b98                HAL_TIM_PWM_MspInit
 .text.HAL_TIM_OC_DelayElapsedCallback
                0x08001b9a        0x2 build/stm32f4xx_hal_tim.o
                0x08001b9a                HAL_TIM_OC_DelayElapsedCallback
 .text.HAL_TIM_IC_CaptureCallback
                0x08001b9c        0x2 build/stm32f4xx_hal_tim.o
                0x08001b9c                HAL_TIM_IC_CaptureCallback
 .text.HAL_TIM_PWM_PulseFinishedCallback
                0x08001b9e        0x2 build/stm32f4xx_hal_tim.o
                0x08001b9e                HAL_TIM_PWM_PulseFinishedCallback
 .text.HAL_TIM_TriggerCallback
                0x08001ba0        0x2 build/stm32f4xx_hal_tim.o
                0x08001ba0                HAL_TIM_TriggerCallback
 .text.HAL_TIM_IRQHandler
                0x08001ba2      0x15e build/stm32f4xx_hal_tim.o
                0x08001ba2                HAL_TIM_IRQHandler
 .text.TIM_Base_SetConfig
                0x08001d00       0xd8 build/stm32f4xx_hal_tim.o
                0x08001d00                TIM_Base_SetConfig
 .text.HAL_TIM_Base_Init
                0x08001dd8       0x58 build/stm32f4xx_hal_tim.o
                0x08001dd8                HAL_TIM_Base_Init
 .text.HAL_TIM_PWM_Init
                0x08001e30       0x58 build/stm32f4xx_hal_tim.o
                0x08001e30                HAL_TIM_PWM_Init
 .text.TIM_OC2_SetConfig
                0x08001e88       0x70 build/stm32f4xx_hal_tim.o
                0x08001e88                TIM_OC2_SetConfig
 .text.HAL_TIM_PWM_ConfigChannel
                0x08001ef8       0xdc build/stm32f4xx_hal_tim.o
                0x08001ef8                HAL_TIM_PWM_ConfigChannel
 .text.TIM_ETR_SetConfig
                0x08001fd4       0x1a build/stm32f4xx_hal_tim.o
                0x08001fd4                TIM_ETR_SetConfig
 .text.HAL_TIM_ConfigClockSource
                0x08001fee       0xfe build/stm32f4xx_hal_tim.o
                0x08001fee                HAL_TIM_ConfigClockSource
 .text.TIM_CCxChannelCmd
                0x080020ec       0x1e build/stm32f4xx_hal_tim.o
                0x080020ec                TIM_CCxChannelCmd
 *fill*         0x0800210a        0x2 
 .text.HAL_TIM_PWM_Start
                0x0800210c      0x104 build/stm32f4xx_hal_tim.o
                0x0800210c                HAL_TIM_PWM_Start
 .text.HAL_TIMEx_MasterConfigSynchronization
                0x08002210       0x8c build/stm32f4xx_hal_tim_ex.o
                0x08002210                HAL_TIMEx_MasterConfigSynchronization
 .text.HAL_TIMEx_CommutCallback
                0x0800229c        0x2 build/stm32f4xx_hal_tim_ex.o
                0x0800229c                HAL_TIMEx_CommutCallback
 .text.HAL_TIMEx_BreakCallback
                0x0800229e        0x2 build/stm32f4xx_hal_tim_ex.o
                0x0800229e                HAL_TIMEx_BreakCallback
 .text.HAL_RCC_OscConfig
                0x080022a0      0x3f8 build/stm32f4xx_hal_rcc.o
                0x080022a0                HAL_RCC_OscConfig
 .text.HAL_RCC_GetSysClockFreq
                0x08002698       0xa4 build/stm32f4xx_hal_rcc.o
                0x08002698                HAL_RCC_GetSysClockFreq
 .text.HAL_RCC_ClockConfig
                0x0800273c      0x160 build/stm32f4xx_hal_rcc.o
                0x0800273c                HAL_RCC_ClockConfig
 .text.HAL_RCC_GetHCLKFreq
                0x0800289c        0xc build/stm32f4xx_hal_rcc.o
                0x0800289c                HAL_RCC_GetHCLKFreq
 .text.HAL_RCC_GetPCLK1Freq
                0x080028a8       0x20 build/stm32f4xx_hal_rcc.o
                0x080028a8                HAL_RCC_GetPCLK1Freq
 .text.HAL_RCC_GetPCLK2Freq
                0x080028c8       0x20 build/stm32f4xx_hal_rcc.o
                0x080028c8                HAL_RCC_GetPCLK2Freq
 .text.HAL_RCC_GetClockConfig
                0x080028e8       0x3c build/stm32f4xx_hal_rcc.o
                0x080028e8                HAL_RCC_GetClockConfig
 .text.HAL_GPIO_Init
                0x08002924      0x1fc build/stm32f4xx_hal_gpio.o
                0x08002924                HAL_GPIO_Init
 .text.HAL_GPIO_WritePin
                0x08002b20        0xc build/stm32f4xx_hal_gpio.o
                0x08002b20                HAL_GPIO_WritePin
 .text.DMA_SetConfig
                0x08002b2c       0x2c build/stm32f4xx_hal_dma.o
 .text.DMA_CalcBaseAndBitshift
                0x08002b58       0x44 build/stm32f4xx_hal_dma.o
 .text.DMA_CheckFifoParam
                0x08002b9c       0x8e build/stm32f4xx_hal_dma.o
 *fill*         0x08002c2a        0x2 
 .text.HAL_DMA_Init
                0x08002c2c       0xcc build/stm32f4xx_hal_dma.o
                0x08002c2c                HAL_DMA_Init
 .text.HAL_DMA_Start_IT
                0x08002cf8       0x6a build/stm32f4xx_hal_dma.o
                0x08002cf8                HAL_DMA_Start_IT
 .text.HAL_DMA_Abort
                0x08002d62       0x94 build/stm32f4xx_hal_dma.o
                0x08002d62                HAL_DMA_Abort
 .text.HAL_DMA_Abort_IT
                0x08002df6       0x26 build/stm32f4xx_hal_dma.o
                0x08002df6                HAL_DMA_Abort_IT
 .text.HAL_DMA_IRQHandler
                0x08002e1c      0x1dc build/stm32f4xx_hal_dma.o
                0x08002e1c                HAL_DMA_IRQHandler
 .text.HAL_PWREx_EnableOverDrive
                0x08002ff8       0x7c build/stm32f4xx_hal_pwr_ex.o
                0x08002ff8                HAL_PWREx_EnableOverDrive
 .text.HAL_NVIC_SetPriorityGrouping
                0x08003074       0x24 build/stm32f4xx_hal_cortex.o
                0x08003074                HAL_NVIC_SetPriorityGrouping
 .text.HAL_NVIC_SetPriority
                0x08003098       0x70 build/stm32f4xx_hal_cortex.o
                0x08003098                HAL_NVIC_SetPriority
 .text.HAL_NVIC_EnableIRQ
                0x08003108       0x1c build/stm32f4xx_hal_cortex.o
                0x08003108                HAL_NVIC_EnableIRQ
 .text.HAL_Init
                0x08003124       0x34 build/stm32f4xx_hal.o
                0x08003124                HAL_Init
 .text.HAL_IncTick
                0x08003158       0x18 build/stm32f4xx_hal.o
                0x08003158                HAL_IncTick
 .text.HAL_GetTick
                0x08003170        0xc build/stm32f4xx_hal.o
                0x08003170                HAL_GetTick
 .text.HAL_Delay
                0x0800317c       0x28 build/stm32f4xx_hal.o
                0x0800317c                HAL_Delay
 .text.UART_EndRxTransfer
                0x080031a4       0x5c build/stm32f4xx_hal_uart.o
 .text.UART_Transmit_IT
                0x08003200       0x60 build/stm32f4xx_hal_uart.o
 .text.UART_SetConfig
                0x08003260      0x110 build/stm32f4xx_hal_uart.o
 .text.HAL_UART_Init
                0x08003370       0x60 build/stm32f4xx_hal_uart.o
                0x08003370                HAL_UART_Init
 .text.HAL_UART_TxCpltCallback
                0x080033d0        0x2 build/stm32f4xx_hal_uart.o
                0x080033d0                HAL_UART_TxCpltCallback
 .text.UART_EndTransmit_IT
                0x080033d2       0x1a build/stm32f4xx_hal_uart.o
 .text.HAL_UART_RxCpltCallback
                0x080033ec        0x2 build/stm32f4xx_hal_uart.o
                0x080033ec                HAL_UART_RxCpltCallback
 .text.HAL_UART_ErrorCallback
                0x080033ee        0x2 build/stm32f4xx_hal_uart.o
                0x080033ee                HAL_UART_ErrorCallback
 .text.UART_DMAAbortOnError
                0x080033f0       0x10 build/stm32f4xx_hal_uart.o
 .text.HAL_UARTEx_RxEventCallback
                0x08003400        0x2 build/stm32f4xx_hal_uart.o
                0x08003400                HAL_UARTEx_RxEventCallback
 .text.UART_Receive_IT
                0x08003402       0xe6 build/stm32f4xx_hal_uart.o
 .text.HAL_UART_IRQHandler
                0x080034e8      0x288 build/stm32f4xx_hal_uart.o
                0x080034e8                HAL_UART_IRQHandler
 .text.SystemInit
                0x08003770       0x14 build/system_stm32f4xx.o
                0x08003770                SystemInit
 .text.MX_SPI3_Init
                0x08003784       0x40 build/spi.o
                0x08003784                MX_SPI3_Init
 .text.HAL_SPI_MspInit
                0x080037c4      0x13c build/spi.o
                0x080037c4                HAL_SPI_MspInit
 .text.LCD_WriteCommand
                0x08003900       0x30 build/spi.o
                0x08003900                LCD_WriteCommand
 .text.LCD_WriteData_8bit
                0x08003930       0x30 build/spi.o
                0x08003930                LCD_WriteData_8bit
 .text.LCD_WriteData_16bit
                0x08003960       0x44 build/spi.o
                0x08003960                LCD_WriteData_16bit
 .text.LCD_WriteBuff
                0x080039a4       0x38 build/spi.o
                0x080039a4                LCD_WriteBuff
 .text.LCD_SetAddress
                0x080039dc       0x54 build/spi.o
                0x080039dc                LCD_SetAddress
 .text.LCD_SetColor
                0x08003a30        0xc build/spi.o
                0x08003a30                LCD_SetColor
 .text.LCD_SetBackColor
                0x08003a3c        0xc build/spi.o
                0x08003a3c                LCD_SetBackColor
 .text.LCD_SetDirection
                0x08003a48       0xa4 build/spi.o
                0x08003a48                LCD_SetDirection
 .text.LCD_SetAsciiFont
                0x08003aec        0xc build/spi.o
                0x08003aec                LCD_SetAsciiFont
 .text.LCD_Clear
                0x08003af8       0x74 build/spi.o
                0x08003af8                LCD_Clear
 .text.LCD_DisplayChar
                0x08003b6c       0xb0 build/spi.o
                0x08003b6c                LCD_DisplayChar
 .text.LCD_DisplayString
                0x08003c1c       0x38 build/spi.o
                0x08003c1c                LCD_DisplayString
 .text.LCD_ShowNumMode
                0x08003c54        0xc build/spi.o
                0x08003c54                LCD_ShowNumMode
 .text.SPI_LCD_Init
                0x08003c60      0x1b4 build/spi.o
                0x08003c60                SPI_LCD_Init
 .text.LCD_DisplayNumber
                0x08003e14       0x44 build/spi.o
                0x08003e14                LCD_DisplayNumber
 .text.LCD_DisplayDecimals
                0x08003e58      0x1c0 build/spi.o
                0x08003e58                LCD_DisplayDecimals
 .text.SPI_WaitFlagStateUntilTimeout
                0x08004018       0xd4 build/stm32f4xx_hal_spi.o
 .text.SPI_EndRxTxTransaction
                0x080040ec       0x80 build/stm32f4xx_hal_spi.o
 .text.HAL_SPI_Init
                0x0800416c       0xbe build/stm32f4xx_hal_spi.o
                0x0800416c                HAL_SPI_Init
 .text.HAL_SPI_Transmit
                0x0800422a      0x1b8 build/stm32f4xx_hal_spi.o
                0x0800422a                HAL_SPI_Transmit
 *fill*         0x080043e2        0x2 
 .text.HAL_SPI_Transmit_DMA
                0x080043e4       0xd8 build/stm32f4xx_hal_spi.o
                0x080043e4                HAL_SPI_Transmit_DMA
 .text.HAL_SPI_TxHalfCpltCallback
                0x080044bc        0x2 build/stm32f4xx_hal_spi.o
                0x080044bc                HAL_SPI_TxHalfCpltCallback
 .text.SPI_DMAHalfTransmitCplt
                0x080044be        0xa build/stm32f4xx_hal_spi.o
 .text.HAL_SPI_ErrorCallback
                0x080044c8        0x2 build/stm32f4xx_hal_spi.o
                0x080044c8                HAL_SPI_ErrorCallback
 .text.SPI_DMAError
                0x080044ca       0x22 build/stm32f4xx_hal_spi.o
 .text.SPI_DMATransmitCplt
                0x080044ec       0x70 build/stm32f4xx_hal_spi.o
 .text.HAL_InitTick
                0x0800455c       0x98 build/stm32f4xx_hal_timebase_tim.o
                0x0800455c                HAL_InitTick
 .text.StartTask
                0x080045f4       0x64 build/freertos.o
                0x080045f4                StartTask
 .text.MotorTask
                0x08004658       0x12 build/freertos.o
                0x08004658                MotorTask
 *fill*         0x0800466a        0x2 
 .text.MX_FREERTOS_Init
                0x0800466c       0x20 build/freertos.o
                0x0800466c                MX_FREERTOS_Init
 .text.LCD_Test_Clear
                0x0800468c       0x74 build/freertos.o
                0x0800468c                LCD_Test_Clear
 .text.LCD_Test_Variable
                0x08004700      0x178 build/freertos.o
                0x08004700                LCD_Test_Variable
 .text.LCDViewTask
                0x08004878        0xc build/freertos.o
                0x08004878                LCDViewTask
 .text.vListInitialise
                0x08004884       0x16 build/list.o
                0x08004884                vListInitialise
 .text.vListInitialiseItem
                0x0800489a        0x6 build/list.o
                0x0800489a                vListInitialiseItem
 .text.vListInsertEnd
                0x080048a0       0x16 build/list.o
                0x080048a0                vListInsertEnd
 .text.vListInsert
                0x080048b6       0x32 build/list.o
                0x080048b6                vListInsert
 .text.uxListRemove
                0x080048e8       0x26 build/list.o
                0x080048e8                uxListRemove
 .text.prvIsQueueFull
                0x0800490e       0x1e build/queue.o
 .text.prvIsQueueEmpty
                0x0800492c       0x1a build/queue.o
 .text.prvCopyDataToQueue
                0x08004946       0x76 build/queue.o
 .text.prvCopyDataFromQueue
                0x080049bc       0x24 build/queue.o
 .text.prvUnlockQueue
                0x080049e0       0x6e build/queue.o
 .text.xQueueGenericReset
                0x08004a4e       0x84 build/queue.o
                0x08004a4e                xQueueGenericReset
 .text.prvInitialiseNewQueue
                0x08004ad2       0x22 build/queue.o
 .text.xQueueGenericCreateStatic
                0x08004af4       0x94 build/queue.o
                0x08004af4                xQueueGenericCreateStatic
 .text.xQueueGenericSend
                0x08004b88      0x188 build/queue.o
                0x08004b88                xQueueGenericSend
 .text.xQueueGenericSendFromISR
                0x08004d10       0xce build/queue.o
                0x08004d10                xQueueGenericSendFromISR
 .text.xQueueReceive
                0x08004dde      0x15e build/queue.o
                0x08004dde                xQueueReceive
 .text.vQueueAddToRegistry
                0x08004f3c       0x28 build/queue.o
                0x08004f3c                vQueueAddToRegistry
 .text.vQueueWaitForMessageRestricted
                0x08004f64       0x52 build/queue.o
                0x08004f64                vQueueWaitForMessageRestricted
 *fill*         0x08004fb6        0x2 
 .text.prvResetNextTaskUnblockTime
                0x08004fb8       0x2c build/tasks.o
 .text.prvInitialiseNewTask
                0x08004fe4       0xa6 build/tasks.o
 *fill*         0x0800508a        0x2 
 .text.prvInitialiseTaskLists
                0x0800508c       0x68 build/tasks.o
 .text.prvAddNewTaskToReadyList
                0x080050f4       0xac build/tasks.o
 .text.prvDeleteTCB
                0x080051a0       0x38 build/tasks.o
 .text.prvCheckTasksWaitingTermination
                0x080051d8       0x4c build/tasks.o
 .text.prvIdleTask
                0x08005224       0x28 build/tasks.o
 .text.prvAddCurrentTaskToDelayedList
                0x0800524c       0x7c build/tasks.o
 .text.xTaskCreateStatic
                0x080052c8       0x76 build/tasks.o
                0x080052c8                xTaskCreateStatic
 .text.xTaskCreate
                0x0800533e       0x68 build/tasks.o
                0x0800533e                xTaskCreate
 *fill*         0x080053a6        0x2 
 .text.vTaskDelete
                0x080053a8       0xb8 build/tasks.o
                0x080053a8                vTaskDelete
 .text.eTaskGetState
                0x08005460       0x90 build/tasks.o
                0x08005460                eTaskGetState
 .text.vTaskStartScheduler
                0x080054f0       0x9c build/tasks.o
                0x080054f0                vTaskStartScheduler
 .text.vTaskSuspendAll
                0x0800558c       0x10 build/tasks.o
                0x0800558c                vTaskSuspendAll
 .text.xTaskGetTickCount
                0x0800559c        0xc build/tasks.o
                0x0800559c                xTaskGetTickCount
 .text.xTaskIncrementTick
                0x080055a8      0x118 build/tasks.o
                0x080055a8                xTaskIncrementTick
 .text.xTaskResumeAll
                0x080056c0       0xf8 build/tasks.o
                0x080056c0                xTaskResumeAll
 .text.vTaskDelay
                0x080057b8       0x4c build/tasks.o
                0x080057b8                vTaskDelay
 .text.vTaskSwitchContext
                0x08005804       0x94 build/tasks.o
                0x08005804                vTaskSwitchContext
 .text.vTaskPlaceOnEventList
                0x08005898       0x30 build/tasks.o
                0x08005898                vTaskPlaceOnEventList
 .text.vTaskPlaceOnEventListRestricted
                0x080058c8       0x38 build/tasks.o
                0x080058c8                vTaskPlaceOnEventListRestricted
 .text.xTaskRemoveFromEventList
                0x08005900       0x8c build/tasks.o
                0x08005900                xTaskRemoveFromEventList
 .text.vTaskInternalSetTimeOutState
                0x0800598c       0x18 build/tasks.o
                0x0800598c                vTaskInternalSetTimeOutState
 .text.xTaskCheckForTimeOut
                0x080059a4       0x84 build/tasks.o
                0x080059a4                xTaskCheckForTimeOut
 .text.vTaskMissedYield
                0x08005a28        0xc build/tasks.o
                0x08005a28                vTaskMissedYield
 .text.xTaskGetSchedulerState
                0x08005a34       0x20 build/tasks.o
                0x08005a34                xTaskGetSchedulerState
 .text.xTaskPriorityDisinherit
                0x08005a54       0x90 build/tasks.o
                0x08005a54                xTaskPriorityDisinherit
 .text.prvGetNextExpireTime
                0x08005ae4       0x20 build/timers.o
 .text.prvInsertTimerInActiveList
                0x08005b04       0x48 build/timers.o
 .text.prvCheckForValidListAndQueue
                0x08005b4c       0x70 build/timers.o
 .text.xTimerCreateTimerTask
                0x08005bbc       0x64 build/timers.o
                0x08005bbc                xTimerCreateTimerTask
 .text.xTimerGenericCommand
                0x08005c20       0x6c build/timers.o
                0x08005c20                xTimerGenericCommand
 .text.prvSwitchTimerLists
                0x08005c8c       0x7c build/timers.o
 .text.prvSampleTimeNow
                0x08005d08       0x2c build/timers.o
 .text.prvProcessExpiredTimer
                0x08005d34       0x6c build/timers.o
 .text.prvProcessTimerOrBlockTask
                0x08005da0       0x74 build/timers.o
 .text.prvProcessReceivedCommands
                0x08005e14      0x10c build/timers.o
 .text.prvTimerTask
                0x08005f20       0x16 build/timers.o
 *fill*         0x08005f36        0x2 
 .text.prvHeapInit
                0x08005f38       0x64 build/heap_4.o
 .text.prvInsertBlockIntoFreeList
                0x08005f9c       0x64 build/heap_4.o
 .text.pvPortMalloc
                0x08006000       0xfc build/heap_4.o
                0x08006000                pvPortMalloc
 .text.vPortFree
                0x080060fc       0x7c build/heap_4.o
                0x080060fc                vPortFree
 .text.prvTaskExitError
                0x08006178       0x40 build/port.o
 .text.prvPortStartFirstTask
                0x080061b8       0x28 build/port.o
 .text.vPortEnableVFP
                0x080061e0       0x14 build/port.o
 .text.pxPortInitialiseStack
                0x080061f4       0x2c build/port.o
                0x080061f4                pxPortInitialiseStack
 .text.SVC_Handler
                0x08006220       0x24 build/port.o
                0x08006220                SVC_Handler
 .text.vPortEnterCritical
                0x08006244       0x44 build/port.o
                0x08006244                vPortEnterCritical
 .text.vPortExitCritical
                0x08006288       0x2c build/port.o
                0x08006288                vPortExitCritical
 *fill*         0x080062b4        0xc 
 .text.PendSV_Handler
                0x080062c0       0x64 build/port.o
                0x080062c0                PendSV_Handler
 .text.xPortSysTickHandler
                0x08006324       0x2c build/port.o
                0x08006324                xPortSysTickHandler
 .text.vPortSetupTimerInterrupt
                0x08006350       0x28 build/port.o
                0x08006350                vPortSetupTimerInterrupt
 .text.xPortStartScheduler
                0x08006378      0x118 build/port.o
                0x08006378                xPortStartScheduler
 .text.vPortValidateInterruptPriority
                0x08006490       0x5c build/port.o
                0x08006490                vPortValidateInterruptPriority
 .text.SysTick_Handler
                0x080064ec       0x18 build/cmsis_os2.o
                0x080064ec                SysTick_Handler
 .text.osKernelInitialize
                0x08006504       0x24 build/cmsis_os2.o
                0x08006504                osKernelInitialize
 .text.osKernelStart
                0x08006528       0x38 build/cmsis_os2.o
                0x08006528                osKernelStart
 .text.osThreadNew
                0x08006560       0xbc build/cmsis_os2.o
                0x08006560                osThreadNew
 .text.osThreadTerminate
                0x0800661c       0x30 build/cmsis_os2.o
                0x0800661c                osThreadTerminate
 .text.vApplicationGetIdleTaskMemory
                0x0800664c       0x18 build/cmsis_os2.o
                0x0800664c                vApplicationGetIdleTaskMemory
 .text.vApplicationGetTimerTaskMemory
                0x08006664       0x18 build/cmsis_os2.o
                0x08006664                vApplicationGetTimerTaskMemory
 .text.Reset_Handler
                0x0800667c       0x50 build/startup_stm32f429xx.o
                0x0800667c                Reset_Handler
 .text.Default_Handler
                0x080066cc        0x2 build/startup_stm32f429xx.o
                0x080066cc                RTC_Alarm_IRQHandler
                0x080066cc                HASH_RNG_IRQHandler
                0x080066cc                EXTI2_IRQHandler
                0x080066cc                TIM8_CC_IRQHandler
                0x080066cc                UART8_IRQHandler
                0x080066cc                SPI4_IRQHandler
                0x080066cc                TIM1_CC_IRQHandler
                0x080066cc                DMA2_Stream5_IRQHandler
                0x080066cc                PVD_IRQHandler
                0x080066cc                SDIO_IRQHandler
                0x080066cc                TAMP_STAMP_IRQHandler
                0x080066cc                CAN2_RX1_IRQHandler
                0x080066cc                EXTI3_IRQHandler
                0x080066cc                TIM8_TRG_COM_TIM14_IRQHandler
                0x080066cc                TIM8_UP_TIM13_IRQHandler
                0x080066cc                I2C3_ER_IRQHandler
                0x080066cc                EXTI0_IRQHandler
                0x080066cc                I2C2_EV_IRQHandler
                0x080066cc                DMA1_Stream2_IRQHandler
                0x080066cc                CAN1_RX0_IRQHandler
                0x080066cc                FPU_IRQHandler
                0x080066cc                OTG_HS_WKUP_IRQHandler
                0x080066cc                LTDC_ER_IRQHandler
                0x080066cc                CAN2_SCE_IRQHandler
                0x080066cc                SPI1_IRQHandler
                0x080066cc                TIM6_DAC_IRQHandler
                0x080066cc                TIM1_BRK_TIM9_IRQHandler
                0x080066cc                DCMI_IRQHandler
                0x080066cc                CAN2_RX0_IRQHandler
                0x080066cc                DMA2_Stream3_IRQHandler
                0x080066cc                USART6_IRQHandler
                0x080066cc                USART3_IRQHandler
                0x080066cc                CAN1_RX1_IRQHandler
                0x080066cc                UART5_IRQHandler
                0x080066cc                DMA2_Stream0_IRQHandler
                0x080066cc                I2C1_EV_IRQHandler
                0x080066cc                DMA1_Stream6_IRQHandler
                0x080066cc                DMA1_Stream1_IRQHandler
                0x080066cc                UART4_IRQHandler
                0x080066cc                TIM3_IRQHandler
                0x080066cc                RCC_IRQHandler
                0x080066cc                TIM8_BRK_TIM12_IRQHandler
                0x080066cc                Default_Handler
                0x080066cc                EXTI15_10_IRQHandler
                0x080066cc                ADC_IRQHandler
                0x080066cc                DMA1_Stream7_IRQHandler
                0x080066cc                SPI5_IRQHandler
                0x080066cc                TIM7_IRQHandler
                0x080066cc                CAN2_TX_IRQHandler
                0x080066cc                I2C3_EV_IRQHandler
                0x080066cc                EXTI9_5_IRQHandler
                0x080066cc                RTC_WKUP_IRQHandler
                0x080066cc                LTDC_IRQHandler
                0x080066cc                ETH_WKUP_IRQHandler
                0x080066cc                SPI2_IRQHandler
                0x080066cc                OTG_HS_EP1_IN_IRQHandler
                0x080066cc                DMA1_Stream0_IRQHandler
                0x080066cc                CAN1_TX_IRQHandler
                0x080066cc                EXTI4_IRQHandler
                0x080066cc                ETH_IRQHandler
                0x080066cc                OTG_HS_EP1_OUT_IRQHandler
                0x080066cc                WWDG_IRQHandler
                0x080066cc                SPI6_IRQHandler
                0x080066cc                TIM2_IRQHandler
                0x080066cc                OTG_FS_WKUP_IRQHandler
                0x080066cc                TIM1_TRG_COM_TIM11_IRQHandler
                0x080066cc                OTG_HS_IRQHandler
                0x080066cc                DMA2D_IRQHandler
                0x080066cc                EXTI1_IRQHandler
                0x080066cc                UART7_IRQHandler
                0x080066cc                USART2_IRQHandler
                0x080066cc                I2C2_ER_IRQHandler
                0x080066cc                DMA2_Stream1_IRQHandler
                0x080066cc                CAN1_SCE_IRQHandler
                0x080066cc                FLASH_IRQHandler
                0x080066cc                DMA2_Stream4_IRQHandler
                0x080066cc                OTG_FS_IRQHandler
                0x080066cc                SPI3_IRQHandler
                0x080066cc                DMA1_Stream4_IRQHandler
                0x080066cc                I2C1_ER_IRQHandler
                0x080066cc                FMC_IRQHandler
                0x080066cc                DMA2_Stream6_IRQHandler
                0x080066cc                SAI1_IRQHandler
                0x080066cc                DMA1_Stream3_IRQHandler
 *fill*         0x080066ce        0x2 
 .text.__libc_init_array
                0x080066d0       0x48 d:/gcc-arm-none-eabi-10.3-2021.10/bin/../lib/gcc/arm-none-eabi/10.3.1/../../../../arm-none-eabi/lib/thumb/v7e-m+fp/hard\libc_nano.a(lib_a-init.o)
                0x080066d0                __libc_init_array
 .text.memcpy   0x08006718       0x1c d:/gcc-arm-none-eabi-10.3-2021.10/bin/../lib/gcc/arm-none-eabi/10.3.1/../../../../arm-none-eabi/lib/thumb/v7e-m+fp/hard\libc_nano.a(lib_a-memcpy-stub.o)
                0x08006718                memcpy
 .text.memset   0x08006734       0x10 d:/gcc-arm-none-eabi-10.3-2021.10/bin/../lib/gcc/arm-none-eabi/10.3.1/../../../../arm-none-eabi/lib/thumb/v7e-m+fp/hard\libc_nano.a(lib_a-memset.o)
                0x08006734                memset
 .text.sprintf  0x08006744       0x40 d:/gcc-arm-none-eabi-10.3-2021.10/bin/../lib/gcc/arm-none-eabi/10.3.1/../../../../arm-none-eabi/lib/thumb/v7e-m+fp/hard\libc_nano.a(lib_a-sprintf.o)
                0x08006744                siprintf
                0x08006744                sprintf
 .text.strcpy   0x08006784       0x10 d:/gcc-arm-none-eabi-10.3-2021.10/bin/../lib/gcc/arm-none-eabi/10.3.1/../../../../arm-none-eabi/lib/thumb/v7e-m+fp/hard\libc_nano.a(lib_a-strcpy.o)
                0x08006784                strcpy
 .text.__ssputs_r
                0x08006794       0xb6 d:/gcc-arm-none-eabi-10.3-2021.10/bin/../lib/gcc/arm-none-eabi/10.3.1/../../../../arm-none-eabi/lib/thumb/v7e-m+fp/hard\libc_nano.a(lib_a-nano-svfprintf.o)
                0x08006794                __ssputs_r
 *fill*         0x0800684a        0x2 
 .text._svfprintf_r
                0x0800684c      0x200 d:/gcc-arm-none-eabi-10.3-2021.10/bin/../lib/gcc/arm-none-eabi/10.3.1/../../../../arm-none-eabi/lib/thumb/v7e-m+fp/hard\libc_nano.a(lib_a-nano-svfprintf.o)
                0x0800684c                _svfiprintf_r
                0x0800684c                _svfprintf_r
 .text._printf_common
                0x08006a4c       0xda d:/gcc-arm-none-eabi-10.3-2021.10/bin/../lib/gcc/arm-none-eabi/10.3.1/../../../../arm-none-eabi/lib/thumb/v7e-m+fp/hard\libc_nano.a(lib_a-nano-vfprintf_i.o)
                0x08006a4c                _printf_common
 *fill*         0x08006b26        0x2 
 .text._printf_i
                0x08006b28      0x24c d:/gcc-arm-none-eabi-10.3-2021.10/bin/../lib/gcc/arm-none-eabi/10.3.1/../../../../arm-none-eabi/lib/thumb/v7e-m+fp/hard\libc_nano.a(lib_a-nano-vfprintf_i.o)
                0x08006b28                _printf_i
 .text.memmove  0x08006d74       0x34 d:/gcc-arm-none-eabi-10.3-2021.10/bin/../lib/gcc/arm-none-eabi/10.3.1/../../../../arm-none-eabi/lib/thumb/v7e-m+fp/hard\libc_nano.a(lib_a-memmove.o)
                0x08006d74                memmove
 .text._free_r  0x08006da8       0x98 d:/gcc-arm-none-eabi-10.3-2021.10/bin/../lib/gcc/arm-none-eabi/10.3.1/../../../../arm-none-eabi/lib/thumb/v7e-m+fp/hard\libc_nano.a(lib_a-nano-freer.o)
                0x08006da8                _free_r
 .text.sbrk_aligned
                0x08006e40       0x40 d:/gcc-arm-none-eabi-10.3-2021.10/bin/../lib/gcc/arm-none-eabi/10.3.1/../../../../arm-none-eabi/lib/thumb/v7e-m+fp/hard\libc_nano.a(lib_a-nano-mallocr.o)
 .text._malloc_r
                0x08006e80       0xe8 d:/gcc-arm-none-eabi-10.3-2021.10/bin/../lib/gcc/arm-none-eabi/10.3.1/../../../../arm-none-eabi/lib/thumb/v7e-m+fp/hard\libc_nano.a(lib_a-nano-mallocr.o)
                0x08006e80                _malloc_r
 .text._realloc_r
                0x08006f68       0x5e d:/gcc-arm-none-eabi-10.3-2021.10/bin/../lib/gcc/arm-none-eabi/10.3.1/../../../../arm-none-eabi/lib/thumb/v7e-m+fp/hard\libc_nano.a(lib_a-nano-reallocr.o)
                0x08006f68                _realloc_r
 *fill*         0x08006fc6        0x2 
 .text._sbrk_r  0x08006fc8       0x20 d:/gcc-arm-none-eabi-10.3-2021.10/bin/../lib/gcc/arm-none-eabi/10.3.1/../../../../arm-none-eabi/lib/thumb/v7e-m+fp/hard\libc_nano.a(lib_a-sbrkr.o)
                0x08006fc8                _sbrk_r
 .text.__malloc_lock
                0x08006fe8        0xc d:/gcc-arm-none-eabi-10.3-2021.10/bin/../lib/gcc/arm-none-eabi/10.3.1/../../../../arm-none-eabi/lib/thumb/v7e-m+fp/hard\libc_nano.a(lib_a-mlock.o)
                0x08006fe8                __malloc_lock
 .text.__malloc_unlock
                0x08006ff4        0xc d:/gcc-arm-none-eabi-10.3-2021.10/bin/../lib/gcc/arm-none-eabi/10.3.1/../../../../arm-none-eabi/lib/thumb/v7e-m+fp/hard\libc_nano.a(lib_a-mlock.o)
                0x08006ff4                __malloc_unlock
 .text._malloc_usable_size_r
                0x08007000       0x10 d:/gcc-arm-none-eabi-10.3-2021.10/bin/../lib/gcc/arm-none-eabi/10.3.1/../../../../arm-none-eabi/lib/thumb/v7e-m+fp/hard\libc_nano.a(lib_a-nano-msizer.o)
                0x08007000                _malloc_usable_size_r
 .text.__retarget_lock_acquire_recursive
                0x08007010        0x2 d:/gcc-arm-none-eabi-10.3-2021.10/bin/../lib/gcc/arm-none-eabi/10.3.1/../../../../arm-none-eabi/lib/thumb/v7e-m+fp/hard\libc_nano.a(lib_a-lock.o)
                0x08007010                __retarget_lock_acquire_recursive
 .text.__retarget_lock_release_recursive
                0x08007012        0x2 d:/gcc-arm-none-eabi-10.3-2021.10/bin/../lib/gcc/arm-none-eabi/10.3.1/../../../../arm-none-eabi/lib/thumb/v7e-m+fp/hard\libc_nano.a(lib_a-lock.o)
                0x08007012                __retarget_lock_release_recursive
 *fill*         0x08007014        0x4 
 .text.cos      0x08007018       0x90 d:/gcc-arm-none-eabi-10.3-2021.10/bin/../lib/gcc/arm-none-eabi/10.3.1/../../../../arm-none-eabi/lib/thumb/v7e-m+fp/hard\libm.a(lib_a-s_cos.o)
                0x08007018                cos
 .text.round    0x080070a8       0xa0 d:/gcc-arm-none-eabi-10.3-2021.10/bin/../lib/gcc/arm-none-eabi/10.3.1/../../../../arm-none-eabi/lib/thumb/v7e-m+fp/hard\libm.a(lib_a-s_round.o)
                0x080070a8                round
 .text.sin      0x08007148       0x90 d:/gcc-arm-none-eabi-10.3-2021.10/bin/../lib/gcc/arm-none-eabi/10.3.1/../../../../arm-none-eabi/lib/thumb/v7e-m+fp/hard\libm.a(lib_a-s_sin.o)
                0x08007148                sin
 .text.fmod     0x080071d8       0x6c d:/gcc-arm-none-eabi-10.3-2021.10/bin/../lib/gcc/arm-none-eabi/10.3.1/../../../../arm-none-eabi/lib/thumb/v7e-m+fp/hard\libm.a(lib_a-w_fmod.o)
                0x080071d8                fmod
 .text.__ieee754_fmod
                0x08007244      0x27c d:/gcc-arm-none-eabi-10.3-2021.10/bin/../lib/gcc/arm-none-eabi/10.3.1/../../../../arm-none-eabi/lib/thumb/v7e-m+fp/hard\libm.a(lib_a-e_fmod.o)
                0x08007244                __ieee754_fmod
 .text.__ieee754_rem_pio2
                0x080074c0      0x44c d:/gcc-arm-none-eabi-10.3-2021.10/bin/../lib/gcc/arm-none-eabi/10.3.1/../../../../arm-none-eabi/lib/thumb/v7e-m+fp/hard\libm.a(lib_a-e_rem_pio2.o)
                0x080074c0                __ieee754_rem_pio2
 *fill*         0x0800790c        0x4 
 .text.__kernel_cos
                0x08007910      0x27c d:/gcc-arm-none-eabi-10.3-2021.10/bin/../lib/gcc/arm-none-eabi/10.3.1/../../../../arm-none-eabi/lib/thumb/v7e-m+fp/hard\libm.a(lib_a-k_cos.o)
                0x08007910                __kernel_cos
 *fill*         0x08007b8c        0x4 
 .text.__kernel_rem_pio2
                0x08007b90      0x850 d:/gcc-arm-none-eabi-10.3-2021.10/bin/../lib/gcc/arm-none-eabi/10.3.1/../../../../arm-none-eabi/lib/thumb/v7e-m+fp/hard\libm.a(lib_a-k_rem_pio2.o)
                0x08007b90                __kernel_rem_pio2
 .text.__kernel_sin
                0x080083e0      0x17c d:/gcc-arm-none-eabi-10.3-2021.10/bin/../lib/gcc/arm-none-eabi/10.3.1/../../../../arm-none-eabi/lib/thumb/v7e-m+fp/hard\libm.a(lib_a-k_sin.o)
                0x080083e0                __kernel_sin
 .text.fabs     0x0800855c       0x14 d:/gcc-arm-none-eabi-10.3-2021.10/bin/../lib/gcc/arm-none-eabi/10.3.1/../../../../arm-none-eabi/lib/thumb/v7e-m+fp/hard\libm.a(lib_a-s_fabs.o)
                0x0800855c                fabs
 .text.floor    0x08008570      0x108 d:/gcc-arm-none-eabi-10.3-2021.10/bin/../lib/gcc/arm-none-eabi/10.3.1/../../../../arm-none-eabi/lib/thumb/v7e-m+fp/hard\libm.a(lib_a-s_floor.o)
                0x08008570                floor
 .text.scalbn   0x08008678      0x124 d:/gcc-arm-none-eabi-10.3-2021.10/bin/../lib/gcc/arm-none-eabi/10.3.1/../../../../arm-none-eabi/lib/thumb/v7e-m+fp/hard\libm.a(lib_a-s_scalbn.o)
                0x08008678                scalbn
 .text._sbrk    0x0800879c       0x1c d:/gcc-arm-none-eabi-10.3-2021.10/bin/../lib/gcc/arm-none-eabi/10.3.1/../../../../arm-none-eabi/lib/thumb/v7e-m+fp/hard\libnosys.a(sbrk.o)
                0x0800879c                _sbrk
 .text.__errno  0x080087b8        0xc d:/gcc-arm-none-eabi-10.3-2021.10/bin/../lib/gcc/arm-none-eabi/10.3.1/../../../../arm-none-eabi/lib/thumb/v7e-m+fp/hard\libc_nano.a(lib_a-errno.o)
                0x080087b8                __errno
 *(.glue_7)
 .glue_7        0x080087c4        0x0 linker stubs
 *(.glue_7t)
 .glue_7t       0x080087c4        0x0 linker stubs
 *(.eh_frame)
 .eh_frame      0x080087c4        0x0 d:/gcc-arm-none-eabi-10.3-2021.10/bin/../lib/gcc/arm-none-eabi/10.3.1/thumb/v7e-m+fp/hard/crtbegin.o
 *(.init)
 .init          0x080087c4        0x4 d:/gcc-arm-none-eabi-10.3-2021.10/bin/../lib/gcc/arm-none-eabi/10.3.1/thumb/v7e-m+fp/hard/crti.o
                0x080087c4                _init
 .init          0x080087c8        0x8 d:/gcc-arm-none-eabi-10.3-2021.10/bin/../lib/gcc/arm-none-eabi/10.3.1/thumb/v7e-m+fp/hard/crtn.o
 *(.fini)
 .fini          0x080087d0        0x4 d:/gcc-arm-none-eabi-10.3-2021.10/bin/../lib/gcc/arm-none-eabi/10.3.1/thumb/v7e-m+fp/hard/crti.o
                0x080087d0                _fini
 .fini          0x080087d4        0x8 d:/gcc-arm-none-eabi-10.3-2021.10/bin/../lib/gcc/arm-none-eabi/10.3.1/thumb/v7e-m+fp/hard/crtn.o
                0x080087dc                . = ALIGN (0x4)
                0x080087dc                _etext = .

.vfp11_veneer   0x080087dc        0x0
 .vfp11_veneer  0x080087dc        0x0 linker stubs

.v4_bx          0x080087dc        0x0
 .v4_bx         0x080087dc        0x0 linker stubs

.iplt           0x080087dc        0x0
 .iplt          0x080087dc        0x0 d:/gcc-arm-none-eabi-10.3-2021.10/bin/../lib/gcc/arm-none-eabi/10.3.1/thumb/v7e-m+fp/hard/crtbegin.o

.rodata         0x080087e0     0x14c8
                0x080087e0                . = ALIGN (0x4)
 *(.rodata)
 *(.rodata*)
 .rodata.flagBitshiftOffset.0
                0x080087e0        0x8 build/stm32f4xx_hal_dma.o
 .rodata.AHBPrescTable
                0x080087e8       0x10 build/system_stm32f4xx.o
                0x080087e8                AHBPrescTable
 .rodata.APBPrescTable
                0x080087f8        0x8 build/system_stm32f4xx.o
                0x080087f8                APBPrescTable
 .rodata.LCD_DisplayNumber.str1.4
                0x08008800        0xc build/spi.o
 .rodata.LCD_DisplayDecimals.str1.4
                0x0800880c       0x19 build/spi.o
 *fill*         0x08008825        0x3 
 .rodata.ASCII_2412_Table
                0x08008828     0x11d0 build/lcd_fonts.o
                0x08008828                ASCII_2412_Table
 .rodata.StartTask.str1.4
                0x080099f8       0x16 build/freertos.o
 *fill*         0x08009a0e        0x2 
 .rodata.LCD_Test_Variable.str1.4
                0x08009a10       0x30 build/freertos.o
 .rodata.str1.4
                0x08009a40        0xa build/freertos.o
 *fill*         0x08009a4a        0x2 
 .rodata.startTask_attributes
                0x08009a4c       0x24 build/freertos.o
                0x08009a4c                startTask_attributes
 .rodata.vTaskStartScheduler.str1.4
                0x08009a70        0x5 build/tasks.o
 *fill*         0x08009a75        0x3 
 .rodata.prvCheckForValidListAndQueue.str1.4
                0x08009a78        0x5 build/timers.o
 *fill*         0x08009a7d        0x3 
 .rodata.xTimerCreateTimerTask.str1.4
                0x08009a80        0x8 build/timers.o
 .rodata._svfprintf_r.str1.1
                0x08009a88       0x11 d:/gcc-arm-none-eabi-10.3-2021.10/bin/../lib/gcc/arm-none-eabi/10.3.1/../../../../arm-none-eabi/lib/thumb/v7e-m+fp/hard\libc_nano.a(lib_a-nano-svfprintf.o)
 .rodata._printf_i.str1.1
                0x08009a99       0x22 d:/gcc-arm-none-eabi-10.3-2021.10/bin/../lib/gcc/arm-none-eabi/10.3.1/../../../../arm-none-eabi/lib/thumb/v7e-m+fp/hard\libc_nano.a(lib_a-nano-vfprintf_i.o)
 *fill*         0x08009abb        0x5 
 .rodata.Zero   0x08009ac0       0x10 d:/gcc-arm-none-eabi-10.3-2021.10/bin/../lib/gcc/arm-none-eabi/10.3.1/../../../../arm-none-eabi/lib/thumb/v7e-m+fp/hard\libm.a(lib_a-e_fmod.o)
 .rodata.npio2_hw
                0x08009ad0       0x80 d:/gcc-arm-none-eabi-10.3-2021.10/bin/../lib/gcc/arm-none-eabi/10.3.1/../../../../arm-none-eabi/lib/thumb/v7e-m+fp/hard\libm.a(lib_a-e_rem_pio2.o)
 .rodata.two_over_pi
                0x08009b50      0x108 d:/gcc-arm-none-eabi-10.3-2021.10/bin/../lib/gcc/arm-none-eabi/10.3.1/../../../../arm-none-eabi/lib/thumb/v7e-m+fp/hard\libm.a(lib_a-e_rem_pio2.o)
 .rodata.PIo2   0x08009c58       0x40 d:/gcc-arm-none-eabi-10.3-2021.10/bin/../lib/gcc/arm-none-eabi/10.3.1/../../../../arm-none-eabi/lib/thumb/v7e-m+fp/hard\libm.a(lib_a-k_rem_pio2.o)
 .rodata.init_jk
                0x08009c98       0x10 d:/gcc-arm-none-eabi-10.3-2021.10/bin/../lib/gcc/arm-none-eabi/10.3.1/../../../../arm-none-eabi/lib/thumb/v7e-m+fp/hard\libm.a(lib_a-k_rem_pio2.o)
                0x08009ca8                . = ALIGN (0x4)

.ARM.extab
 *(.ARM.extab* .gnu.linkonce.armextab.*)

.ARM            0x08009ca8        0x8
                0x08009ca8                __exidx_start = .
 *(.ARM.exidx*)
 .ARM.exidx     0x08009ca8        0x8 d:/gcc-arm-none-eabi-10.3-2021.10/bin/../lib/gcc/arm-none-eabi/10.3.1/thumb/v7e-m+fp/hard\libgcc.a(_udivmoddi4.o)
                0x08009cb0                __exidx_end = .

.rel.dyn        0x08009cb0        0x0
 .rel.iplt      0x08009cb0        0x0 d:/gcc-arm-none-eabi-10.3-2021.10/bin/../lib/gcc/arm-none-eabi/10.3.1/thumb/v7e-m+fp/hard/crtbegin.o

.preinit_array  0x08009cb0        0x0
                0x08009cb0                PROVIDE (__preinit_array_start = .)
 *(.preinit_array*)
                0x08009cb0                PROVIDE (__preinit_array_end = .)

.init_array     0x08009cb0        0x4
                0x08009cb0                PROVIDE (__init_array_start = .)
 *(SORT_BY_NAME(.init_array.*))
 *(.init_array*)
 .init_array    0x08009cb0        0x4 d:/gcc-arm-none-eabi-10.3-2021.10/bin/../lib/gcc/arm-none-eabi/10.3.1/thumb/v7e-m+fp/hard/crtbegin.o
                0x08009cb4                PROVIDE (__init_array_end = .)

.fini_array     0x08009cb4        0x4
                [!provide]                PROVIDE (__fini_array_start = .)
 *(SORT_BY_NAME(.fini_array.*))
 *(.fini_array*)
 .fini_array    0x08009cb4        0x4 d:/gcc-arm-none-eabi-10.3-2021.10/bin/../lib/gcc/arm-none-eabi/10.3.1/thumb/v7e-m+fp/hard/crtbegin.o
                [!provide]                PROVIDE (__fini_array_end = .)
                0x08009cb8                _sidata = LOADADDR (.data)

.data           0x20000000       0x84 load address 0x08009cb8
                0x20000000                . = ALIGN (0x4)
                0x20000000                _sdata = .
 *(.data)
 *(.data*)
 .data.voltage_power_supply
                0x20000000        0x4 build/motor.o
                0x20000000                voltage_power_supply
 .data.uwTickFreq
                0x20000004        0x1 build/stm32f4xx_hal.o
                0x20000004                uwTickFreq
 *fill*         0x20000005        0x3 
 .data.uwTickPrio
                0x20000008        0x4 build/stm32f4xx_hal.o
                0x20000008                uwTickPrio
 .data.SystemCoreClock
                0x2000000c        0x4 build/system_stm32f4xx.o
                0x2000000c                SystemCoreClock
 .data.ASCII_Font24
                0x20000010        0xc build/lcd_fonts.o
                0x20000010                ASCII_Font24
 .data.uxCriticalNesting
                0x2000001c        0x4 build/port.o
 .data._impure_ptr
                0x20000020        0x4 d:/gcc-arm-none-eabi-10.3-2021.10/bin/../lib/gcc/arm-none-eabi/10.3.1/../../../../arm-none-eabi/lib/thumb/v7e-m+fp/hard\libc_nano.a(lib_a-impure.o)
                0x20000020                _impure_ptr
 .data.impure_data
                0x20000024       0x60 d:/gcc-arm-none-eabi-10.3-2021.10/bin/../lib/gcc/arm-none-eabi/10.3.1/../../../../arm-none-eabi/lib/thumb/v7e-m+fp/hard\libc_nano.a(lib_a-impure.o)
                0x20000084                . = ALIGN (0x4)
                0x20000084                _edata = .
                0x08009d3c                _siccmram = LOADADDR (.ccmram)

.igot.plt       0x20000084        0x0 load address 0x08009d3c
 .igot.plt      0x20000084        0x0 d:/gcc-arm-none-eabi-10.3-2021.10/bin/../lib/gcc/arm-none-eabi/10.3.1/thumb/v7e-m+fp/hard/crtbegin.o

.ccmram         0x10000000        0x0 load address 0x08009d3c
                0x10000000                . = ALIGN (0x4)
                0x10000000                _sccmram = .
 *(.ccmram)
 *(.ccmram*)
                0x10000000                . = ALIGN (0x4)
                0x10000000                _eccmram = .
                0x10000000                . = ALIGN (0x4)

.bss            0x20000084     0x546c
                0x20000084                _sbss = .
                0x20000084                __bss_start__ = _sbss
 *(.bss)
 .bss           0x20000084       0x1c d:/gcc-arm-none-eabi-10.3-2021.10/bin/../lib/gcc/arm-none-eabi/10.3.1/thumb/v7e-m+fp/hard/crtbegin.o
 *(.bss*)
 .bss.htim4     0x200000a0       0x48 build/tim.o
                0x200000a0                htim4
 .bss.htim5     0x200000e8       0x48 build/tim.o
                0x200000e8                htim5
 .bss.Ua        0x20000130        0x4 build/motor.o
                0x20000130                Ua
 .bss.Ualpha    0x20000134        0x4 build/motor.o
                0x20000134                Ualpha
 .bss.Ub        0x20000138        0x4 build/motor.o
                0x20000138                Ub
 .bss.Ubeta     0x2000013c        0x4 build/motor.o
                0x2000013c                Ubeta
 .bss.Uc        0x20000140        0x4 build/motor.o
                0x20000140                Uc
 .bss.dc_a      0x20000144        0x4 build/motor.o
                0x20000144                dc_a
 .bss.dc_b      0x20000148        0x4 build/motor.o
                0x20000148                dc_b
 .bss.dc_c      0x2000014c        0x4 build/motor.o
                0x2000014c                dc_c
 .bss.open_loop_timestamp
                0x20000150        0x4 build/motor.o
                0x20000150                open_loop_timestamp
 .bss.shaft_angle
                0x20000154        0x4 build/motor.o
                0x20000154                shaft_angle
 .bss.zero_electric_angle
                0x20000158        0x4 build/motor.o
                0x20000158                zero_electric_angle
 .bss.hdma_usart1_rx
                0x2000015c       0x60 build/usart.o
                0x2000015c                hdma_usart1_rx
 .bss.hdma_usart1_tx
                0x200001bc       0x60 build/usart.o
                0x200001bc                hdma_usart1_tx
 .bss.huart1    0x2000021c       0x48 build/usart.o
                0x2000021c                huart1
 .bss.micros_counter
                0x20000264        0x4 build/stm32f4xx_it.o
                0x20000264                micros_counter
 .bss.uwTick    0x20000268        0x4 build/stm32f4xx_hal.o
                0x20000268                uwTick
 .bss.LCD       0x2000026c        0xc build/spi.o
                0x2000026c                LCD
 .bss.LCD_AsciiFonts
                0x20000278        0x4 build/spi.o
 .bss.LCD_Buff  0x2000027c      0x800 build/spi.o
                0x2000027c                LCD_Buff
 .bss.hdma_spi3_tx
                0x20000a7c       0x60 build/spi.o
                0x20000a7c                hdma_spi3_tx
 .bss.hspi3     0x20000adc       0x58 build/spi.o
                0x20000adc                hspi3
 .bss.sendFlg   0x20000b34        0x1 build/spi.o
                0x20000b34                sendFlg
 *fill*         0x20000b35        0x3 
 .bss.htim1     0x20000b38       0x48 build/stm32f4xx_hal_timebase_tim.o
                0x20000b38                htim1
 .bss.LCDViewTask_Handler
                0x20000b80        0x4 build/freertos.o
                0x20000b80                LCDViewTask_Handler
 .bss.MotorTask_Handler
                0x20000b84        0x4 build/freertos.o
                0x20000b84                MotorTask_Handler
 .bss.startTaskHandle
                0x20000b88        0x4 build/freertos.o
                0x20000b88                startTaskHandle
 .bss.xQueueRegistry
                0x20000b8c       0x40 build/queue.o
                0x20000b8c                xQueueRegistry
 .bss.pxCurrentTCB
                0x20000bcc        0x4 build/tasks.o
                0x20000bcc                pxCurrentTCB
 .bss.pxDelayedTaskList
                0x20000bd0        0x4 build/tasks.o
 .bss.pxOverflowDelayedTaskList
                0x20000bd4        0x4 build/tasks.o
 .bss.pxReadyTasksLists
                0x20000bd8      0x460 build/tasks.o
 .bss.uxCurrentNumberOfTasks
                0x20001038        0x4 build/tasks.o
 .bss.uxDeletedTasksWaitingCleanUp
                0x2000103c        0x4 build/tasks.o
 .bss.uxSchedulerSuspended
                0x20001040        0x4 build/tasks.o
 .bss.uxTaskNumber
                0x20001044        0x4 build/tasks.o
 .bss.uxTopReadyPriority
                0x20001048        0x4 build/tasks.o
 .bss.xDelayedTaskList1
                0x2000104c       0x14 build/tasks.o
 .bss.xDelayedTaskList2
                0x20001060       0x14 build/tasks.o
 .bss.xIdleTaskHandle
                0x20001074        0x4 build/tasks.o
 .bss.xNextTaskUnblockTime
                0x20001078        0x4 build/tasks.o
 .bss.xNumOfOverflows
                0x2000107c        0x4 build/tasks.o
 .bss.xPendedTicks
                0x20001080        0x4 build/tasks.o
 .bss.xPendingReadyList
                0x20001084       0x14 build/tasks.o
 .bss.xSchedulerRunning
                0x20001098        0x4 build/tasks.o
 .bss.xSuspendedTaskList
                0x2000109c       0x14 build/tasks.o
 .bss.xTasksWaitingTermination
                0x200010b0       0x14 build/tasks.o
 .bss.xTickCount
                0x200010c4        0x4 build/tasks.o
 .bss.xYieldPending
                0x200010c8        0x4 build/tasks.o
 .bss.pxCurrentTimerList
                0x200010cc        0x4 build/timers.o
 .bss.pxOverflowTimerList
                0x200010d0        0x4 build/timers.o
 .bss.ucStaticTimerQueueStorage.1
                0x200010d4       0xa0 build/timers.o
 .bss.xActiveTimerList1
                0x20001174       0x14 build/timers.o
 .bss.xActiveTimerList2
                0x20001188       0x14 build/timers.o
 .bss.xLastTime.2
                0x2000119c        0x4 build/timers.o
 .bss.xStaticTimerQueue.0
                0x200011a0       0x50 build/timers.o
 .bss.xTimerQueue
                0x200011f0        0x4 build/timers.o
 .bss.xTimerTaskHandle
                0x200011f4        0x4 build/timers.o
 .bss.pxEnd     0x200011f8        0x4 build/heap_4.o
 .bss.ucHeap    0x200011fc     0x3c00 build/heap_4.o
 .bss.xBlockAllocatedBit
                0x20004dfc        0x4 build/heap_4.o
 .bss.xFreeBytesRemaining
                0x20004e00        0x4 build/heap_4.o
 .bss.xMinimumEverFreeBytesRemaining
                0x20004e04        0x4 build/heap_4.o
 .bss.xNumberOfSuccessfulAllocations
                0x20004e08        0x4 build/heap_4.o
 .bss.xNumberOfSuccessfulFrees
                0x20004e0c        0x4 build/heap_4.o
 .bss.xStart    0x20004e10        0x8 build/heap_4.o
 .bss.ucMaxSysCallPriority
                0x20004e18        0x1 build/port.o
 *fill*         0x20004e19        0x3 
 .bss.ulMaxPRIGROUPValue
                0x20004e1c        0x4 build/port.o
 .bss.Idle_Stack.2
                0x20004e20      0x200 build/cmsis_os2.o
 .bss.Idle_TCB.3
                0x20005020       0x5c build/cmsis_os2.o
 .bss.KernelState
                0x2000507c        0x4 build/cmsis_os2.o
 .bss.Timer_Stack.0
                0x20005080      0x400 build/cmsis_os2.o
 .bss.Timer_TCB.1
                0x20005480       0x5c build/cmsis_os2.o
 .bss.__malloc_free_list
                0x200054dc        0x4 d:/gcc-arm-none-eabi-10.3-2021.10/bin/../lib/gcc/arm-none-eabi/10.3.1/../../../../arm-none-eabi/lib/thumb/v7e-m+fp/hard\libc_nano.a(lib_a-nano-mallocr.o)
                0x200054dc                __malloc_free_list
 .bss.__malloc_sbrk_start
                0x200054e0        0x4 d:/gcc-arm-none-eabi-10.3-2021.10/bin/../lib/gcc/arm-none-eabi/10.3.1/../../../../arm-none-eabi/lib/thumb/v7e-m+fp/hard\libc_nano.a(lib_a-nano-mallocr.o)
                0x200054e0                __malloc_sbrk_start
 .bss.errno     0x200054e4        0x4 d:/gcc-arm-none-eabi-10.3-2021.10/bin/../lib/gcc/arm-none-eabi/10.3.1/../../../../arm-none-eabi/lib/thumb/v7e-m+fp/hard\libc_nano.a(lib_a-reent.o)
                0x200054e4                errno
 .bss.__lock___malloc_recursive_mutex
                0x200054e8        0x1 d:/gcc-arm-none-eabi-10.3-2021.10/bin/../lib/gcc/arm-none-eabi/10.3.1/../../../../arm-none-eabi/lib/thumb/v7e-m+fp/hard\libc_nano.a(lib_a-lock.o)
                0x200054e8                __lock___malloc_recursive_mutex
 *fill*         0x200054e9        0x3 
 .bss.heap_end.0
                0x200054ec        0x4 d:/gcc-arm-none-eabi-10.3-2021.10/bin/../lib/gcc/arm-none-eabi/10.3.1/../../../../arm-none-eabi/lib/thumb/v7e-m+fp/hard\libnosys.a(sbrk.o)
 *(COMMON)
                0x200054f0                . = ALIGN (0x4)
                0x200054f0                _ebss = .
                0x200054f0                __bss_end__ = _ebss

._user_heap_stack
                0x200054f0      0x600
                0x200054f0                . = ALIGN (0x8)
                0x200054f0                PROVIDE (end = .)
                [!provide]                PROVIDE (_end = .)
                0x200056f0                . = (. + _Min_Heap_Size)
 *fill*         0x200054f0      0x200 
                0x20005af0                . = (. + _Min_Stack_Size)
 *fill*         0x200056f0      0x400 
                0x20005af0                . = ALIGN (0x8)

/DISCARD/
 libc.a(*)
 libm.a(*)
 libgcc.a(*)

.ARM.attributes
                0x00000000       0x30
 *(.ARM.attributes)
 .ARM.attributes
                0x00000000       0x1e d:/gcc-arm-none-eabi-10.3-2021.10/bin/../lib/gcc/arm-none-eabi/10.3.1/thumb/v7e-m+fp/hard/crti.o
 .ARM.attributes
                0x0000001e       0x34 d:/gcc-arm-none-eabi-10.3-2021.10/bin/../lib/gcc/arm-none-eabi/10.3.1/thumb/v7e-m+fp/hard/crtbegin.o
 .ARM.attributes
                0x00000052       0x34 build/main.o
 .ARM.attributes
                0x00000086       0x34 build/gpio.o
 .ARM.attributes
                0x000000ba       0x34 build/dma.o
 .ARM.attributes
                0x000000ee       0x34 build/tim.o
 .ARM.attributes
                0x00000122       0x34 build/motor.o
 .ARM.attributes
                0x00000156       0x34 build/usart.o
 .ARM.attributes
                0x0000018a       0x34 build/stm32f4xx_it.o
 .ARM.attributes
                0x000001be       0x34 build/stm32f4xx_hal_msp.o
 .ARM.attributes
                0x000001f2       0x34 build/stm32f4xx_hal_tim.o
 .ARM.attributes
                0x00000226       0x34 build/stm32f4xx_hal_tim_ex.o
 .ARM.attributes
                0x0000025a       0x34 build/stm32f4xx_hal_rcc.o
 .ARM.attributes
                0x0000028e       0x34 build/stm32f4xx_hal_gpio.o
 .ARM.attributes
                0x000002c2       0x34 build/stm32f4xx_hal_dma.o
 .ARM.attributes
                0x000002f6       0x34 build/stm32f4xx_hal_pwr_ex.o
 .ARM.attributes
                0x0000032a       0x34 build/stm32f4xx_hal_cortex.o
 .ARM.attributes
                0x0000035e       0x34 build/stm32f4xx_hal.o
 .ARM.attributes
                0x00000392       0x34 build/stm32f4xx_hal_uart.o
 .ARM.attributes
                0x000003c6       0x34 build/system_stm32f4xx.o
 .ARM.attributes
                0x000003fa       0x34 build/spi.o
 .ARM.attributes
                0x0000042e       0x34 build/lcd_fonts.o
 .ARM.attributes
                0x00000462       0x34 build/stm32f4xx_hal_spi.o
 .ARM.attributes
                0x00000496       0x34 build/stm32f4xx_hal_timebase_tim.o
 .ARM.attributes
                0x000004ca       0x34 build/freertos.o
 .ARM.attributes
                0x000004fe       0x34 build/list.o
 .ARM.attributes
                0x00000532       0x34 build/queue.o
 .ARM.attributes
                0x00000566       0x34 build/tasks.o
 .ARM.attributes
                0x0000059a       0x34 build/timers.o
 .ARM.attributes
                0x000005ce       0x34 build/heap_4.o
 .ARM.attributes
                0x00000602       0x34 build/port.o
 .ARM.attributes
                0x00000636       0x34 build/cmsis_os2.o
 .ARM.attributes
                0x0000066a       0x21 build/startup_stm32f429xx.o
 .ARM.attributes
                0x0000068b       0x34 d:/gcc-arm-none-eabi-10.3-2021.10/bin/../lib/gcc/arm-none-eabi/10.3.1/../../../../arm-none-eabi/lib/thumb/v7e-m+fp/hard\libc_nano.a(lib_a-impure.o)
 .ARM.attributes
                0x000006bf       0x34 d:/gcc-arm-none-eabi-10.3-2021.10/bin/../lib/gcc/arm-none-eabi/10.3.1/../../../../arm-none-eabi/lib/thumb/v7e-m+fp/hard\libc_nano.a(lib_a-init.o)
 .ARM.attributes
                0x000006f3       0x34 d:/gcc-arm-none-eabi-10.3-2021.10/bin/../lib/gcc/arm-none-eabi/10.3.1/../../../../arm-none-eabi/lib/thumb/v7e-m+fp/hard\libc_nano.a(lib_a-memcpy-stub.o)
 .ARM.attributes
                0x00000727       0x34 d:/gcc-arm-none-eabi-10.3-2021.10/bin/../lib/gcc/arm-none-eabi/10.3.1/../../../../arm-none-eabi/lib/thumb/v7e-m+fp/hard\libc_nano.a(lib_a-memset.o)
 .ARM.attributes
                0x0000075b       0x34 d:/gcc-arm-none-eabi-10.3-2021.10/bin/../lib/gcc/arm-none-eabi/10.3.1/../../../../arm-none-eabi/lib/thumb/v7e-m+fp/hard\libc_nano.a(lib_a-sprintf.o)
 .ARM.attributes
                0x0000078f       0x34 d:/gcc-arm-none-eabi-10.3-2021.10/bin/../lib/gcc/arm-none-eabi/10.3.1/../../../../arm-none-eabi/lib/thumb/v7e-m+fp/hard\libc_nano.a(lib_a-strcpy.o)
 .ARM.attributes
                0x000007c3       0x17 d:/gcc-arm-none-eabi-10.3-2021.10/bin/../lib/gcc/arm-none-eabi/10.3.1/../../../../arm-none-eabi/lib/thumb/v7e-m+fp/hard\libc_nano.a(lib_a-strlen.o)
 .ARM.attributes
                0x000007da       0x34 d:/gcc-arm-none-eabi-10.3-2021.10/bin/../lib/gcc/arm-none-eabi/10.3.1/../../../../arm-none-eabi/lib/thumb/v7e-m+fp/hard\libc_nano.a(lib_a-nano-svfprintf.o)
 .ARM.attributes
                0x0000080e       0x34 d:/gcc-arm-none-eabi-10.3-2021.10/bin/../lib/gcc/arm-none-eabi/10.3.1/../../../../arm-none-eabi/lib/thumb/v7e-m+fp/hard\libc_nano.a(lib_a-nano-vfprintf_i.o)
 .ARM.attributes
                0x00000842       0x1c d:/gcc-arm-none-eabi-10.3-2021.10/bin/../lib/gcc/arm-none-eabi/10.3.1/../../../../arm-none-eabi/lib/thumb/v7e-m+fp/hard\libc_nano.a(lib_a-memchr.o)
 .ARM.attributes
                0x0000085e       0x34 d:/gcc-arm-none-eabi-10.3-2021.10/bin/../lib/gcc/arm-none-eabi/10.3.1/../../../../arm-none-eabi/lib/thumb/v7e-m+fp/hard\libc_nano.a(lib_a-memmove.o)
 .ARM.attributes
                0x00000892       0x34 d:/gcc-arm-none-eabi-10.3-2021.10/bin/../lib/gcc/arm-none-eabi/10.3.1/../../../../arm-none-eabi/lib/thumb/v7e-m+fp/hard\libc_nano.a(lib_a-nano-freer.o)
 .ARM.attributes
                0x000008c6       0x34 d:/gcc-arm-none-eabi-10.3-2021.10/bin/../lib/gcc/arm-none-eabi/10.3.1/../../../../arm-none-eabi/lib/thumb/v7e-m+fp/hard\libc_nano.a(lib_a-nano-mallocr.o)
 .ARM.attributes
                0x000008fa       0x34 d:/gcc-arm-none-eabi-10.3-2021.10/bin/../lib/gcc/arm-none-eabi/10.3.1/../../../../arm-none-eabi/lib/thumb/v7e-m+fp/hard\libc_nano.a(lib_a-nano-reallocr.o)
 .ARM.attributes
                0x0000092e       0x34 d:/gcc-arm-none-eabi-10.3-2021.10/bin/../lib/gcc/arm-none-eabi/10.3.1/../../../../arm-none-eabi/lib/thumb/v7e-m+fp/hard\libc_nano.a(lib_a-sbrkr.o)
 .ARM.attributes
                0x00000962       0x34 d:/gcc-arm-none-eabi-10.3-2021.10/bin/../lib/gcc/arm-none-eabi/10.3.1/../../../../arm-none-eabi/lib/thumb/v7e-m+fp/hard\libc_nano.a(lib_a-mlock.o)
 .ARM.attributes
                0x00000996       0x34 d:/gcc-arm-none-eabi-10.3-2021.10/bin/../lib/gcc/arm-none-eabi/10.3.1/../../../../arm-none-eabi/lib/thumb/v7e-m+fp/hard\libc_nano.a(lib_a-nano-msizer.o)
 .ARM.attributes
                0x000009ca       0x34 d:/gcc-arm-none-eabi-10.3-2021.10/bin/../lib/gcc/arm-none-eabi/10.3.1/../../../../arm-none-eabi/lib/thumb/v7e-m+fp/hard\libc_nano.a(lib_a-reent.o)
 .ARM.attributes
                0x000009fe       0x34 d:/gcc-arm-none-eabi-10.3-2021.10/bin/../lib/gcc/arm-none-eabi/10.3.1/../../../../arm-none-eabi/lib/thumb/v7e-m+fp/hard\libc_nano.a(lib_a-lock.o)
 .ARM.attributes
                0x00000a32       0x34 d:/gcc-arm-none-eabi-10.3-2021.10/bin/../lib/gcc/arm-none-eabi/10.3.1/../../../../arm-none-eabi/lib/thumb/v7e-m+fp/hard\libm.a(lib_a-s_cos.o)
 .ARM.attributes
                0x00000a66       0x34 d:/gcc-arm-none-eabi-10.3-2021.10/bin/../lib/gcc/arm-none-eabi/10.3.1/../../../../arm-none-eabi/lib/thumb/v7e-m+fp/hard\libm.a(lib_a-s_round.o)
 .ARM.attributes
                0x00000a9a       0x34 d:/gcc-arm-none-eabi-10.3-2021.10/bin/../lib/gcc/arm-none-eabi/10.3.1/../../../../arm-none-eabi/lib/thumb/v7e-m+fp/hard\libm.a(lib_a-s_sin.o)
 .ARM.attributes
                0x00000ace       0x34 d:/gcc-arm-none-eabi-10.3-2021.10/bin/../lib/gcc/arm-none-eabi/10.3.1/../../../../arm-none-eabi/lib/thumb/v7e-m+fp/hard\libm.a(lib_a-w_fmod.o)
 .ARM.attributes
                0x00000b02       0x34 d:/gcc-arm-none-eabi-10.3-2021.10/bin/../lib/gcc/arm-none-eabi/10.3.1/../../../../arm-none-eabi/lib/thumb/v7e-m+fp/hard\libm.a(lib_a-e_fmod.o)
 .ARM.attributes
                0x00000b36       0x34 d:/gcc-arm-none-eabi-10.3-2021.10/bin/../lib/gcc/arm-none-eabi/10.3.1/../../../../arm-none-eabi/lib/thumb/v7e-m+fp/hard\libm.a(lib_a-e_rem_pio2.o)
 .ARM.attributes
                0x00000b6a       0x34 d:/gcc-arm-none-eabi-10.3-2021.10/bin/../lib/gcc/arm-none-eabi/10.3.1/../../../../arm-none-eabi/lib/thumb/v7e-m+fp/hard\libm.a(lib_a-k_cos.o)
 .ARM.attributes
                0x00000b9e       0x34 d:/gcc-arm-none-eabi-10.3-2021.10/bin/../lib/gcc/arm-none-eabi/10.3.1/../../../../arm-none-eabi/lib/thumb/v7e-m+fp/hard\libm.a(lib_a-k_rem_pio2.o)
 .ARM.attributes
                0x00000bd2       0x34 d:/gcc-arm-none-eabi-10.3-2021.10/bin/../lib/gcc/arm-none-eabi/10.3.1/../../../../arm-none-eabi/lib/thumb/v7e-m+fp/hard\libm.a(lib_a-k_sin.o)
 .ARM.attributes
                0x00000c06       0x34 d:/gcc-arm-none-eabi-10.3-2021.10/bin/../lib/gcc/arm-none-eabi/10.3.1/../../../../arm-none-eabi/lib/thumb/v7e-m+fp/hard\libm.a(lib_a-s_fabs.o)
 .ARM.attributes
                0x00000c3a       0x34 d:/gcc-arm-none-eabi-10.3-2021.10/bin/../lib/gcc/arm-none-eabi/10.3.1/../../../../arm-none-eabi/lib/thumb/v7e-m+fp/hard\libm.a(lib_a-s_floor.o)
 .ARM.attributes
                0x00000c6e       0x34 d:/gcc-arm-none-eabi-10.3-2021.10/bin/../lib/gcc/arm-none-eabi/10.3.1/../../../../arm-none-eabi/lib/thumb/v7e-m+fp/hard\libm.a(lib_a-s_scalbn.o)
 .ARM.attributes
                0x00000ca2       0x34 d:/gcc-arm-none-eabi-10.3-2021.10/bin/../lib/gcc/arm-none-eabi/10.3.1/../../../../arm-none-eabi/lib/thumb/v7e-m+fp/hard\libnosys.a(sbrk.o)
 .ARM.attributes
                0x00000cd6       0x1e d:/gcc-arm-none-eabi-10.3-2021.10/bin/../lib/gcc/arm-none-eabi/10.3.1/thumb/v7e-m+fp/hard\libgcc.a(_arm_addsubdf3.o)
 .ARM.attributes
                0x00000cf4       0x1e d:/gcc-arm-none-eabi-10.3-2021.10/bin/../lib/gcc/arm-none-eabi/10.3.1/thumb/v7e-m+fp/hard\libgcc.a(_arm_muldivdf3.o)
 .ARM.attributes
                0x00000d12       0x1e d:/gcc-arm-none-eabi-10.3-2021.10/bin/../lib/gcc/arm-none-eabi/10.3.1/thumb/v7e-m+fp/hard\libgcc.a(_arm_cmpdf2.o)
 .ARM.attributes
                0x00000d30       0x1e d:/gcc-arm-none-eabi-10.3-2021.10/bin/../lib/gcc/arm-none-eabi/10.3.1/thumb/v7e-m+fp/hard\libgcc.a(_arm_unorddf2.o)
 .ARM.attributes
                0x00000d4e       0x1e d:/gcc-arm-none-eabi-10.3-2021.10/bin/../lib/gcc/arm-none-eabi/10.3.1/thumb/v7e-m+fp/hard\libgcc.a(_arm_fixdfsi.o)
 .ARM.attributes
                0x00000d6c       0x1e d:/gcc-arm-none-eabi-10.3-2021.10/bin/../lib/gcc/arm-none-eabi/10.3.1/thumb/v7e-m+fp/hard\libgcc.a(_arm_truncdfsf2.o)
 .ARM.attributes
                0x00000d8a       0x1e d:/gcc-arm-none-eabi-10.3-2021.10/bin/../lib/gcc/arm-none-eabi/10.3.1/thumb/v7e-m+fp/hard\libgcc.a(_aeabi_uldivmod.o)
 .ARM.attributes
                0x00000da8       0x34 d:/gcc-arm-none-eabi-10.3-2021.10/bin/../lib/gcc/arm-none-eabi/10.3.1/thumb/v7e-m+fp/hard\libgcc.a(_udivmoddi4.o)
 .ARM.attributes
                0x00000ddc       0x1e d:/gcc-arm-none-eabi-10.3-2021.10/bin/../lib/gcc/arm-none-eabi/10.3.1/thumb/v7e-m+fp/hard\libgcc.a(_dvmd_tls.o)
 .ARM.attributes
                0x00000dfa       0x34 d:/gcc-arm-none-eabi-10.3-2021.10/bin/../lib/gcc/arm-none-eabi/10.3.1/../../../../arm-none-eabi/lib/thumb/v7e-m+fp/hard\libc_nano.a(lib_a-errno.o)
 .ARM.attributes
                0x00000e2e       0x1e d:/gcc-arm-none-eabi-10.3-2021.10/bin/../lib/gcc/arm-none-eabi/10.3.1/thumb/v7e-m+fp/hard/crtn.o
OUTPUT(build/FOC.elf elf32-littlearm)
LOAD linker stubs
LOAD d:/gcc-arm-none-eabi-10.3-2021.10/bin/../lib/gcc/arm-none-eabi/10.3.1/../../../../arm-none-eabi/lib/thumb/v7e-m+fp/hard\libc.a
LOAD d:/gcc-arm-none-eabi-10.3-2021.10/bin/../lib/gcc/arm-none-eabi/10.3.1/../../../../arm-none-eabi/lib/thumb/v7e-m+fp/hard\libm.a
LOAD d:/gcc-arm-none-eabi-10.3-2021.10/bin/../lib/gcc/arm-none-eabi/10.3.1/thumb/v7e-m+fp/hard\libgcc.a

.debug_info     0x00000000    0x27dc0
 .debug_info    0x00000000      0xe40 build/main.o
 .debug_info    0x00000e40      0x5dd build/gpio.o
 .debug_info    0x0000141d      0xc3b build/dma.o
 .debug_info    0x00002058     0x1268 build/tim.o
 .debug_info    0x000032c0      0xc95 build/motor.o
 .debug_info    0x00003f55      0xf8c build/usart.o
 .debug_info    0x00004ee1      0xc05 build/stm32f4xx_it.o
 .debug_info    0x00005ae6      0x5ae build/stm32f4xx_hal_msp.o
 .debug_info    0x00006094     0x40cc build/stm32f4xx_hal_tim.o
 .debug_info    0x0000a160     0x1c8f build/stm32f4xx_hal_tim_ex.o
 .debug_info    0x0000bdef      0xc08 build/stm32f4xx_hal_rcc.o
 .debug_info    0x0000c9f7      0x86a build/stm32f4xx_hal_gpio.o
 .debug_info    0x0000d261      0xbd1 build/stm32f4xx_hal_dma.o
 .debug_info    0x0000de32      0x85e build/stm32f4xx_hal_pwr_ex.o
 .debug_info    0x0000e690     0x11c1 build/stm32f4xx_hal_cortex.o
 .debug_info    0x0000f851      0xb55 build/stm32f4xx_hal.o
 .debug_info    0x000103a6     0x432e build/stm32f4xx_hal_uart.o
 .debug_info    0x000146d4      0x5d5 build/system_stm32f4xx.o
 .debug_info    0x00014ca9     0x204d build/spi.o
 .debug_info    0x00016cf6      0x264 build/lcd_fonts.o
 .debug_info    0x00016f5a     0x2039 build/stm32f4xx_hal_spi.o
 .debug_info    0x00018f93      0xdc8 build/stm32f4xx_hal_timebase_tim.o
 .debug_info    0x00019d5b      0xa83 build/freertos.o
 .debug_info    0x0001a7de      0x30f build/list.o
 .debug_info    0x0001aaed     0x2968 build/queue.o
 .debug_info    0x0001d455     0x333f build/tasks.o
 .debug_info    0x00020794     0x1bd3 build/timers.o
 .debug_info    0x00022367      0x61a build/heap_4.o
 .debug_info    0x00022981      0x5c8 build/port.o
 .debug_info    0x00022f49     0x4e55 build/cmsis_os2.o
 .debug_info    0x00027d9e       0x22 build/startup_stm32f429xx.o

.debug_abbrev   0x00000000     0x47d1
 .debug_abbrev  0x00000000      0x243 build/main.o
 .debug_abbrev  0x00000243      0x151 build/gpio.o
 .debug_abbrev  0x00000394      0x1cb build/dma.o
 .debug_abbrev  0x0000055f      0x1f3 build/tim.o
 .debug_abbrev  0x00000752      0x26b build/motor.o
 .debug_abbrev  0x000009bd      0x23e build/usart.o
 .debug_abbrev  0x00000bfb      0x1ce build/stm32f4xx_it.o
 .debug_abbrev  0x00000dc9      0x11c build/stm32f4xx_hal_msp.o
 .debug_abbrev  0x00000ee5      0x289 build/stm32f4xx_hal_tim.o
 .debug_abbrev  0x0000116e      0x29f build/stm32f4xx_hal_tim_ex.o
 .debug_abbrev  0x0000140d      0x2aa build/stm32f4xx_hal_rcc.o
 .debug_abbrev  0x000016b7      0x22b build/stm32f4xx_hal_gpio.o
 .debug_abbrev  0x000018e2      0x2ff build/stm32f4xx_hal_dma.o
 .debug_abbrev  0x00001be1      0x1c3 build/stm32f4xx_hal_pwr_ex.o
 .debug_abbrev  0x00001da4      0x382 build/stm32f4xx_hal_cortex.o
 .debug_abbrev  0x00002126      0x209 build/stm32f4xx_hal.o
 .debug_abbrev  0x0000232f      0x356 build/stm32f4xx_hal_uart.o
 .debug_abbrev  0x00002685      0x11b build/system_stm32f4xx.o
 .debug_abbrev  0x000027a0      0x2e0 build/spi.o
 .debug_abbrev  0x00002a80       0xc1 build/lcd_fonts.o
 .debug_abbrev  0x00002b41      0x2b3 build/stm32f4xx_hal_spi.o
 .debug_abbrev  0x00002df4      0x202 build/stm32f4xx_hal_timebase_tim.o
 .debug_abbrev  0x00002ff6      0x197 build/freertos.o
 .debug_abbrev  0x0000318d      0x124 build/list.o
 .debug_abbrev  0x000032b1      0x3c4 build/queue.o
 .debug_abbrev  0x00003675      0x387 build/tasks.o
 .debug_abbrev  0x000039fc      0x366 build/timers.o
 .debug_abbrev  0x00003d62      0x269 build/heap_4.o
 .debug_abbrev  0x00003fcb      0x28a build/port.o
 .debug_abbrev  0x00004255      0x56a build/cmsis_os2.o
 .debug_abbrev  0x000047bf       0x12 build/startup_stm32f429xx.o

.debug_loc      0x00000000    0x1f9bd
 .debug_loc     0x00000000       0xc8 build/main.o
 .debug_loc     0x000000c8       0x39 build/gpio.o
 .debug_loc     0x00000101       0x38 build/dma.o
 .debug_loc     0x00000139      0x232 build/tim.o
 .debug_loc     0x0000036b      0x2c1 build/motor.o
 .debug_loc     0x0000062c      0x173 build/usart.o
 .debug_loc     0x0000079f       0xe0 build/stm32f4xx_it.o
 .debug_loc     0x0000087f       0x38 build/stm32f4xx_hal_msp.o
 .debug_loc     0x000008b7     0x5be1 build/stm32f4xx_hal_tim.o
 .debug_loc     0x00006498     0x212a build/stm32f4xx_hal_tim_ex.o
 .debug_loc     0x000085c2      0x6e4 build/stm32f4xx_hal_rcc.o
 .debug_loc     0x00008ca6      0x5e8 build/stm32f4xx_hal_gpio.o
 .debug_loc     0x0000928e      0xd6d build/stm32f4xx_hal_dma.o
 .debug_loc     0x00009ffb      0x378 build/stm32f4xx_hal_pwr_ex.o
 .debug_loc     0x0000a373      0x7a4 build/stm32f4xx_hal_cortex.o
 .debug_loc     0x0000ab17      0x1e1 build/stm32f4xx_hal.o
 .debug_loc     0x0000acf8     0x4d30 build/stm32f4xx_hal_uart.o
 .debug_loc     0x0000fa28      0x158 build/system_stm32f4xx.o
 .debug_loc     0x0000fb80      0xda1 build/spi.o
 .debug_loc     0x00010921     0x26ec build/stm32f4xx_hal_spi.o
 .debug_loc     0x0001300d       0xe8 build/stm32f4xx_hal_timebase_tim.o
 .debug_loc     0x000130f5      0x1a7 build/freertos.o
 .debug_loc     0x0001329c       0xe5 build/list.o
 .debug_loc     0x00013381     0x1fe4 build/queue.o
 .debug_loc     0x00015365     0x2c72 build/tasks.o
 .debug_loc     0x00017fd7     0x1586 build/timers.o
 .debug_loc     0x0001955d      0x4e4 build/heap_4.o
 .debug_loc     0x00019a41      0x1c0 build/port.o
 .debug_loc     0x00019c01     0x5dbc build/cmsis_os2.o

.debug_aranges  0x00000000     0x1818
 .debug_aranges
                0x00000000       0x38 build/main.o
 .debug_aranges
                0x00000038       0x20 build/gpio.o
 .debug_aranges
                0x00000058       0x28 build/dma.o
 .debug_aranges
                0x00000080       0x40 build/tim.o
 .debug_aranges
                0x000000c0       0x40 build/motor.o
 .debug_aranges
                0x00000100       0x38 build/usart.o
 .debug_aranges
                0x00000138       0x88 build/stm32f4xx_it.o
 .debug_aranges
                0x000001c0       0x20 build/stm32f4xx_hal_msp.o
 .debug_aranges
                0x000001e0      0x3d0 build/stm32f4xx_hal_tim.o
 .debug_aranges
                0x000005b0      0x168 build/stm32f4xx_hal_tim_ex.o
 .debug_aranges
                0x00000718       0x88 build/stm32f4xx_hal_rcc.o
 .debug_aranges
                0x000007a0       0x58 build/stm32f4xx_hal_gpio.o
 .debug_aranges
                0x000007f8       0x90 build/stm32f4xx_hal_dma.o
 .debug_aranges
                0x00000888       0x60 build/stm32f4xx_hal_pwr_ex.o
 .debug_aranges
                0x000008e8       0xb0 build/stm32f4xx_hal_cortex.o
 .debug_aranges
                0x00000998      0x100 build/stm32f4xx_hal.o
 .debug_aranges
                0x00000a98      0x208 build/stm32f4xx_hal_uart.o
 .debug_aranges
                0x00000ca0       0x28 build/system_stm32f4xx.o
 .debug_aranges
                0x00000cc8       0xc0 build/spi.o
 .debug_aranges
                0x00000d88       0x18 build/lcd_fonts.o
 .debug_aranges
                0x00000da0      0x1d0 build/stm32f4xx_hal_spi.o
 .debug_aranges
                0x00000f70       0x30 build/stm32f4xx_hal_timebase_tim.o
 .debug_aranges
                0x00000fa0       0x48 build/freertos.o
 .debug_aranges
                0x00000fe8       0x40 build/list.o
 .debug_aranges
                0x00001028      0x158 build/queue.o
 .debug_aranges
                0x00001180      0x208 build/tasks.o
 .debug_aranges
                0x00001388       0xf0 build/timers.o
 .debug_aranges
                0x00001478       0x58 build/heap_4.o
 .debug_aranges
                0x000014d0       0x80 build/port.o
 .debug_aranges
                0x00001550      0x2a0 build/cmsis_os2.o
 .debug_aranges
                0x000017f0       0x28 build/startup_stm32f429xx.o

.debug_ranges   0x00000000     0x1958
 .debug_ranges  0x00000000       0x28 build/main.o
 .debug_ranges  0x00000028       0x10 build/gpio.o
 .debug_ranges  0x00000038       0x18 build/dma.o
 .debug_ranges  0x00000050       0x30 build/tim.o
 .debug_ranges  0x00000080       0x30 build/motor.o
 .debug_ranges  0x000000b0       0x28 build/usart.o
 .debug_ranges  0x000000d8       0x78 build/stm32f4xx_it.o
 .debug_ranges  0x00000150       0x10 build/stm32f4xx_hal_msp.o
 .debug_ranges  0x00000160      0x3c0 build/stm32f4xx_hal_tim.o
 .debug_ranges  0x00000520      0x158 build/stm32f4xx_hal_tim_ex.o
 .debug_ranges  0x00000678       0x90 build/stm32f4xx_hal_rcc.o
 .debug_ranges  0x00000708       0x48 build/stm32f4xx_hal_gpio.o
 .debug_ranges  0x00000750       0x80 build/stm32f4xx_hal_dma.o
 .debug_ranges  0x000007d0       0x50 build/stm32f4xx_hal_pwr_ex.o
 .debug_ranges  0x00000820      0x100 build/stm32f4xx_hal_cortex.o
 .debug_ranges  0x00000920       0xf0 build/stm32f4xx_hal.o
 .debug_ranges  0x00000a10      0x210 build/stm32f4xx_hal_uart.o
 .debug_ranges  0x00000c20       0x18 build/system_stm32f4xx.o
 .debug_ranges  0x00000c38      0x110 build/spi.o
 .debug_ranges  0x00000d48      0x1c0 build/stm32f4xx_hal_spi.o
 .debug_ranges  0x00000f08       0x20 build/stm32f4xx_hal_timebase_tim.o
 .debug_ranges  0x00000f28       0x38 build/freertos.o
 .debug_ranges  0x00000f60       0x30 build/list.o
 .debug_ranges  0x00000f90      0x218 build/queue.o
 .debug_ranges  0x000011a8      0x338 build/tasks.o
 .debug_ranges  0x000014e0       0xe0 build/timers.o
 .debug_ranges  0x000015c0       0x48 build/heap_4.o
 .debug_ranges  0x00001608       0x88 build/port.o
 .debug_ranges  0x00001690      0x2a8 build/cmsis_os2.o
 .debug_ranges  0x00001938       0x20 build/startup_stm32f429xx.o

.debug_line     0x00000000    0x1c706
 .debug_line    0x00000000      0x3d7 build/main.o
 .debug_line    0x000003d7      0x206 build/gpio.o
 .debug_line    0x000005dd      0x1dd build/dma.o
 .debug_line    0x000007ba      0x446 build/tim.o
 .debug_line    0x00000c00      0x39d build/motor.o
 .debug_line    0x00000f9d      0x456 build/usart.o
 .debug_line    0x000013f3      0x348 build/stm32f4xx_it.o
 .debug_line    0x0000173b      0x175 build/stm32f4xx_hal_msp.o
 .debug_line    0x000018b0     0x4ab7 build/stm32f4xx_hal_tim.o
 .debug_line    0x00006367     0x1c8e build/stm32f4xx_hal_tim_ex.o
 .debug_line    0x00007ff5      0xaed build/stm32f4xx_hal_rcc.o
 .debug_line    0x00008ae2      0x6d4 build/stm32f4xx_hal_gpio.o
 .debug_line    0x000091b6      0xe03 build/stm32f4xx_hal_dma.o
 .debug_line    0x00009fb9      0x490 build/stm32f4xx_hal_pwr_ex.o
 .debug_line    0x0000a449      0x76f build/stm32f4xx_hal_cortex.o
 .debug_line    0x0000abb8      0x57b build/stm32f4xx_hal.o
 .debug_line    0x0000b133     0x4299 build/stm32f4xx_hal_uart.o
 .debug_line    0x0000f3cc      0x22e build/system_stm32f4xx.o
 .debug_line    0x0000f5fa      0xc46 build/spi.o
 .debug_line    0x00010240       0xea build/lcd_fonts.o
 .debug_line    0x0001032a     0x2588 build/stm32f4xx_hal_spi.o
 .debug_line    0x000128b2      0x2ae build/stm32f4xx_hal_timebase_tim.o
 .debug_line    0x00012b60      0x3e5 build/freertos.o
 .debug_line    0x00012f45      0x337 build/list.o
 .debug_line    0x0001327c     0x2017 build/queue.o
 .debug_line    0x00015293     0x2d56 build/tasks.o
 .debug_line    0x00017fe9      0xeed build/timers.o
 .debug_line    0x00018ed6      0x6ff build/heap_4.o
 .debug_line    0x000195d5      0x6e8 build/port.o
 .debug_line    0x00019cbd     0x29d3 build/cmsis_os2.o
 .debug_line    0x0001c690       0x76 build/startup_stm32f429xx.o

.debug_str      0x00000000     0x7dcd
 .debug_str     0x00000000      0x9e6 build/main.o
                                0xabf (size before relaxing)
 .debug_str     0x000009e6       0xbf build/gpio.o
                                0x391 (size before relaxing)
 .debug_str     0x00000aa5      0x763 build/dma.o
                                0xcbe (size before relaxing)
 .debug_str     0x00001208      0x201 build/tim.o
                               0x104f (size before relaxing)
 .debug_str     0x00001409      0x135 build/motor.o
                                0x877 (size before relaxing)
 .debug_str     0x0000153e      0x28c build/usart.o
                                0xe7a (size before relaxing)
 .debug_str     0x000017ca      0x16c build/stm32f4xx_it.o
                                0xa89 (size before relaxing)
 .debug_str     0x00001936       0x29 build/stm32f4xx_hal_msp.o
                                0x847 (size before relaxing)
 .debug_str     0x0000195f      0xdd1 build/stm32f4xx_hal_tim.o
                               0x16c9 (size before relaxing)
 .debug_str     0x00002730      0x521 build/stm32f4xx_hal_tim_ex.o
                                0xeba (size before relaxing)
 .debug_str     0x00002c51      0x225 build/stm32f4xx_hal_rcc.o
                                0x719 (size before relaxing)
 .debug_str     0x00002e76      0x125 build/stm32f4xx_hal_gpio.o
                                0x4f3 (size before relaxing)
 .debug_str     0x00002f9b      0x2a7 build/stm32f4xx_hal_dma.o
                                0x776 (size before relaxing)
 .debug_str     0x00003242      0x18f build/stm32f4xx_hal_pwr_ex.o
                                0x4de (size before relaxing)
 .debug_str     0x000033d1      0x487 build/stm32f4xx_hal_cortex.o
                                0xca7 (size before relaxing)
 .debug_str     0x00003858      0x2da build/stm32f4xx_hal.o
                                0xc0c (size before relaxing)
 .debug_str     0x00003b32      0x5f0 build/stm32f4xx_hal_uart.o
                                0xd9b (size before relaxing)
 .debug_str     0x00004122       0x47 build/system_stm32f4xx.o
                                0x388 (size before relaxing)
 .debug_str     0x00004169      0x30d build/spi.o
                                0xbac (size before relaxing)
 .debug_str     0x00004476       0x9e build/lcd_fonts.o
                                0x272 (size before relaxing)
 .debug_str     0x00004514      0x4c9 build/stm32f4xx_hal_spi.o
                                0xbfa (size before relaxing)
 .debug_str     0x000049dd       0x4c build/stm32f4xx_hal_timebase_tim.o
                                0xec9 (size before relaxing)
 .debug_str     0x00004a29      0x5b6 build/freertos.o
                                0x86e (size before relaxing)
 .debug_str     0x00004fdf      0x141 build/list.o
                                0x302 (size before relaxing)
 .debug_str     0x00005120      0x9e4 build/queue.o
                                0xd18 (size before relaxing)
 .debug_str     0x00005b04      0xc62 build/tasks.o
                               0x12e7 (size before relaxing)
 .debug_str     0x00006766      0x5d8 build/timers.o
                                0xc48 (size before relaxing)
 .debug_str     0x00006d3e      0x2bf build/heap_4.o
                                0x510 (size before relaxing)
 .debug_str     0x00006ffd      0x191 build/port.o
                                0x482 (size before relaxing)
 .debug_str     0x0000718e      0xc1b build/cmsis_os2.o
                               0x21b9 (size before relaxing)
 .debug_str     0x00007da9       0x24 build/startup_stm32f429xx.o
                                 0x47 (size before relaxing)

.comment        0x00000000       0x49
 .comment       0x00000000       0x49 build/main.o
                                 0x4a (size before relaxing)
 .comment       0x00000049       0x4a build/gpio.o
 .comment       0x00000049       0x4a build/dma.o
 .comment       0x00000049       0x4a build/tim.o
 .comment       0x00000049       0x4a build/motor.o
 .comment       0x00000049       0x4a build/usart.o
 .comment       0x00000049       0x4a build/stm32f4xx_it.o
 .comment       0x00000049       0x4a build/stm32f4xx_hal_msp.o
 .comment       0x00000049       0x4a build/stm32f4xx_hal_tim.o
 .comment       0x00000049       0x4a build/stm32f4xx_hal_tim_ex.o
 .comment       0x00000049       0x4a build/stm32f4xx_hal_rcc.o
 .comment       0x00000049       0x4a build/stm32f4xx_hal_gpio.o
 .comment       0x00000049       0x4a build/stm32f4xx_hal_dma.o